###############################################################################
#
# IAR ELF Linker V8.40.2.214/W32 for ARM                  03/Feb/2020  12:18:04
# Copyright 2007-2019 IAR Systems AB.
#
#    Output file  =
#        C:\Users\hp\Dropbox\Laboratorio di
#        Misure\WorkspaceLMM\Progetto14.2\Debug\Exe\Progetto14.2.out
#    Map file     =
#        C:\Users\hp\Dropbox\Laboratorio di
#        Misure\WorkspaceLMM\Progetto14.2\Debug\List\Progetto14.2.map
#    Command line =
#        -f C:\Users\hp\AppData\Local\Temp\EWBDE2.tmp
#        ("C:\Users\hp\Dropbox\Laboratorio di
#        Misure\WorkspaceLMM\Progetto14.2\Debug\Obj\main.o"
#        "C:\Users\hp\Dropbox\Laboratorio di
#        Misure\WorkspaceLMM\Progetto14.2\Debug\Obj\startup_stm32f30x.o"
#        "C:\Users\hp\Dropbox\Laboratorio di
#        Misure\WorkspaceLMM\Progetto14.2\Debug\Obj\system_stm32f30x.o"
#        --no_out_extension -o "C:\Users\hp\Dropbox\Laboratorio di
#        Misure\WorkspaceLMM\Progetto14.2\Debug\Exe\Progetto14.2.out"
#        --redirect _Printf=_PrintfFullNoMb --redirect _Scanf=_ScanfFullNoMb
#        --map "C:\Users\hp\Dropbox\Laboratorio di
#        Misure\WorkspaceLMM\Progetto14.2\Debug\List\Progetto14.2.map" --config
#        "C:\Program Files (x86)\IAR Systems\Embedded Workbench
#        8.3\arm\config\linker\ST\stm32f303xC.icf" --semihosting --entry
#        __iar_program_start --vfe --text_out locale)
#
###############################################################################

*******************************************************************************
*** RUNTIME MODEL ATTRIBUTES
***

CppFlavor       = *
__SystemLibrary = DLib
__dlib_version  = 6


*******************************************************************************
*** HEAP SELECTION
***

The basic heap was selected because some modules are built with
size limitations (and not runtime checking), and --advanced_heap
was not specified.


*******************************************************************************
*** PLACEMENT SUMMARY
***

"A0":  place at address 0x800'0000 { ro section .intvec };
"P1":  place in [from 0x800'0000 to 0x803'ffff] { ro };
define block CSTACK with size = 8K, alignment = 8 { };
define block HEAP with size = 8K, alignment = 8 { };
"P2":  place in [from 0x2000'0000 to 0x2000'9fff] {
          rw, block CSTACK, block HEAP };

No sections matched the following patterns:

  section .ccmram  in "P3"


  Section          Kind         Address    Size  Object
  -------          ----         -------    ----  ------
"A0":                                     0x188
  .intvec          ro code   0x800'0000   0x188  startup_stm32f30x.o [1]
                           - 0x800'0188   0x188

"P1":                                     0xfa8
  .text            ro code   0x800'0188   0x440  cos_sin64.o [3]
  .text            ro code   0x800'05c8   0x1a2  DblMul.o [3]
  .text            ro code   0x800'076a    0x3a  zero_init3.o [4]
  .text            ro code   0x800'07a4    0x2e  DblCmpLe.o [3]
  .text            ro code   0x800'07d4   0x17a  DblAdd.o [3]
  .text            ro code   0x800'0950    0x3a  DblToS32.o [3]
  .text            ro code   0x800'098c    0x22  S32ToDbl.o [3]
  .text            ro code   0x800'09b0    0xe2  DblSub.o [3]
  .text            ro code   0x800'0a94   0x2cc  main.o [1]
  .text            ro code   0x800'0d60    0x48  FltToDbl.o [3]
  .text            ro code   0x800'0da8    0x12  math_wrappers64.o [3]
  .text            ro code   0x800'0dbc    0x68  DblToFlt.o [3]
  .text            ro code   0x800'0e24   0x128  system_stm32f30x.o [1]
  .text            ro code   0x800'0f4c    0x28  data_init.o [4]
  .text            ro code   0x800'0f74    0x22  fpinit_M.o [3]
  .iar.init_table  const     0x800'0f98    0x10  - Linker created -
  .text            ro code   0x800'0fa8    0x1e  cmain.o [4]
  .text            ro code   0x800'0fc6     0x4  low_level_init.o [2]
  .text            ro code   0x800'0fca     0x4  exit.o [2]
  .text            ro code   0x800'0fd0     0xa  cexit.o [4]
  .text            ro code   0x800'0fdc    0x14  exit.o [5]
  .text            ro code   0x800'0ff0    0x10  startup_stm32f30x.o [1]
  .text            ro code   0x800'1000     0xc  cstartup_M.o [4]
  .text            ro code   0x800'100c     0x4  startup_stm32f30x.o [1]
  .text            ro code   0x800'1010     0x4  startup_stm32f30x.o [1]
  .text            ro code   0x800'1014     0x4  startup_stm32f30x.o [1]
  .text            ro code   0x800'1018     0x4  startup_stm32f30x.o [1]
  .text            ro code   0x800'101c     0x4  startup_stm32f30x.o [1]
  .text            ro code   0x800'1020     0x4  startup_stm32f30x.o [1]
  .text            ro code   0x800'1024     0x4  startup_stm32f30x.o [1]
  .text            ro code   0x800'1028     0x4  startup_stm32f30x.o [1]
  .text            ro code   0x800'102c     0x4  startup_stm32f30x.o [1]
  .text            ro code   0x800'1030     0x4  startup_stm32f30x.o [1]
  .text            ro code   0x800'1034     0x4  startup_stm32f30x.o [1]
  .text            ro code   0x800'1038     0x4  startup_stm32f30x.o [1]
  .text            ro code   0x800'103c     0x4  startup_stm32f30x.o [1]
  .text            ro code   0x800'1040     0x4  startup_stm32f30x.o [1]
  .text            ro code   0x800'1044     0x4  startup_stm32f30x.o [1]
  .text            ro code   0x800'1048     0x4  startup_stm32f30x.o [1]
  .text            ro code   0x800'104c     0x4  startup_stm32f30x.o [1]
  .text            ro code   0x800'1050     0x4  startup_stm32f30x.o [1]
  .text            ro code   0x800'1054     0x4  startup_stm32f30x.o [1]
  .text            ro code   0x800'1058     0x4  startup_stm32f30x.o [1]
  .text            ro code   0x800'105c     0x4  startup_stm32f30x.o [1]
  .text            ro code   0x800'1060     0x4  startup_stm32f30x.o [1]
  .text            ro code   0x800'1064     0x4  startup_stm32f30x.o [1]
  .text            ro code   0x800'1068     0x4  startup_stm32f30x.o [1]
  .text            ro code   0x800'106c     0x4  startup_stm32f30x.o [1]
  .text            ro code   0x800'1070     0x4  startup_stm32f30x.o [1]
  .text            ro code   0x800'1074     0x4  startup_stm32f30x.o [1]
  .text            ro code   0x800'1078     0x4  startup_stm32f30x.o [1]
  .text            ro code   0x800'107c     0x4  startup_stm32f30x.o [1]
  .text            ro code   0x800'1080     0x4  startup_stm32f30x.o [1]
  .text            ro code   0x800'1084     0x4  startup_stm32f30x.o [1]
  .text            ro code   0x800'1088     0x4  startup_stm32f30x.o [1]
  .text            ro code   0x800'108c     0x4  startup_stm32f30x.o [1]
  .text            ro code   0x800'1090     0x4  startup_stm32f30x.o [1]
  .text            ro code   0x800'1094     0x4  startup_stm32f30x.o [1]
  .text            ro code   0x800'1098     0x4  startup_stm32f30x.o [1]
  .text            ro code   0x800'109c     0x4  startup_stm32f30x.o [1]
  .text            ro code   0x800'10a0     0x4  startup_stm32f30x.o [1]
  .text            ro code   0x800'10a4     0x4  startup_stm32f30x.o [1]
  .text            ro code   0x800'10a8     0x4  startup_stm32f30x.o [1]
  .text            ro code   0x800'10ac     0x4  startup_stm32f30x.o [1]
  .text            ro code   0x800'10b0     0x4  startup_stm32f30x.o [1]
  .text            ro code   0x800'10b4     0x4  startup_stm32f30x.o [1]
  .text            ro code   0x800'10b8     0x4  startup_stm32f30x.o [1]
  .text            ro code   0x800'10bc     0x4  startup_stm32f30x.o [1]
  .text            ro code   0x800'10c0     0x4  startup_stm32f30x.o [1]
  .text            ro code   0x800'10c4     0x4  startup_stm32f30x.o [1]
  .text            ro code   0x800'10c8     0x4  startup_stm32f30x.o [1]
  .text            ro code   0x800'10cc     0x4  startup_stm32f30x.o [1]
  .text            ro code   0x800'10d0     0x4  startup_stm32f30x.o [1]
  .text            ro code   0x800'10d4     0x4  startup_stm32f30x.o [1]
  .text            ro code   0x800'10d8     0x4  startup_stm32f30x.o [1]
  .text            ro code   0x800'10dc     0x4  startup_stm32f30x.o [1]
  .text            ro code   0x800'10e0     0x4  startup_stm32f30x.o [1]
  .text            ro code   0x800'10e4     0x4  startup_stm32f30x.o [1]
  .text            ro code   0x800'10e8     0x4  startup_stm32f30x.o [1]
  .text            ro code   0x800'10ec     0x4  startup_stm32f30x.o [1]
  .text            ro code   0x800'10f0     0x4  startup_stm32f30x.o [1]
  .text            ro code   0x800'10f4     0x4  startup_stm32f30x.o [1]
  .text            ro code   0x800'10f8     0x4  startup_stm32f30x.o [1]
  .text            ro code   0x800'10fc     0x4  startup_stm32f30x.o [1]
  .text            ro code   0x800'1100     0x4  startup_stm32f30x.o [1]
  .text            ro code   0x800'1104     0x4  startup_stm32f30x.o [1]
  .text            ro code   0x800'1108     0x4  startup_stm32f30x.o [1]
  .text            ro code   0x800'110c     0x4  startup_stm32f30x.o [1]
  .text            ro code   0x800'1110     0x4  startup_stm32f30x.o [1]
  .text            ro code   0x800'1114     0x4  startup_stm32f30x.o [1]
  .text            ro code   0x800'1118     0x4  startup_stm32f30x.o [1]
  .text            ro code   0x800'111c     0x4  startup_stm32f30x.o [1]
  .text            ro code   0x800'1120     0x4  startup_stm32f30x.o [1]
  .text            ro code   0x800'1124     0x4  startup_stm32f30x.o [1]
  .text            ro code   0x800'1128     0x4  startup_stm32f30x.o [1]
  .text            ro code   0x800'112c     0x4  startup_stm32f30x.o [1]
  .rodata          const     0x800'1130     0x0  zero_init3.o [4]
                           - 0x800'1130   0xfa8

"P2", part 1 of 2:                        0x198
  .bss             zero     0x2000'0000    0xc8  main.o [1]
  .bss             zero     0x2000'00c8    0xc8  main.o [1]
  .bss             zero     0x2000'0190     0x4  main.o [1]
  .bss             zero     0x2000'0194     0x4  main.o [1]
                          - 0x2000'0198   0x198

"P2", part 2 of 2:                       0x2000
  CSTACK                    0x2000'0198  0x2000  <Block>
    CSTACK         uninit   0x2000'0198  0x2000  <Block tail>
                          - 0x2000'2198  0x2000

Unused ranges:

         From           To      Size
         ----           --      ----
   0x800'1130   0x803'ffff  0x3'eed0
  0x2000'2198  0x2000'9fff    0x7e68


*******************************************************************************
*** INIT TABLE
***

          Address      Size
          -------      ----
Zero (__iar_zero_init3)
    1 destination range, total size 0x198:
          0x2000'0000  0x198



*******************************************************************************
*** MODULE SUMMARY
***

    Module               ro code  ro data  rw data
    ------               -------  -------  -------
command line/config:
    ----------------------------------------------
    Total:

C:\Users\hp\Dropbox\Laboratorio di Misure\WorkspaceLMM\Progetto14.2\Debug\Obj: [1]
    main.o                   716               408
    startup_stm32f30x.o      700
    system_stm32f30x.o       296
    ----------------------------------------------
    Total:                 1'712               408

dl7M_tlf.a: [2]
    exit.o                     4
    low_level_init.o           4
    ----------------------------------------------
    Total:                     8

m7M_tls.a: [3]
    DblAdd.o                 378
    DblCmpLe.o                46
    DblMul.o                 418
    DblSub.o                 226
    DblToFlt.o               104
    DblToS32.o                58
    FltToDbl.o                72
    S32ToDbl.o                34
    cos_sin64.o            1'088
    fpinit_M.o                34
    math_wrappers64.o         18
    ----------------------------------------------
    Total:                 2'476

rt7M_tl.a: [4]
    cexit.o                   10
    cmain.o                   30
    cstartup_M.o              12
    data_init.o               40
    zero_init3.o              58
    ----------------------------------------------
    Total:                   150

shb_l.a: [5]
    exit.o                    20
    ----------------------------------------------
    Total:                    20

    Gaps                      16        2
    Linker created                     16    8'192
--------------------------------------------------
    Grand Total:           4'382       18    8'600


*******************************************************************************
*** ENTRY LIST
***

Entry                       Address   Size  Type      Object
-----                       -------   ----  ----      ------
.iar.init_table$$Base    0x800'0f98          --   Gb  - Linker created -
.iar.init_table$$Limit   0x800'0fa8          --   Gb  - Linker created -
?main                    0x800'0fa9         Code  Gb  cmain.o [4]
ADC1_2_IRQHandler        0x800'0c95   0x16  Code  Gb  main.o [1]
CSTACK$$Base            0x2000'0198          --   Gb  - Linker created -
CSTACK$$Limit           0x2000'2198          --   Gb  - Linker created -
LUT                     0x2000'0000   0xc8  Data  Gb  main.o [1]
LUT2                    0x2000'00c8   0xc8  Data  Gb  main.o [1]
Region$$Table$$Base      0x800'0f98          --   Gb  - Linker created -
Region$$Table$$Limit     0x800'0fa8          --   Gb  - Linker created -
SetSysClock              0x800'0e85   0x9a  Code  Lc  system_stm32f30x.o [1]
SystemInit               0x800'0e25   0x60  Code  Gb  system_stm32f30x.o [1]
TIM7_IRQHandler          0x800'0cab   0x3a  Code  Gb  main.o [1]
__aeabi_cdcmple          0x800'07a5         Code  Gb  DblCmpLe.o [3]
__aeabi_d2f              0x800'0dbd         Code  Gb  DblToFlt.o [3]
__aeabi_d2iz             0x800'0951         Code  Gb  DblToS32.o [3]
__aeabi_dadd             0x800'07d5         Code  Gb  DblAdd.o [3]
__aeabi_dmul             0x800'05c9         Code  Gb  DblMul.o [3]
__aeabi_dsub             0x800'09b1         Code  Gb  DblSub.o [3]
__aeabi_f2d              0x800'0d61         Code  Gb  FltToDbl.o [3]
__aeabi_i2d              0x800'098d         Code  Gb  S32ToDbl.o [3]
__cmain                  0x800'0fa9         Code  Gb  cmain.o [4]
__exit                   0x800'0fdd   0x14  Code  Gb  exit.o [5]
__iar_Sin64              0x800'0189  0x3aa  Code  Lc  cos_sin64.o [3]
__iar_dadd               0x800'09c1         Code  Gb  DblSub.o [3]
__iar_data_init3         0x800'0f4d   0x28  Code  Gb  data_init.o [4]
__iar_dsub               0x800'07e5         Code  Gb  DblAdd.o [3]
__iar_dsubStart          0x800'07f7         Code  Gb  DblAdd.o [3]
__iar_init_vfp           0x800'0f75         Code  Gb  fpinit_M.o [3]
__iar_program_start      0x800'1001         Code  Gb  cstartup_M.o [4]
__iar_sin64              0x800'05c5    0x4  Code  Gb  cos_sin64.o [3]
__iar_sin_medium         0x800'05c5    0x4  Code  Gb  cos_sin64.o [3]
__iar_sin_medium64       0x800'05c5    0x4  Code  Gb  cos_sin64.o [3]
__iar_sin_mediuml        0x800'05c5    0x4  Code  Gb  cos_sin64.o [3]
__iar_vfp_sin            0x800'0daf    0xc  Code  Gb  math_wrappers64.o [3]
__iar_zero_init3         0x800'076b   0x3a  Code  Gb  zero_init3.o [4]
__low_level_init         0x800'0fc7    0x4  Code  Gb  low_level_init.o [2]
__vector_table           0x800'0000         Data  Gb  startup_stm32f30x.o [1]
_call_main               0x800'0fb5         Code  Gb  cmain.o [4]
_exit                    0x800'0fd1         Code  Gb  cexit.o [4]
_main                    0x800'0fc3         Code  Gb  cmain.o [4]
cont_cod                0x2000'0190    0x4  Data  Gb  main.o [1]
cont_mis                0x2000'0194    0x4  Data  Gb  main.o [1]
exit                     0x800'0fcb    0x4  Code  Gb  exit.o [2]
main                     0x800'0a95  0x200  Code  Gb  main.o [1]
sin                      0x800'05c5    0x4  Code  Gb  cos_sin64.o [3]
sinl                     0x800'05c5    0x4  Code  Gb  cos_sin64.o [3]


[1] = C:\Users\hp\Dropbox\Laboratorio di Misure\WorkspaceLMM\Progetto14.2\Debug\Obj
[2] = dl7M_tlf.a
[3] = m7M_tls.a
[4] = rt7M_tl.a
[5] = shb_l.a

  4'382 bytes of readonly  code memory
     18 bytes of readonly  data memory
  8'600 bytes of readwrite data memory

Errors: none
Warnings: none
