###############################################################################
#
# IAR ELF Linker V8.40.2.214/W32 for ARM                  03/Feb/2020  22:10:06
# Copyright 2007-2019 IAR Systems AB.
#
#    Output file  =
#        C:\Users\hp\Dropbox\Laboratorio di
#        Misure\WorkspaceLMM\Esami\Traccia2_2018-12-18\Debug\Exe\Traccia2_2018-12-18.out
#    Map file     =
#        C:\Users\hp\Dropbox\Laboratorio di
#        Misure\WorkspaceLMM\Esami\Traccia2_2018-12-18\Debug\List\Traccia2_2018-12-18.map
#    Command line =
#        -f C:\Users\hp\AppData\Local\Temp\EWCA26.tmp
#        ("C:\Users\hp\Dropbox\Laboratorio di
#        Misure\WorkspaceLMM\Esami\Traccia2_2018-12-18\Debug\Obj\main.o"
#        "C:\Users\hp\Dropbox\Laboratorio di
#        Misure\WorkspaceLMM\Esami\Traccia2_2018-12-18\Debug\Obj\startup_stm32f30x.o"
#        "C:\Users\hp\Dropbox\Laboratorio di
#        Misure\WorkspaceLMM\Esami\Traccia2_2018-12-18\Debug\Obj\system_stm32f30x.o"
#        --no_out_extension -o "C:\Users\hp\Dropbox\Laboratorio di
#        Misure\WorkspaceLMM\Esami\Traccia2_2018-12-18\Debug\Exe\Traccia2_2018-12-18.out"
#        --redirect _Printf=_PrintfFullNoMb --redirect _Scanf=_ScanfFullNoMb
#        --map "C:\Users\hp\Dropbox\Laboratorio di
#        Misure\WorkspaceLMM\Esami\Traccia2_2018-12-18\Debug\List\Traccia2_2018-12-18.map"
#        --config "C:\Program Files (x86)\IAR Systems\Embedded Workbench
#        8.3\arm\config\linker\ST\stm32f303xC.icf" --semihosting --entry
#        __iar_program_start --vfe --text_out locale)
#
###############################################################################

*******************************************************************************
*** RUNTIME MODEL ATTRIBUTES
***

CppFlavor       = *
__SystemLibrary = DLib
__dlib_version  = 6


*******************************************************************************
*** HEAP SELECTION
***

The basic heap was selected because some modules are built with
size limitations (and not runtime checking), and --advanced_heap
was not specified.


*******************************************************************************
*** PLACEMENT SUMMARY
***

"A0":  place at address 0x800'0000 { ro section .intvec };
"P1":  place in [from 0x800'0000 to 0x803'ffff] { ro };
define block CSTACK with size = 8K, alignment = 8 { };
define block HEAP with size = 8K, alignment = 8 { };
"P2":  place in [from 0x2000'0000 to 0x2000'9fff] {
          rw, block CSTACK, block HEAP };
initialize by copy { rw };

No sections matched the following patterns:

  section .ccmram  in "P3"


  Section            Kind         Address    Size  Object
  -------            ----         -------    ----  ------
"A0":                                       0x188
  .intvec            ro code   0x800'0000   0x188  startup_stm32f30x.o [1]
                             - 0x800'0188   0x188

"P1":                                      0x107c
  .text              ro code   0x800'0188   0x41c  cos_sin64.o [3]
  .text              ro code   0x800'05a4   0x1a2  DblMul.o [3]
  .text              ro code   0x800'0746    0x3a  zero_init3.o [4]
  .text              ro code   0x800'0780    0x2e  DblCmpLe.o [3]
  .text              ro code   0x800'07ae    0x2e  copy_init3.o [4]
  .text              ro code   0x800'07dc   0x17a  DblAdd.o [3]
  .text              ro code   0x800'0958    0x3a  DblToS32.o [3]
  .text              ro code   0x800'0994    0x22  S32ToDbl.o [3]
  .text              ro code   0x800'09b8    0xe2  DblSub.o [3]
  .text              ro code   0x800'0a9c   0x2a4  main.o [1]
  .text              ro code   0x800'0d40    0x48  FltToDbl.o [3]
  .text              ro code   0x800'0d88    0x24  S32ToFlt.o [3]
  .text              ro code   0x800'0dac    0xfc  FltDiv.o [3]
  .text              ro code   0x800'0ea8    0x68  DblToFlt.o [3]
  .text              ro code   0x800'0f10   0x118  system_stm32f30x.o [1]
  .text              ro code   0x800'1028    0x28  data_init.o [4]
  .iar.init_table    const     0x800'1050    0x24  - Linker created -
  .text              ro code   0x800'1074    0x1e  cmain.o [4]
  .text              ro code   0x800'1092     0x4  low_level_init.o [2]
  .text              ro code   0x800'1096     0x4  exit.o [2]
  .text              ro code   0x800'109c     0xa  cexit.o [4]
  .text              ro code   0x800'10a8    0x14  exit.o [5]
  .text              ro code   0x800'10bc    0x10  startup_stm32f30x.o [1]
  .text              ro code   0x800'10cc     0xc  cstartup_M.o [4]
  Initializer bytes  const     0x800'10d8     0x8  <for P2-1>
  .text              ro code   0x800'10e0     0x4  startup_stm32f30x.o [1]
  .text              ro code   0x800'10e4     0x4  startup_stm32f30x.o [1]
  .text              ro code   0x800'10e8     0x4  startup_stm32f30x.o [1]
  .text              ro code   0x800'10ec     0x4  startup_stm32f30x.o [1]
  .text              ro code   0x800'10f0     0x4  startup_stm32f30x.o [1]
  .text              ro code   0x800'10f4     0x4  startup_stm32f30x.o [1]
  .text              ro code   0x800'10f8     0x4  startup_stm32f30x.o [1]
  .text              ro code   0x800'10fc     0x4  startup_stm32f30x.o [1]
  .text              ro code   0x800'1100     0x4  startup_stm32f30x.o [1]
  .text              ro code   0x800'1104     0x4  startup_stm32f30x.o [1]
  .text              ro code   0x800'1108     0x4  startup_stm32f30x.o [1]
  .text              ro code   0x800'110c     0x4  startup_stm32f30x.o [1]
  .text              ro code   0x800'1110     0x4  startup_stm32f30x.o [1]
  .text              ro code   0x800'1114     0x4  startup_stm32f30x.o [1]
  .text              ro code   0x800'1118     0x4  startup_stm32f30x.o [1]
  .text              ro code   0x800'111c     0x4  startup_stm32f30x.o [1]
  .text              ro code   0x800'1120     0x4  startup_stm32f30x.o [1]
  .text              ro code   0x800'1124     0x4  startup_stm32f30x.o [1]
  .text              ro code   0x800'1128     0x4  startup_stm32f30x.o [1]
  .text              ro code   0x800'112c     0x4  startup_stm32f30x.o [1]
  .text              ro code   0x800'1130     0x4  startup_stm32f30x.o [1]
  .text              ro code   0x800'1134     0x4  startup_stm32f30x.o [1]
  .text              ro code   0x800'1138     0x4  startup_stm32f30x.o [1]
  .text              ro code   0x800'113c     0x4  startup_stm32f30x.o [1]
  .text              ro code   0x800'1140     0x4  startup_stm32f30x.o [1]
  .text              ro code   0x800'1144     0x4  startup_stm32f30x.o [1]
  .text              ro code   0x800'1148     0x4  startup_stm32f30x.o [1]
  .text              ro code   0x800'114c     0x4  startup_stm32f30x.o [1]
  .text              ro code   0x800'1150     0x4  startup_stm32f30x.o [1]
  .text              ro code   0x800'1154     0x4  startup_stm32f30x.o [1]
  .text              ro code   0x800'1158     0x4  startup_stm32f30x.o [1]
  .text              ro code   0x800'115c     0x4  startup_stm32f30x.o [1]
  .text              ro code   0x800'1160     0x4  startup_stm32f30x.o [1]
  .text              ro code   0x800'1164     0x4  startup_stm32f30x.o [1]
  .text              ro code   0x800'1168     0x4  startup_stm32f30x.o [1]
  .text              ro code   0x800'116c     0x4  startup_stm32f30x.o [1]
  .text              ro code   0x800'1170     0x4  startup_stm32f30x.o [1]
  .text              ro code   0x800'1174     0x4  startup_stm32f30x.o [1]
  .text              ro code   0x800'1178     0x4  startup_stm32f30x.o [1]
  .text              ro code   0x800'117c     0x4  startup_stm32f30x.o [1]
  .text              ro code   0x800'1180     0x4  startup_stm32f30x.o [1]
  .text              ro code   0x800'1184     0x4  startup_stm32f30x.o [1]
  .text              ro code   0x800'1188     0x4  startup_stm32f30x.o [1]
  .text              ro code   0x800'118c     0x4  startup_stm32f30x.o [1]
  .text              ro code   0x800'1190     0x4  startup_stm32f30x.o [1]
  .text              ro code   0x800'1194     0x4  startup_stm32f30x.o [1]
  .text              ro code   0x800'1198     0x4  startup_stm32f30x.o [1]
  .text              ro code   0x800'119c     0x4  startup_stm32f30x.o [1]
  .text              ro code   0x800'11a0     0x4  startup_stm32f30x.o [1]
  .text              ro code   0x800'11a4     0x4  startup_stm32f30x.o [1]
  .text              ro code   0x800'11a8     0x4  startup_stm32f30x.o [1]
  .text              ro code   0x800'11ac     0x4  startup_stm32f30x.o [1]
  .text              ro code   0x800'11b0     0x4  startup_stm32f30x.o [1]
  .text              ro code   0x800'11b4     0x4  startup_stm32f30x.o [1]
  .text              ro code   0x800'11b8     0x4  startup_stm32f30x.o [1]
  .text              ro code   0x800'11bc     0x4  startup_stm32f30x.o [1]
  .text              ro code   0x800'11c0     0x4  startup_stm32f30x.o [1]
  .text              ro code   0x800'11c4     0x4  startup_stm32f30x.o [1]
  .text              ro code   0x800'11c8     0x4  startup_stm32f30x.o [1]
  .text              ro code   0x800'11cc     0x4  startup_stm32f30x.o [1]
  .text              ro code   0x800'11d0     0x4  startup_stm32f30x.o [1]
  .text              ro code   0x800'11d4     0x4  startup_stm32f30x.o [1]
  .text              ro code   0x800'11d8     0x4  startup_stm32f30x.o [1]
  .text              ro code   0x800'11dc     0x4  startup_stm32f30x.o [1]
  .text              ro code   0x800'11e0     0x4  startup_stm32f30x.o [1]
  .text              ro code   0x800'11e4     0x4  startup_stm32f30x.o [1]
  .text              ro code   0x800'11e8     0x4  startup_stm32f30x.o [1]
  .text              ro code   0x800'11ec     0x4  startup_stm32f30x.o [1]
  .text              ro code   0x800'11f0     0x4  startup_stm32f30x.o [1]
  .text              ro code   0x800'11f4     0x4  startup_stm32f30x.o [1]
  .text              ro code   0x800'11f8     0x4  startup_stm32f30x.o [1]
  .text              ro code   0x800'11fc     0x4  startup_stm32f30x.o [1]
  .text              ro code   0x800'1200     0x4  startup_stm32f30x.o [1]
  .rodata            const     0x800'1204     0x0  zero_init3.o [4]
  .rodata            const     0x800'1204     0x0  copy_init3.o [4]
                             - 0x800'1204  0x107c

"P2", part 1 of 3:                            0x8
  P2-1                        0x2000'0000     0x8  <Init block>
    .data            inited   0x2000'0000     0x4  main.o [1]
    .data            inited   0x2000'0004     0x4  main.o [1]
                            - 0x2000'0008     0x8

"P2", part 2 of 3:                          0x19c
  .bss               zero     0x2000'0008    0xc8  main.o [1]
  .bss               zero     0x2000'00d0    0xc8  main.o [1]
  .bss               zero     0x2000'0198     0x4  main.o [1]
  .bss               zero     0x2000'019c     0x4  main.o [1]
  .bss               zero     0x2000'01a0     0x4  main.o [1]
                            - 0x2000'01a4   0x19c

"P2", part 3 of 3:                         0x2000
  CSTACK                      0x2000'01a8  0x2000  <Block>
    CSTACK           uninit   0x2000'01a8  0x2000  <Block tail>
                            - 0x2000'21a8  0x2000

Unused ranges:

         From           To      Size
         ----           --      ----
   0x800'1204   0x803'ffff  0x3'edfc
  0x2000'01a4  0x2000'01a7       0x4
  0x2000'21a8  0x2000'9fff    0x7e58


*******************************************************************************
*** INIT TABLE
***

          Address      Size
          -------      ----
Zero (__iar_zero_init3)
    1 destination range, total size 0x19c:
          0x2000'0008  0x19c

Copy (__iar_copy_init3)
    1 source range, total size 0x8:
           0x800'10d8    0x8
    1 destination range, total size 0x8:
          0x2000'0000    0x8



*******************************************************************************
*** MODULE SUMMARY
***

    Module               ro code  ro data  rw data
    ------               -------  -------  -------
command line/config:
    ----------------------------------------------
    Total:

C:\Users\hp\Dropbox\Laboratorio di Misure\WorkspaceLMM\Esami\Traccia2_2018-12-18\Debug\Obj: [1]
    main.o                   676        8      420
    startup_stm32f30x.o      700
    system_stm32f30x.o       280
    ----------------------------------------------
    Total:                 1'656        8      420

dl7M_tlf.a: [2]
    exit.o                     4
    low_level_init.o           4
    ----------------------------------------------
    Total:                     8

m7M_tl.a: [3]
    DblAdd.o                 378
    DblCmpLe.o                46
    DblMul.o                 418
    DblSub.o                 226
    DblToFlt.o               104
    DblToS32.o                58
    FltDiv.o                 252
    FltToDbl.o                72
    S32ToDbl.o                34
    S32ToFlt.o                36
    cos_sin64.o            1'052
    ----------------------------------------------
    Total:                 2'676

rt7M_tl.a: [4]
    cexit.o                   10
    cmain.o                   30
    copy_init3.o              46
    cstartup_M.o              12
    data_init.o               40
    zero_init3.o              58
    ----------------------------------------------
    Total:                   196

shb_l.a: [5]
    exit.o                    20
    ----------------------------------------------
    Total:                    20

    Gaps                      12
    Linker created                     36    8'192
--------------------------------------------------
    Grand Total:           4'568       44    8'612


*******************************************************************************
*** ENTRY LIST
***

Entry                       Address   Size  Type      Object
-----                       -------   ----  ----      ------
.iar.init_table$$Base    0x800'1050          --   Gb  - Linker created -
.iar.init_table$$Limit   0x800'1074          --   Gb  - Linker created -
?main                    0x800'1075         Code  Gb  cmain.o [4]
ADC1_2_IRQHandler        0x800'0c6f   0x16  Code  Gb  main.o [1]
CSTACK$$Base            0x2000'01a8          --   Gb  - Linker created -
CSTACK$$Limit           0x2000'21a8          --   Gb  - Linker created -
LUT                     0x2000'0008   0xc8  Data  Gb  main.o [1]
LUT2                    0x2000'00d0   0xc8  Data  Gb  main.o [1]
Region$$Table$$Base      0x800'1050          --   Gb  - Linker created -
Region$$Table$$Limit     0x800'1074          --   Gb  - Linker created -
SetSysClock              0x800'0f67   0x9a  Code  Lc  system_stm32f30x.o [1]
SystemInit               0x800'0f11   0x56  Code  Gb  system_stm32f30x.o [1]
TIM2_IRQHandler          0x800'0c85   0x3a  Code  Gb  main.o [1]
Vmis                    0x2000'01a0    0x4  Data  Gb  main.o [1]
__aeabi_cdcmple          0x800'0781         Code  Gb  DblCmpLe.o [3]
__aeabi_d2f              0x800'0ea9         Code  Gb  DblToFlt.o [3]
__aeabi_d2iz             0x800'0959         Code  Gb  DblToS32.o [3]
__aeabi_dadd             0x800'07dd         Code  Gb  DblAdd.o [3]
__aeabi_dmul             0x800'05a5         Code  Gb  DblMul.o [3]
__aeabi_dsub             0x800'09b9         Code  Gb  DblSub.o [3]
__aeabi_f2d              0x800'0d41         Code  Gb  FltToDbl.o [3]
__aeabi_fdiv             0x800'0dad         Code  Gb  FltDiv.o [3]
__aeabi_i2d              0x800'0995         Code  Gb  S32ToDbl.o [3]
__aeabi_i2f              0x800'0d89         Code  Gb  S32ToFlt.o [3]
__cmain                  0x800'1075         Code  Gb  cmain.o [4]
__exit                   0x800'10a9   0x14  Code  Gb  exit.o [5]
__iar_Sin64              0x800'0189  0x38c  Code  Lc  cos_sin64.o [3]
__iar_copy_init3         0x800'07af   0x2e  Code  Gb  copy_init3.o [4]
__iar_dadd               0x800'09c9         Code  Gb  DblSub.o [3]
__iar_data_init3         0x800'1029   0x28  Code  Gb  data_init.o [4]
__iar_dsub               0x800'07ed         Code  Gb  DblAdd.o [3]
__iar_dsubStart          0x800'07ff         Code  Gb  DblAdd.o [3]
__iar_program_start      0x800'10cd         Code  Gb  cstartup_M.o [4]
__iar_sin64              0x800'05a1    0x4  Code  Gb  cos_sin64.o [3]
__iar_sin_medium         0x800'05a1    0x4  Code  Gb  cos_sin64.o [3]
__iar_sin_medium64       0x800'05a1    0x4  Code  Gb  cos_sin64.o [3]
__iar_sin_mediuml        0x800'05a1    0x4  Code  Gb  cos_sin64.o [3]
__iar_zero_init3         0x800'0747   0x3a  Code  Gb  zero_init3.o [4]
__low_level_init         0x800'1093    0x4  Code  Gb  low_level_init.o [2]
__vector_table           0x800'0000         Data  Gb  startup_stm32f30x.o [1]
_call_main               0x800'1081         Code  Gb  cmain.o [4]
_exit                    0x800'109d         Code  Gb  cexit.o [4]
_main                    0x800'108f         Code  Gb  cmain.o [4]
ampiezza                0x2000'0000    0x4  Data  Gb  main.o [1]
cont                    0x2000'0198    0x4  Data  Gb  main.o [1]
cont2                   0x2000'019c    0x4  Data  Gb  main.o [1]
exit                     0x800'1097    0x4  Code  Gb  exit.o [2]
main                     0x800'0a9d  0x1d2  Code  Gb  main.o [1]
offset                  0x2000'0004    0x4  Data  Gb  main.o [1]
sin                      0x800'05a1    0x4  Code  Gb  cos_sin64.o [3]
sinl                     0x800'05a1    0x4  Code  Gb  cos_sin64.o [3]


[1] = C:\Users\hp\Dropbox\Laboratorio di Misure\WorkspaceLMM\Esami\Traccia2_2018-12-18\Debug\Obj
[2] = dl7M_tlf.a
[3] = m7M_tl.a
[4] = rt7M_tl.a
[5] = shb_l.a

  4'568 bytes of readonly  code memory
     44 bytes of readonly  data memory
  8'612 bytes of readwrite data memory

Errors: none
Warnings: none
