###############################################################################
#
# IAR ELF Linker V8.40.2.214/W32 for ARM                  03/Feb/2020  13:01:55
# Copyright 2007-2019 IAR Systems AB.
#
#    Output file  =
#        C:\Users\hp\Dropbox\Laboratorio di
#        Misure\WorkspaceLMM\RIFATTI\Progetto15.2\Debug\Exe\Progetto15.2.out
#    Map file     =
#        C:\Users\hp\Dropbox\Laboratorio di
#        Misure\WorkspaceLMM\RIFATTI\Progetto15.2\Debug\List\Progetto15.2.map
#    Command line =
#        -f C:\Users\hp\AppData\Local\Temp\EWE2E7.tmp
#        ("C:\Users\hp\Dropbox\Laboratorio di
#        Misure\WorkspaceLMM\RIFATTI\Progetto15.2\Debug\Obj\main.o"
#        "C:\Users\hp\Dropbox\Laboratorio di
#        Misure\WorkspaceLMM\RIFATTI\Progetto15.2\Debug\Obj\startup_stm32f30x.o"
#        "C:\Users\hp\Dropbox\Laboratorio di
#        Misure\WorkspaceLMM\RIFATTI\Progetto15.2\Debug\Obj\system_stm32f30x.o"
#        --no_out_extension -o "C:\Users\hp\Dropbox\Laboratorio di
#        Misure\WorkspaceLMM\RIFATTI\Progetto15.2\Debug\Exe\Progetto15.2.out"
#        --redirect _Printf=_PrintfFullNoMb --redirect _Scanf=_ScanfFullNoMb
#        --map "C:\Users\hp\Dropbox\Laboratorio di
#        Misure\WorkspaceLMM\RIFATTI\Progetto15.2\Debug\List\Progetto15.2.map"
#        --config "C:\Program Files (x86)\IAR Systems\Embedded Workbench
#        8.3\arm\config\linker\ST\stm32f303xC.icf" --semihosting --entry
#        __iar_program_start --vfe --text_out locale)
#
###############################################################################

*******************************************************************************
*** RUNTIME MODEL ATTRIBUTES
***

CppFlavor       = *
__SystemLibrary = DLib
__dlib_version  = 6


*******************************************************************************
*** HEAP SELECTION
***

The basic heap was selected because some modules are built with
size limitations (and not runtime checking), and --advanced_heap
was not specified.


*******************************************************************************
*** PLACEMENT SUMMARY
***

"A0":  place at address 0x800'0000 { ro section .intvec };
"P1":  place in [from 0x800'0000 to 0x803'ffff] { ro };
define block CSTACK with size = 8K, alignment = 8 { };
define block HEAP with size = 8K, alignment = 8 { };
"P2":  place in [from 0x2000'0000 to 0x2000'9fff] {
          rw, block CSTACK, block HEAP };
initialize by copy { rw };

No sections matched the following patterns:

  section .ccmram  in "P3"


  Section            Kind         Address    Size  Object
  -------            ----         -------    ----  ------
"A0":                                       0x188
  .intvec            ro code   0x800'0000   0x188  startup_stm32f30x.o [1]
                             - 0x800'0188   0x188

"P1":                                      0x11d8
  .text              ro code   0x800'0188   0x41c  cos_sin64.o [3]
  .text              ro code   0x800'05a4   0x1a2  DblMul.o [3]
  .text              ro code   0x800'0746    0x3a  zero_init3.o [4]
  .text              ro code   0x800'0780    0x2e  DblCmpLe.o [3]
  .text              ro code   0x800'07ae    0x2e  copy_init3.o [4]
  .text              ro code   0x800'07dc   0x17a  DblAdd.o [3]
  .text              ro code   0x800'0958    0x3a  DblToS32.o [3]
  .text              ro code   0x800'0994    0x22  S32ToDbl.o [3]
  .text              ro code   0x800'09b8    0xe2  DblSub.o [3]
  .text              ro code   0x800'0a9c   0x2b4  main.o [1]
  .text              ro code   0x800'0d50    0x48  FltToDbl.o [3]
  .text              ro code   0x800'0d98    0x24  S32ToFlt.o [3]
  .text              ro code   0x800'0dbc   0x246  DblDiv.o [3]
  .text              ro code   0x800'1004    0x68  DblToFlt.o [3]
  .text              ro code   0x800'106c   0x118  system_stm32f30x.o [1]
  .text              ro code   0x800'1184    0x28  data_init.o [4]
  .iar.init_table    const     0x800'11ac    0x24  - Linker created -
  .text              ro code   0x800'11d0    0x1e  cmain.o [4]
  .text              ro code   0x800'11ee     0x4  low_level_init.o [2]
  .text              ro code   0x800'11f2     0x4  exit.o [2]
  .text              ro code   0x800'11f8     0xa  cexit.o [4]
  .text              ro code   0x800'1204    0x14  exit.o [5]
  .text              ro code   0x800'1218    0x10  startup_stm32f30x.o [1]
  .text              ro code   0x800'1228     0xc  cstartup_M.o [4]
  Initializer bytes  const     0x800'1234     0x8  <for P2-1>
  .text              ro code   0x800'123c     0x4  startup_stm32f30x.o [1]
  .text              ro code   0x800'1240     0x4  startup_stm32f30x.o [1]
  .text              ro code   0x800'1244     0x4  startup_stm32f30x.o [1]
  .text              ro code   0x800'1248     0x4  startup_stm32f30x.o [1]
  .text              ro code   0x800'124c     0x4  startup_stm32f30x.o [1]
  .text              ro code   0x800'1250     0x4  startup_stm32f30x.o [1]
  .text              ro code   0x800'1254     0x4  startup_stm32f30x.o [1]
  .text              ro code   0x800'1258     0x4  startup_stm32f30x.o [1]
  .text              ro code   0x800'125c     0x4  startup_stm32f30x.o [1]
  .text              ro code   0x800'1260     0x4  startup_stm32f30x.o [1]
  .text              ro code   0x800'1264     0x4  startup_stm32f30x.o [1]
  .text              ro code   0x800'1268     0x4  startup_stm32f30x.o [1]
  .text              ro code   0x800'126c     0x4  startup_stm32f30x.o [1]
  .text              ro code   0x800'1270     0x4  startup_stm32f30x.o [1]
  .text              ro code   0x800'1274     0x4  startup_stm32f30x.o [1]
  .text              ro code   0x800'1278     0x4  startup_stm32f30x.o [1]
  .text              ro code   0x800'127c     0x4  startup_stm32f30x.o [1]
  .text              ro code   0x800'1280     0x4  startup_stm32f30x.o [1]
  .text              ro code   0x800'1284     0x4  startup_stm32f30x.o [1]
  .text              ro code   0x800'1288     0x4  startup_stm32f30x.o [1]
  .text              ro code   0x800'128c     0x4  startup_stm32f30x.o [1]
  .text              ro code   0x800'1290     0x4  startup_stm32f30x.o [1]
  .text              ro code   0x800'1294     0x4  startup_stm32f30x.o [1]
  .text              ro code   0x800'1298     0x4  startup_stm32f30x.o [1]
  .text              ro code   0x800'129c     0x4  startup_stm32f30x.o [1]
  .text              ro code   0x800'12a0     0x4  startup_stm32f30x.o [1]
  .text              ro code   0x800'12a4     0x4  startup_stm32f30x.o [1]
  .text              ro code   0x800'12a8     0x4  startup_stm32f30x.o [1]
  .text              ro code   0x800'12ac     0x4  startup_stm32f30x.o [1]
  .text              ro code   0x800'12b0     0x4  startup_stm32f30x.o [1]
  .text              ro code   0x800'12b4     0x4  startup_stm32f30x.o [1]
  .text              ro code   0x800'12b8     0x4  startup_stm32f30x.o [1]
  .text              ro code   0x800'12bc     0x4  startup_stm32f30x.o [1]
  .text              ro code   0x800'12c0     0x4  startup_stm32f30x.o [1]
  .text              ro code   0x800'12c4     0x4  startup_stm32f30x.o [1]
  .text              ro code   0x800'12c8     0x4  startup_stm32f30x.o [1]
  .text              ro code   0x800'12cc     0x4  startup_stm32f30x.o [1]
  .text              ro code   0x800'12d0     0x4  startup_stm32f30x.o [1]
  .text              ro code   0x800'12d4     0x4  startup_stm32f30x.o [1]
  .text              ro code   0x800'12d8     0x4  startup_stm32f30x.o [1]
  .text              ro code   0x800'12dc     0x4  startup_stm32f30x.o [1]
  .text              ro code   0x800'12e0     0x4  startup_stm32f30x.o [1]
  .text              ro code   0x800'12e4     0x4  startup_stm32f30x.o [1]
  .text              ro code   0x800'12e8     0x4  startup_stm32f30x.o [1]
  .text              ro code   0x800'12ec     0x4  startup_stm32f30x.o [1]
  .text              ro code   0x800'12f0     0x4  startup_stm32f30x.o [1]
  .text              ro code   0x800'12f4     0x4  startup_stm32f30x.o [1]
  .text              ro code   0x800'12f8     0x4  startup_stm32f30x.o [1]
  .text              ro code   0x800'12fc     0x4  startup_stm32f30x.o [1]
  .text              ro code   0x800'1300     0x4  startup_stm32f30x.o [1]
  .text              ro code   0x800'1304     0x4  startup_stm32f30x.o [1]
  .text              ro code   0x800'1308     0x4  startup_stm32f30x.o [1]
  .text              ro code   0x800'130c     0x4  startup_stm32f30x.o [1]
  .text              ro code   0x800'1310     0x4  startup_stm32f30x.o [1]
  .text              ro code   0x800'1314     0x4  startup_stm32f30x.o [1]
  .text              ro code   0x800'1318     0x4  startup_stm32f30x.o [1]
  .text              ro code   0x800'131c     0x4  startup_stm32f30x.o [1]
  .text              ro code   0x800'1320     0x4  startup_stm32f30x.o [1]
  .text              ro code   0x800'1324     0x4  startup_stm32f30x.o [1]
  .text              ro code   0x800'1328     0x4  startup_stm32f30x.o [1]
  .text              ro code   0x800'132c     0x4  startup_stm32f30x.o [1]
  .text              ro code   0x800'1330     0x4  startup_stm32f30x.o [1]
  .text              ro code   0x800'1334     0x4  startup_stm32f30x.o [1]
  .text              ro code   0x800'1338     0x4  startup_stm32f30x.o [1]
  .text              ro code   0x800'133c     0x4  startup_stm32f30x.o [1]
  .text              ro code   0x800'1340     0x4  startup_stm32f30x.o [1]
  .text              ro code   0x800'1344     0x4  startup_stm32f30x.o [1]
  .text              ro code   0x800'1348     0x4  startup_stm32f30x.o [1]
  .text              ro code   0x800'134c     0x4  startup_stm32f30x.o [1]
  .text              ro code   0x800'1350     0x4  startup_stm32f30x.o [1]
  .text              ro code   0x800'1354     0x4  startup_stm32f30x.o [1]
  .text              ro code   0x800'1358     0x4  startup_stm32f30x.o [1]
  .text              ro code   0x800'135c     0x4  startup_stm32f30x.o [1]
  .rodata            const     0x800'1360     0x0  zero_init3.o [4]
  .rodata            const     0x800'1360     0x0  copy_init3.o [4]
                             - 0x800'1360  0x11d8

"P2", part 1 of 3:                            0x8
  P2-1                        0x2000'0000     0x8  <Init block>
    .data            inited   0x2000'0000     0x4  main.o [1]
    .data            inited   0x2000'0004     0x4  main.o [1]
                            - 0x2000'0008     0x8

"P2", part 2 of 3:                          0x19c
  .bss               zero     0x2000'0008    0xc8  main.o [1]
  .bss               zero     0x2000'00d0    0xc8  main.o [1]
  .bss               zero     0x2000'0198     0x4  main.o [1]
  .bss               zero     0x2000'019c     0x4  main.o [1]
  .bss               zero     0x2000'01a0     0x4  main.o [1]
                            - 0x2000'01a4   0x19c

"P2", part 3 of 3:                         0x2000
  CSTACK                      0x2000'01a8  0x2000  <Block>
    CSTACK           uninit   0x2000'01a8  0x2000  <Block tail>
                            - 0x2000'21a8  0x2000

Unused ranges:

         From           To      Size
         ----           --      ----
   0x800'1360   0x803'ffff  0x3'eca0
  0x2000'01a4  0x2000'01a7       0x4
  0x2000'21a8  0x2000'9fff    0x7e58


*******************************************************************************
*** INIT TABLE
***

          Address      Size
          -------      ----
Zero (__iar_zero_init3)
    1 destination range, total size 0x19c:
          0x2000'0008  0x19c

Copy (__iar_copy_init3)
    1 source range, total size 0x8:
           0x800'1234    0x8
    1 destination range, total size 0x8:
          0x2000'0000    0x8



*******************************************************************************
*** MODULE SUMMARY
***

    Module               ro code  ro data  rw data
    ------               -------  -------  -------
command line/config:
    ----------------------------------------------
    Total:

C:\Users\hp\Dropbox\Laboratorio di Misure\WorkspaceLMM\RIFATTI\Progetto15.2\Debug\Obj: [1]
    main.o                   692        8      420
    startup_stm32f30x.o      700
    system_stm32f30x.o       280
    ----------------------------------------------
    Total:                 1'672        8      420

dl7M_tlf.a: [2]
    exit.o                     4
    low_level_init.o           4
    ----------------------------------------------
    Total:                     8

m7M_tl.a: [3]
    DblAdd.o                 378
    DblCmpLe.o                46
    DblDiv.o                 582
    DblMul.o                 418
    DblSub.o                 226
    DblToFlt.o               104
    DblToS32.o                58
    FltToDbl.o                72
    S32ToDbl.o                34
    S32ToFlt.o                36
    cos_sin64.o            1'052
    ----------------------------------------------
    Total:                 3'006

rt7M_tl.a: [4]
    cexit.o                   10
    cmain.o                   30
    copy_init3.o              46
    cstartup_M.o              12
    data_init.o               40
    zero_init3.o              58
    ----------------------------------------------
    Total:                   196

shb_l.a: [5]
    exit.o                    20
    ----------------------------------------------
    Total:                    20

    Gaps                      14
    Linker created                     36    8'192
--------------------------------------------------
    Grand Total:           4'916       44    8'612


*******************************************************************************
*** ENTRY LIST
***

Entry                       Address   Size  Type      Object
-----                       -------   ----  ----      ------
.iar.init_table$$Base    0x800'11ac          --   Gb  - Linker created -
.iar.init_table$$Limit   0x800'11d0          --   Gb  - Linker created -
?main                    0x800'11d1         Code  Gb  cmain.o [4]
ADC1_2_IRQHandler        0x800'0c79   0x16  Code  Gb  main.o [1]
CSTACK$$Base            0x2000'01a8          --   Gb  - Linker created -
CSTACK$$Limit           0x2000'21a8          --   Gb  - Linker created -
LUT                     0x2000'0008   0xc8  Data  Gb  main.o [1]
LUT2                    0x2000'00d0   0xc8  Data  Gb  main.o [1]
Region$$Table$$Base      0x800'11ac          --   Gb  - Linker created -
Region$$Table$$Limit     0x800'11d0          --   Gb  - Linker created -
SetSysClock              0x800'10c3   0x9a  Code  Lc  system_stm32f30x.o [1]
SystemInit               0x800'106d   0x56  Code  Gb  system_stm32f30x.o [1]
TIM7_IRQHandler          0x800'0c8f   0x3a  Code  Gb  main.o [1]
Vsin                    0x2000'0198    0x4  Data  Gb  main.o [1]
__aeabi_cdcmple          0x800'0781         Code  Gb  DblCmpLe.o [3]
__aeabi_d2f              0x800'1005         Code  Gb  DblToFlt.o [3]
__aeabi_d2iz             0x800'0959         Code  Gb  DblToS32.o [3]
__aeabi_dadd             0x800'07dd         Code  Gb  DblAdd.o [3]
__aeabi_ddiv             0x800'0dbd         Code  Gb  DblDiv.o [3]
__aeabi_dmul             0x800'05a5         Code  Gb  DblMul.o [3]
__aeabi_dsub             0x800'09b9         Code  Gb  DblSub.o [3]
__aeabi_f2d              0x800'0d51         Code  Gb  FltToDbl.o [3]
__aeabi_i2d              0x800'0995         Code  Gb  S32ToDbl.o [3]
__aeabi_i2f              0x800'0d99         Code  Gb  S32ToFlt.o [3]
__cmain                  0x800'11d1         Code  Gb  cmain.o [4]
__exit                   0x800'1205   0x14  Code  Gb  exit.o [5]
__iar_Sin64              0x800'0189  0x38c  Code  Lc  cos_sin64.o [3]
__iar_copy_init3         0x800'07af   0x2e  Code  Gb  copy_init3.o [4]
__iar_dadd               0x800'09c9         Code  Gb  DblSub.o [3]
__iar_data_init3         0x800'1185   0x28  Code  Gb  data_init.o [4]
__iar_dsub               0x800'07ed         Code  Gb  DblAdd.o [3]
__iar_dsubStart          0x800'07ff         Code  Gb  DblAdd.o [3]
__iar_program_start      0x800'1229         Code  Gb  cstartup_M.o [4]
__iar_sin64              0x800'05a1    0x4  Code  Gb  cos_sin64.o [3]
__iar_sin_medium         0x800'05a1    0x4  Code  Gb  cos_sin64.o [3]
__iar_sin_medium64       0x800'05a1    0x4  Code  Gb  cos_sin64.o [3]
__iar_sin_mediuml        0x800'05a1    0x4  Code  Gb  cos_sin64.o [3]
__iar_zero_init3         0x800'0747   0x3a  Code  Gb  zero_init3.o [4]
__low_level_init         0x800'11ef    0x4  Code  Gb  low_level_init.o [2]
__vector_table           0x800'0000         Data  Gb  startup_stm32f30x.o [1]
_call_main               0x800'11dd         Code  Gb  cmain.o [4]
_exit                    0x800'11f9         Code  Gb  cexit.o [4]
_main                    0x800'11eb         Code  Gb  cmain.o [4]
ampiezza                0x2000'0004    0x4  Data  Gb  main.o [1]
cont                    0x2000'019c    0x4  Data  Gb  main.o [1]
cont2                   0x2000'01a0    0x4  Data  Gb  main.o [1]
exit                     0x800'11f3    0x4  Code  Gb  exit.o [2]
main                     0x800'0a9d  0x1dc  Code  Gb  main.o [1]
offset                  0x2000'0000    0x4  Data  Gb  main.o [1]
sin                      0x800'05a1    0x4  Code  Gb  cos_sin64.o [3]
sinl                     0x800'05a1    0x4  Code  Gb  cos_sin64.o [3]


[1] = C:\Users\hp\Dropbox\Laboratorio di Misure\WorkspaceLMM\RIFATTI\Progetto15.2\Debug\Obj
[2] = dl7M_tlf.a
[3] = m7M_tl.a
[4] = rt7M_tl.a
[5] = shb_l.a

  4'916 bytes of readonly  code memory
     44 bytes of readonly  data memory
  8'612 bytes of readwrite data memory

Errors: none
Warnings: none
