###############################################################################
#
# IAR ELF Linker V8.40.2.214/W32 for ARM                  28/Jan/2020  20:14:20
# Copyright 2007-2019 IAR Systems AB.
#
#    Output file  =
#        C:\Users\hp\Dropbox\Laboratorio di
#        Misure\WorkspaceLMM\Progetto7\Debug\Exe\Progetto7.out
#    Map file     =
#        C:\Users\hp\Dropbox\Laboratorio di
#        Misure\WorkspaceLMM\Progetto7\Debug\List\Progetto7.map
#    Command line =
#        -f C:\Users\hp\AppData\Local\Temp\EWEAAF.tmp
#        ("C:\Users\hp\Dropbox\Laboratorio di
#        Misure\WorkspaceLMM\Progetto7\Debug\Obj\main.o" --no_out_extension -o
#        "C:\Users\hp\Dropbox\Laboratorio di
#        Misure\WorkspaceLMM\Progetto7\Debug\Exe\Progetto7.out" --redirect
#        _Printf=_PrintfFullNoMb --redirect _Scanf=_ScanfFullNoMb --map
#        "C:\Users\hp\Dropbox\Laboratorio di
#        Misure\WorkspaceLMM\Progetto7\Debug\List\Progetto7.map" --config
#        "C:\Program Files (x86)\IAR Systems\Embedded Workbench
#        8.3\arm\config\linker\ST\stm32f303xC.icf" --semihosting --entry
#        __iar_program_start --vfe --text_out locale)
#
###############################################################################

*******************************************************************************
*** RUNTIME MODEL ATTRIBUTES
***

CppFlavor       = *
__Heap_Handler  = Basic
__SystemLibrary = DLib
__dlib_version  = 6


*******************************************************************************
*** HEAP SELECTION
***

The basic heap was selected because some modules are built with
size limitations (and not runtime checking), and --advanced_heap
was not specified.


*******************************************************************************
*** PLACEMENT SUMMARY
***

"A0":  place at address 0x800'0000 { ro section .intvec };
"P1":  place in [from 0x800'0000 to 0x803'ffff] { ro };
define block CSTACK with size = 8K, alignment = 8 { };
define block HEAP with size = 8K, alignment = 8 { };
"P2":  place in [from 0x2000'0000 to 0x2000'9fff] {
          rw, block CSTACK, block HEAP };
initialize by copy { rw };

No sections matched the following patterns:

  section .ccmram  in "P3"


  Section            Kind         Address    Size  Object
  -------            ----         -------    ----  ------
"A0":                                        0x40
  .intvec            ro code   0x800'0000    0x40  vector_table_M.o [4]
                             - 0x800'0040    0x40

"P1":                                      0x376d
  .text              ro code   0x800'0040   0xfc6  xprintffull_nomb.o [2]
  .text              ro code   0x800'1006    0x3a  zero_init3.o [4]
  .text              ro code   0x800'1040    0x16  strchr.o [4]
  .rodata            const     0x800'1056     0x2  xlocale_c.o [2]
  .text              ro code   0x800'1058    0x40  xfail_s.o [2]
  .text              ro code   0x800'1098    0x36  strlen.o [4]
  .text              ro code   0x800'10ce     0x2  vector_table_M.o [4]
  .text              ro code   0x800'10d0    0x58  memchr.o [4]
  .text              ro code   0x800'1128    0x76  ABImemcpy_unaligned.o [4]
  .rodata            const     0x800'119e     0x1  xlocale_c.o [2]
  .text              ro code   0x800'11a0    0x70  frexp.o [3]
  .text              ro code   0x800'1210    0x2e  DblCmpLe.o [3]
  .text              ro code   0x800'1240    0x2e  DblCmpGe.o [3]
  .text              ro code   0x800'1270   0x13a  ldexp.o [3]
  .text              ro code   0x800'13ac    0x3a  DblToS32.o [3]
  .text              ro code   0x800'13e8    0x22  S32ToDbl.o [3]
  .text              ro code   0x800'140c    0xe2  DblSub.o [3]
  .text              ro code   0x800'14f0   0x246  DblDiv.o [3]
  .text              ro code   0x800'1738    0x28  DblToU32.o [3]
  .text              ro code   0x800'1760    0x1a  U32ToDbl.o [3]
  .text              ro code   0x800'177c   0x1a2  DblMul.o [3]
  .text              ro code   0x800'1920     0x8  xlocale_c.o [2]
  .text              ro code   0x800'1928   0x230  I64DivMod.o [4]
  .text              ro code   0x800'1b58     0x6  abort.o [2]
  .text              ro code   0x800'1b60   0x17a  DblAdd.o [3]
  .text              ro code   0x800'1cdc     0x2  I64DivZer.o [4]
  .text              ro code   0x800'1ce0    0x14  exit.o [5]
  .text              ro code   0x800'1cf4    0x7c  iarttio.o [5]
  .text              ro code   0x800'1d70    0x3c  XShttio.o [2]
  .text              ro code   0x800'1dac   0x6ec  pow64.o [3]
  .text              ro code   0x800'2498    0x20  DblCmpEq.o [3]
  .text              ro code   0x800'24b8   0x3e8  iar_Exp64.o [3]
  .rodata            const     0x800'28a0   0x420  pow64.o [3]
  .text              ro code   0x800'2cc0   0x138  heap0.o [2]
  .text              ro code   0x800'2df8    0x2c  xgetmemchunk.o [2]
  .text              ro code   0x800'2e24    0xf0  main.o [1]
  .text              ro code   0x800'2f14    0x48  FltToDbl.o [3]
  .text              ro code   0x800'2f5c    0x16  math_wrappers64.o [3]
  .text              ro code   0x800'2f74    0x68  DblToFlt.o [3]
  .text              ro code   0x800'2fdc    0x28  printf.o [2]
  .text              ro code   0x800'3004    0xd8  xfspos.o [2]
  .text              ro code   0x800'30dc    0xac  fflush.o [2]
  .text              ro code   0x800'3188     0xc  xfgpos.o [2]
  .text              ro code   0x800'3194    0x4a  lseek.o [5]
  .text              ro code   0x800'31de    0x10  write.o [5]
  .text              ro code   0x800'31f0    0xcc  XShHandles.o [2]
  .text              ro code   0x800'32bc    0x1e  dwrite.o [5]
  .text              ro code   0x800'32da    0x20  iarwstd.o [5]
  .text              ro code   0x800'32fa    0x22  iarwrite.o [5]
  .text              ro code   0x800'331c    0xb4  xfwprep.o [2]
  .text              ro code   0x800'33d0    0x24  fseek.o [2]
  .text              ro code   0x800'33f4    0x9c  xfofind.o [2]
  .text              ro code   0x800'3490     0x4  heaptramp0.o [2]
  .text              ro code   0x800'3494    0x7e  fclose.o [2]
  .text              ro code   0x800'3512    0x18  close.o [5]
  .text              ro code   0x800'352a    0x14  remove.o [5]
  .text              ro code   0x800'353e    0x78  lz77_init_single.o [4]
  .text              ro code   0x800'35b6    0x54  fputc.o [2]
  .text              ro code   0x800'360c    0x3c  xcloseall.o [2]
  .text              ro code   0x800'3648    0x28  data_init.o [4]
  .text              ro code   0x800'3670    0x22  fpinit_M.o [3]
  .iar.init_table    const     0x800'3694    0x20  - Linker created -
  .rodata            const     0x800'36b4    0x20  main.o [1]
  .text              ro code   0x800'36d4    0x1e  cmain.o [4]
  .text              ro code   0x800'36f2     0x4  low_level_init.o [2]
  .text              ro code   0x800'36f6     0x4  exit.o [2]
  .text              ro code   0x800'36fc     0xe  cexit.o [4]
  .text              ro code   0x800'370a    0x16  xprout.o [2]
  .text              ro code   0x800'3720     0xc  putchar.o [2]
  .text              ro code   0x800'372c     0xc  cstartup_M.o [4]
  .rodata            const     0x800'3738     0x8  xprintffull_nomb.o [2]
  .text              ro code   0x800'3740     0x0  cstart_closeall.o [4]
  .rodata            const     0x800'3740     0x0  zero_init3.o [4]
  .rodata            const     0x800'3740     0x0  lz77_init_single.o [4]
  Initializer bytes  const     0x800'3740    0x6d  <for P2-1>
                             - 0x800'37ad  0x376d

"P2", part 1 of 3:                          0x13c
  P2-1                        0x2000'0000   0x13c  <Init block>
    .data            inited   0x2000'0000     0x4  main.o [1]
    .data            inited   0x2000'0004    0x38  xlocale_c.o [2]
    .data            inited   0x2000'003c    0x48  xfiles.o [2]
    .data            inited   0x2000'0084    0x48  xfiles.o [2]
    .data            inited   0x2000'00cc    0x48  xfiles.o [2]
    .data            inited   0x2000'0114    0x20  xfiles.o [2]
    .data            inited   0x2000'0134     0x8  XShttio.o [2]
                            - 0x2000'013c   0x13c

"P2", part 2 of 3:                          0x140
  .bss               zero     0x2000'013c    0x80  XShHandles.o [2]
  .bss               zero     0x2000'01bc    0x50  xfiles.o [2]
  .bss               zero     0x2000'020c    0x50  xfiles.o [2]
  .bss               zero     0x2000'025c     0x8  heap0.o [2]
  .bss               zero     0x2000'0264     0x4  main.o [1]
  .bss               zero     0x2000'0268     0x4  main.o [1]
  .bss               zero     0x2000'026c     0x4  main.o [1]
  .bss               zero     0x2000'0270     0x4  xfail_s.o [2]
  .bss               zero     0x2000'0274     0x4  xgetmemchunk.o [2]
  .bss               zero     0x2000'0278     0x1  XShttio.o [2]
                            - 0x2000'0279   0x13d

"P2", part 3 of 3:                         0x4000
  CSTACK                      0x2000'0280  0x2000  <Block>
    CSTACK           uninit   0x2000'0280  0x2000  <Block tail>
  HEAP                        0x2000'2280  0x2000  <Block>
    HEAP             uninit   0x2000'2280  0x2000  <Block tail>
                            - 0x2000'4280  0x4000

Unused ranges:

         From           To      Size
         ----           --      ----
   0x800'37ad   0x803'ffff  0x3'c853
  0x2000'027c  0x2000'027f       0x4
  0x2000'4280  0x2000'9fff    0x5d80


*******************************************************************************
*** INIT TABLE
***

          Address      Size
          -------      ----
Zero (__iar_zero_init3)
    1 destination range, total size 0x13d:
          0x2000'013c  0x13d

Copy/lz77 (__iar_lz77_init_single3)
    1 source range, total size 0x6d (34% of destination):
           0x800'3740   0x6d
    1 destination range, total size 0x13c:
          0x2000'0000  0x13c



*******************************************************************************
*** MODULE SUMMARY
***

    Module                 ro code  ro data  rw data
    ------                 -------  -------  -------
command line/config:
    ------------------------------------------------
    Total:

C:\Users\hp\Dropbox\Laboratorio di Misure\WorkspaceLMM\Progetto7\Debug\Obj: [1]
    main.o                     240       33       16
    ------------------------------------------------
    Total:                     240       33       16

dl7M_tlf.a: [2]
    XShHandles.o               204               128
    XShttio.o                   60        3        9
    abort.o                      6
    exit.o                       4
    fclose.o                   126
    fflush.o                   172
    fputc.o                     84
    fseek.o                     36
    heap0.o                    312                 8
    heaptramp0.o                 4
    low_level_init.o             4
    printf.o                    40
    putchar.o                   12
    xcloseall.o                 60
    xfail_s.o                   64                 4
    xfgpos.o                    12
    xfiles.o                             86      408
    xfofind.o                  156
    xfspos.o                   216
    xfwprep.o                  180
    xgetmemchunk.o              44                 4
    xlocale_c.o                  8       22       56
    xprintffull_nomb.o       4'038        8
    xprout.o                    22
    ------------------------------------------------
    Total:                   5'864      119      617

m7M_tls.a: [3]
    DblAdd.o                   378
    DblCmpEq.o                  32
    DblCmpGe.o                  46
    DblCmpLe.o                  46
    DblDiv.o                   582
    DblMul.o                   418
    DblSub.o                   226
    DblToFlt.o                 104
    DblToS32.o                  58
    DblToU32.o                  40
    FltToDbl.o                  72
    S32ToDbl.o                  34
    U32ToDbl.o                  26
    fpinit_M.o                  34
    frexp.o                    112
    iar_Exp64.o              1'000
    ldexp.o                    314
    math_wrappers64.o           22
    pow64.o                  1'772    1'056
    ------------------------------------------------
    Total:                   5'316    1'056

rt7M_tl.a: [4]
    ABImemcpy_unaligned.o      118
    I64DivMod.o                560
    I64DivZer.o                  2
    cexit.o                     14
    cmain.o                     30
    cstart_closeall.o
    cstartup_M.o                12
    data_init.o                 40
    lz77_init_single.o         120
    memchr.o                    88
    strchr.o                    22
    strlen.o                    54
    vector_table_M.o            66
    zero_init3.o                58
    ------------------------------------------------
    Total:                   1'184

shb_l.a: [5]
    close.o                     24
    dwrite.o                    30
    exit.o                      20
    iarttio.o                  124
    iarwrite.o                  34
    iarwstd.o                   32
    lseek.o                     74
    remove.o                    20
    write.o                     16
    ------------------------------------------------
    Total:                     374

    Gaps                        33        2
    Linker created                       32   16'384
----------------------------------------------------
    Grand Total:            13'011    1'242   17'017


*******************************************************************************
*** ENTRY LIST
***

Entry                       Address   Size  Type      Object
-----                       -------   ----  ----      ------
.iar.init_table$$Base    0x800'3694          --   Gb  - Linker created -
.iar.init_table$$Limit   0x800'36b4          --   Gb  - Linker created -
?main                    0x800'36d5         Code  Gb  cmain.o [4]
Aldata                  0x2000'025c    0x8  Data  Lc  heap0.o [2]
CSTACK$$Base            0x2000'0280          --   Gb  - Linker created -
CSTACK$$Limit           0x2000'2280          --   Gb  - Linker created -
HEAP$$Base              0x2000'2280          --   Gb  - Linker created -
HEAP$$Limit             0x2000'4280          --   Gb  - Linker created -
Region$$Table$$Base      0x800'3694          --   Gb  - Linker created -
Region$$Table$$Limit     0x800'36b4          --   Gb  - Linker created -
_Close_all               0x800'360d   0x3c  Code  Gb  xcloseall.o [2]
_Files                  0x2000'0114   0x20  Data  Gb  xfiles.o [2]
_Fofree                  0x800'33f5   0x96  Code  Gb  xfofind.o [2]
_Fspos                   0x800'3005   0xd8  Code  Gb  xfspos.o [2]
_Fwprep                  0x800'331d   0xb4  Code  Gb  xfwprep.o [2]
_LitobFullNoMb           0x800'0e01  0x10a  Code  Lc  xprintffull_nomb.o [2]
_Locale_lconv           0x2000'0004   0x38  Data  Lc  xlocale_c.o [2]
_Nnl                     0x800'3189    0xc  Code  Gb  xfgpos.o [2]
_PrintfFullNoMb          0x800'0041  0xd9c  Code  Gb  xprintffull_nomb.o [2]
_Prout                   0x800'370b   0x16  Code  Gb  xprout.o [2]
_PutcharFullNoMb         0x800'0f71   0x20  Code  Lc  xprintffull_nomb.o [2]
_PutcharsFullNoMb        0x800'0f91   0x2e  Code  Lc  xprintffull_nomb.o [2]
__aeabi_cdcmpeq          0x800'2499         Code  Gb  DblCmpEq.o [3]
__aeabi_cdcmple          0x800'1211         Code  Gb  DblCmpLe.o [3]
__aeabi_cdrcmple         0x800'1241         Code  Gb  DblCmpGe.o [3]
__aeabi_d2f              0x800'2f75         Code  Gb  DblToFlt.o [3]
__aeabi_d2iz             0x800'13ad         Code  Gb  DblToS32.o [3]
__aeabi_d2uiz            0x800'1739         Code  Gb  DblToU32.o [3]
__aeabi_dadd             0x800'1b61         Code  Gb  DblAdd.o [3]
__aeabi_ddiv             0x800'14f1         Code  Gb  DblDiv.o [3]
__aeabi_dmul             0x800'177d         Code  Gb  DblMul.o [3]
__aeabi_dsub             0x800'140d         Code  Gb  DblSub.o [3]
__aeabi_f2d              0x800'2f15         Code  Gb  FltToDbl.o [3]
__aeabi_i2d              0x800'13e9         Code  Gb  S32ToDbl.o [3]
__aeabi_ldiv0            0x800'1cdd         Code  Gb  I64DivZer.o [4]
__aeabi_ui2d             0x800'1761         Code  Gb  U32ToDbl.o [3]
__aeabi_uldivmod         0x800'1929         Code  Gb  I64DivMod.o [4]
__basic_free             0x800'2d6b   0x16  Code  Gb  heap0.o [2]
__basic_free_intern      0x800'2d81   0x74  Code  Lc  heap0.o [2]
__basic_malloc           0x800'2cc1   0x18  Code  Gb  heap0.o [2]
__basic_malloc_intern    0x800'2cd9   0x92  Code  Lc  heap0.o [2]
__cexit_closeall         0x800'36ff         Code  Gb  cexit.o [4]
__close                  0x800'3513   0x18  Code  Gb  close.o [5]
__cmain                  0x800'36d5         Code  Gb  cmain.o [4]
__cstart_closeall        0x800'3740         Data  Gb  cstart_closeall.o [4]
__data_GetMemChunk       0x800'2df9   0x2c  Code  Gb  xgetmemchunk.o [2]
__data_GetMemChunk::start
                        0x2000'0274    0x4  Data  Lc  xgetmemchunk.o [2]
__dwrite                 0x800'32bd   0x1e  Code  Gb  dwrite.o [5]
__exit                   0x800'1ce1   0x14  Code  Gb  exit.o [5]
__iar_Exp64              0x800'24b9  0x388  Code  Gb  iar_Exp64.o [3]
__iar_Fail_s             0x800'1059   0x1c  Code  Gb  xfail_s.o [2]
__iar_Memchr             0x800'10d1         Code  Gb  memchr.o [4]
__iar_Stderr            0x2000'00cc   0x48  Data  Gb  xfiles.o [2]
__iar_Stdin             0x2000'003c   0x48  Data  Gb  xfiles.o [2]
__iar_Stdout            0x2000'0084   0x48  Data  Gb  xfiles.o [2]
__iar_Strchr             0x800'1041         Code  Gb  strchr.o [4]
__iar_close_ttio         0x800'1cf5   0x2c  Code  Gb  iarttio.o [5]
__iar_dadd               0x800'141d         Code  Gb  DblSub.o [3]
__iar_data_init3         0x800'3649   0x28  Code  Gb  data_init.o [4]
__iar_dsub               0x800'1b71         Code  Gb  DblAdd.o [3]
__iar_dsubStart          0x800'1b83         Code  Gb  DblAdd.o [3]
__iar_frexp              0x800'11ad         Code  Gb  frexp.o [3]
__iar_frexpl             0x800'11ad         Code  Gb  frexp.o [3]
__iar_get_ttio           0x800'1d21   0x4c  Code  Gb  iarttio.o [5]
__iar_init_vfp           0x800'3671         Code  Gb  fpinit_M.o [3]
__iar_ldexp64            0x800'1271         Code  Gb  ldexp.o [3]
__iar_lookup_ttioh       0x800'1d9f    0x4  Code  Gb  XShttio.o [2]
__iar_lz77_init_single3
                         0x800'353f   0x78  Code  Gb  lz77_init_single.o [4]
__iar_pow64              0x800'1dad  0x6ec  Code  Gb  pow64.o [3]
__iar_pow_medium         0x800'1dad  0x6ec  Code  Gb  pow64.o [3]
__iar_pow_medium64       0x800'1dad  0x6ec  Code  Gb  pow64.o [3]
__iar_pow_mediuml        0x800'1dad  0x6ec  Code  Gb  pow64.o [3]
__iar_program_start      0x800'372d         Code  Gb  cstartup_M.o [4]
__iar_scalbln64          0x800'1271         Code  Gb  ldexp.o [3]
__iar_scalbn64           0x800'1271         Code  Gb  ldexp.o [3]
__iar_sh_Discard         0x800'31f1   0x42  Code  Gb  XShHandles.o [2]
__iar_sh_Move            0x800'3233   0x46  Code  Gb  XShHandles.o [2]
__iar_sh_Pos             0x800'3279   0x3e  Code  Gb  XShHandles.o [2]
__iar_sh_stdout          0x800'32db   0x20  Code  Gb  iarwstd.o [5]
__iar_sh_write           0x800'32fb   0x22  Code  Gb  iarwrite.o [5]
__iar_softfp___iar_frexp64
                         0x800'11a1         Code  Gb  frexp.o [3]
__iar_softfp_frexp       0x800'11a1         Code  Gb  frexp.o [3]
__iar_softfp_frexpl      0x800'11a1         Code  Gb  frexp.o [3]
__iar_ttio_guard_lock    0x800'1d71   0x1e  Code  Gb  XShttio.o [2]
__iar_ttio_guard_unlock
                         0x800'1d8f   0x10  Code  Gb  XShttio.o [2]
__iar_ttio_handles      0x2000'0134    0x8  Data  Lc  XShttio.o [2]
__iar_unaligned_memcpy   0x800'1129         Code  Gb  ABImemcpy_unaligned.o [4]
__iar_unaligned_memcpy4
                         0x800'1149         Code  Gb  ABImemcpy_unaligned.o [4]
__iar_unaligned_memcpy8
                         0x800'1149         Code  Gb  ABImemcpy_unaligned.o [4]
__iar_vfp_pow            0x800'2f63   0x10  Code  Gb  math_wrappers64.o [3]
__iar_zero_init3         0x800'1007   0x3a  Code  Gb  zero_init3.o [4]
__low_level_init         0x800'36f3    0x4  Code  Gb  low_level_init.o [2]
__lseek                  0x800'3195   0x4a  Code  Gb  lseek.o [5]
__vector_table           0x800'0000         Data  Gb  vector_table_M.o [4]
__write                  0x800'31df   0x10  Code  Gb  write.o [5]
_call_main               0x800'36e1         Code  Gb  cmain.o [4]
_exit                    0x800'36fd         Code  Gb  cexit.o [4]
_main                    0x800'36ef         Code  Gb  cmain.o [4]
abort                    0x800'1b59    0x6  Code  Gb  abort.o [2]
cnt                     0x2000'026c    0x4  Data  Gb  main.o [1]
ebuf                    0x2000'01bc   0x50  Data  Lc  xfiles.o [2]
exit                     0x800'36f7    0x4  Code  Gb  exit.o [2]
fclose                   0x800'3495   0x7e  Code  Gb  fclose.o [2]
fflush                   0x800'3151   0x34  Code  Gb  fflush.o [2]
fflushOne                0x800'30dd   0x74  Code  Lc  fflush.o [2]
fputc                    0x800'35b7   0x54  Code  Gb  fputc.o [2]
free                     0x800'3491    0x4  Code  Gb  heaptramp0.o [2]
fseek                    0x800'33d1   0x24  Code  Gb  fseek.o [2]
i                       0x2000'0264    0x4  Data  Gb  main.o [1]
ldexp                    0x800'1271         Code  Gb  ldexp.o [3]
ldexpl                   0x800'1271         Code  Gb  ldexp.o [3]
lnbias                   0x800'28a0  0x420  Data  Lc  pow64.o [3]
localeconv               0x800'1921    0x4  Code  Gb  xlocale_c.o [2]
main                     0x800'2e25   0xf0  Code  Gb  main.o [1]
memchr                   0x800'10d1         Code  Gb  memchr.o [4]
n                       0x2000'0000    0x4  Data  Gb  main.o [1]
obuf                    0x2000'020c   0x50  Data  Lc  xfiles.o [2]
pow                      0x800'1dad  0x6ec  Code  Gb  pow64.o [3]
powl                     0x800'1dad  0x6ec  Code  Gb  pow64.o [3]
printf                   0x800'2fdd   0x28  Code  Gb  printf.o [2]
putchar                  0x800'3721    0xc  Code  Gb  putchar.o [2]
remove                   0x800'352b   0x14  Code  Gb  remove.o [5]
sFileInfo               0x2000'013c   0x80  Data  Lc  XShHandles.o [2]
scalbln                  0x800'1271         Code  Gb  ldexp.o [3]
scalblnl                 0x800'1271         Code  Gb  ldexp.o [3]
scalbn                   0x800'1271         Code  Gb  ldexp.o [3]
scalbnl                  0x800'1271         Code  Gb  ldexp.o [3]
scale                    0x800'0f0b   0x46  Code  Lc  xprintffull_nomb.o [2]
sec_hand                0x2000'0270    0x4  Data  Lc  xfail_s.o [2]
strchr                   0x800'1041         Code  Gb  strchr.o [4]
strlen                   0x800'1099         Code  Gb  strlen.o [4]
t                       0x2000'0268    0x4  Data  Gb  main.o [1]
ttio_guard              0x2000'0278    0x1  Data  Lc  XShttio.o [2]


[1] = C:\Users\hp\Dropbox\Laboratorio di Misure\WorkspaceLMM\Progetto7\Debug\Obj
[2] = dl7M_tlf.a
[3] = m7M_tls.a
[4] = rt7M_tl.a
[5] = shb_l.a

  13'011 bytes of readonly  code memory
   1'242 bytes of readonly  data memory
  17'017 bytes of readwrite data memory

Errors: none
Warnings: none
