###############################################################################
#
# IAR ELF Linker V8.40.2.214/W32 for ARM                  03/Feb/2020  17:04:11
# Copyright 2007-2019 IAR Systems AB.
#
#    Output file  =
#        C:\Users\hp\Dropbox\Laboratorio di
#        Misure\WorkspaceLMM\RIFATTI\Progetto17\Debug\Exe\Progetto17.out
#    Map file     =
#        C:\Users\hp\Dropbox\Laboratorio di
#        Misure\WorkspaceLMM\RIFATTI\Progetto17\Debug\List\Progetto17.map
#    Command line =
#        -f C:\Users\hp\AppData\Local\Temp\EWB555.tmp
#        ("C:\Users\hp\Dropbox\Laboratorio di
#        Misure\WorkspaceLMM\RIFATTI\Progetto17\Debug\Obj\main.o"
#        "C:\Users\hp\Dropbox\Laboratorio di
#        Misure\WorkspaceLMM\RIFATTI\Progetto17\Debug\Obj\startup_stm32f30x.o"
#        "C:\Users\hp\Dropbox\Laboratorio di
#        Misure\WorkspaceLMM\RIFATTI\Progetto17\Debug\Obj\system_stm32f30x.o"
#        --no_out_extension -o "C:\Users\hp\Dropbox\Laboratorio di
#        Misure\WorkspaceLMM\RIFATTI\Progetto17\Debug\Exe\Progetto17.out"
#        --redirect _Printf=_PrintfFullNoMb --redirect _Scanf=_ScanfFullNoMb
#        --map "C:\Users\hp\Dropbox\Laboratorio di
#        Misure\WorkspaceLMM\RIFATTI\Progetto17\Debug\List\Progetto17.map"
#        --config "C:\Program Files (x86)\IAR Systems\Embedded Workbench
#        8.3\arm\config\linker\ST\stm32f303xC.icf" --semihosting --entry
#        __iar_program_start --vfe --text_out locale)
#
###############################################################################

*******************************************************************************
*** RUNTIME MODEL ATTRIBUTES
***

CppFlavor       = *
__Heap_Handler  = Basic
__SystemLibrary = DLib
__dlib_version  = 6


*******************************************************************************
*** HEAP SELECTION
***

The basic heap was selected because some modules are built with
size limitations (and not runtime checking), and --advanced_heap
was not specified.


*******************************************************************************
*** PLACEMENT SUMMARY
***

"A0":  place at address 0x800'0000 { ro section .intvec };
"P1":  place in [from 0x800'0000 to 0x803'ffff] { ro };
define block CSTACK with size = 8K, alignment = 8 { };
define block HEAP with size = 8K, alignment = 8 { };
"P2":  place in [from 0x2000'0000 to 0x2000'9fff] {
          rw, block CSTACK, block HEAP };
initialize by copy { rw };

No sections matched the following patterns:

  section .ccmram  in "P3"


  Section            Kind         Address    Size  Object
  -------            ----         -------    ----  ------
"A0":                                       0x188
  .intvec            ro code   0x800'0000   0x188  startup_stm32f30x.o [1]
                             - 0x800'0188   0x188

"P1":                                      0x34a0
  .text              ro code   0x800'0188   0xfc6  xprintffull_nomb.o [2]
  .text              ro code   0x800'114e    0x3a  zero_init3.o [4]
  .text              ro code   0x800'1188    0x16  strchr.o [4]
  .rodata            const     0x800'119e     0x2  xlocale_c.o [2]
  .text              ro code   0x800'11a0    0x40  xfail_s.o [2]
  .text              ro code   0x800'11e0    0x36  strlen.o [4]
  .rodata            const     0x800'1216     0x1  xlocale_c.o [2]
  .text              ro code   0x800'1218    0x58  memchr.o [4]
  .text              ro code   0x800'1270    0xa6  ABImemcpy.o [4]
  .text              ro code   0x800'1318    0x70  frexp.o [3]
  .text              ro code   0x800'1388    0x2e  DblCmpLe.o [3]
  .text              ro code   0x800'13b8    0x2e  DblCmpGe.o [3]
  .text              ro code   0x800'13e8   0x13a  ldexp.o [3]
  .text              ro code   0x800'1524    0x3a  DblToS32.o [3]
  .text              ro code   0x800'1560    0x22  S32ToDbl.o [3]
  .text              ro code   0x800'1584    0xe2  DblSub.o [3]
  .text              ro code   0x800'1668   0x246  DblDiv.o [3]
  .text              ro code   0x800'18b0    0x28  DblToU32.o [3]
  .text              ro code   0x800'18d8    0x1a  U32ToDbl.o [3]
  .text              ro code   0x800'18f4   0x1a2  DblMul.o [3]
  .text              ro code   0x800'1a98     0x8  xlocale_c.o [2]
  .text              ro code   0x800'1aa0   0x230  I64DivMod.o [4]
  .text              ro code   0x800'1cd0     0x6  abort.o [2]
  .text              ro code   0x800'1cd8   0x17a  DblAdd.o [3]
  .text              ro code   0x800'1e54     0x2  I64DivZer.o [4]
  .text              ro code   0x800'1e58    0x14  exit.o [5]
  .text              ro code   0x800'1e6c    0x7c  iarttio.o [5]
  .text              ro code   0x800'1ee8    0x3c  XShttio.o [2]
  .text              ro code   0x800'1f24   0x49c  main.o [1]
  .text              ro code   0x800'23c0    0x48  FltToDbl.o [3]
  .text              ro code   0x800'2408    0x24  S32ToFlt.o [3]
  .text              ro code   0x800'242c    0xfc  FltDiv.o [3]
  .text              ro code   0x800'2528   0x41c  cos_sin64.o [3]
  .text              ro code   0x800'2944    0x68  DblToFlt.o [3]
  .text              ro code   0x800'29ac    0xf2  sqrt.o [3]
  .text              ro code   0x800'2aa0    0x28  printf.o [2]
  .text              ro code   0x800'2ac8   0x138  heap0.o [2]
  .text              ro code   0x800'2c00    0x2c  xgetmemchunk.o [2]
  .text              ro code   0x800'2c2c   0x118  system_stm32f30x.o [1]
  .text              ro code   0x800'2d44    0xd8  xfspos.o [2]
  .text              ro code   0x800'2e1c    0xac  fflush.o [2]
  .text              ro code   0x800'2ec8     0xc  xfgpos.o [2]
  .text              ro code   0x800'2ed4    0x4a  lseek.o [5]
  .text              ro code   0x800'2f1e    0x10  write.o [5]
  .text              ro code   0x800'2f30    0xcc  XShHandles.o [2]
  .text              ro code   0x800'2ffc    0x1e  dwrite.o [5]
  .text              ro code   0x800'301a    0x20  iarwstd.o [5]
  .text              ro code   0x800'303a    0x22  iarwrite.o [5]
  .text              ro code   0x800'305c    0xb4  xfwprep.o [2]
  .text              ro code   0x800'3110    0x24  fseek.o [2]
  .text              ro code   0x800'3134    0x9c  xfofind.o [2]
  .text              ro code   0x800'31d0     0x4  heaptramp0.o [2]
  .text              ro code   0x800'31d4    0x7e  fclose.o [2]
  .text              ro code   0x800'3252    0x18  close.o [5]
  .text              ro code   0x800'326a    0x14  remove.o [5]
  .text              ro code   0x800'327e    0x78  lz77_init_single.o [4]
  .text              ro code   0x800'32f6    0x54  fputc.o [2]
  .text              ro code   0x800'334c    0x3c  xcloseall.o [2]
  .text              ro code   0x800'3388    0x28  data_init.o [4]
  .rodata            const     0x800'33b0    0x24  main.o [1]
  .iar.init_table    const     0x800'33d4    0x20  - Linker created -
  .rodata            const     0x800'33f4    0x20  main.o [1]
  .text              ro code   0x800'3414    0x1e  cmain.o [4]
  .text              ro code   0x800'3432     0x4  low_level_init.o [2]
  .text              ro code   0x800'3436     0x4  exit.o [2]
  .text              ro code   0x800'343c     0xe  cexit.o [4]
  .text              ro code   0x800'344a    0x16  xprout.o [2]
  .text              ro code   0x800'3460     0xc  putchar.o [2]
  .text              ro code   0x800'346c    0x10  startup_stm32f30x.o [1]
  .text              ro code   0x800'347c     0xc  cstartup_M.o [4]
  .rodata            const     0x800'3488     0x8  xprintffull_nomb.o [2]
  .text              ro code   0x800'3490     0x4  startup_stm32f30x.o [1]
  .text              ro code   0x800'3494     0x4  startup_stm32f30x.o [1]
  .text              ro code   0x800'3498     0x4  startup_stm32f30x.o [1]
  .text              ro code   0x800'349c     0x4  startup_stm32f30x.o [1]
  .text              ro code   0x800'34a0     0x4  startup_stm32f30x.o [1]
  .text              ro code   0x800'34a4     0x4  startup_stm32f30x.o [1]
  .text              ro code   0x800'34a8     0x4  startup_stm32f30x.o [1]
  .text              ro code   0x800'34ac     0x4  startup_stm32f30x.o [1]
  .text              ro code   0x800'34b0     0x4  startup_stm32f30x.o [1]
  .text              ro code   0x800'34b4     0x4  startup_stm32f30x.o [1]
  .text              ro code   0x800'34b8     0x4  startup_stm32f30x.o [1]
  .text              ro code   0x800'34bc     0x4  startup_stm32f30x.o [1]
  .text              ro code   0x800'34c0     0x4  startup_stm32f30x.o [1]
  .text              ro code   0x800'34c4     0x4  startup_stm32f30x.o [1]
  .text              ro code   0x800'34c8     0x4  startup_stm32f30x.o [1]
  .text              ro code   0x800'34cc     0x4  startup_stm32f30x.o [1]
  .text              ro code   0x800'34d0     0x4  startup_stm32f30x.o [1]
  .text              ro code   0x800'34d4     0x4  startup_stm32f30x.o [1]
  .text              ro code   0x800'34d8     0x4  startup_stm32f30x.o [1]
  .text              ro code   0x800'34dc     0x4  startup_stm32f30x.o [1]
  .text              ro code   0x800'34e0     0x4  startup_stm32f30x.o [1]
  .text              ro code   0x800'34e4     0x4  startup_stm32f30x.o [1]
  .text              ro code   0x800'34e8     0x4  startup_stm32f30x.o [1]
  .text              ro code   0x800'34ec     0x4  startup_stm32f30x.o [1]
  .text              ro code   0x800'34f0     0x4  startup_stm32f30x.o [1]
  .text              ro code   0x800'34f4     0x4  startup_stm32f30x.o [1]
  .text              ro code   0x800'34f8     0x4  startup_stm32f30x.o [1]
  .text              ro code   0x800'34fc     0x4  startup_stm32f30x.o [1]
  .text              ro code   0x800'3500     0x4  startup_stm32f30x.o [1]
  .text              ro code   0x800'3504     0x4  startup_stm32f30x.o [1]
  .text              ro code   0x800'3508     0x4  startup_stm32f30x.o [1]
  .text              ro code   0x800'350c     0x4  startup_stm32f30x.o [1]
  .text              ro code   0x800'3510     0x4  startup_stm32f30x.o [1]
  .text              ro code   0x800'3514     0x4  startup_stm32f30x.o [1]
  .text              ro code   0x800'3518     0x4  startup_stm32f30x.o [1]
  .text              ro code   0x800'351c     0x4  startup_stm32f30x.o [1]
  .text              ro code   0x800'3520     0x4  startup_stm32f30x.o [1]
  .text              ro code   0x800'3524     0x4  startup_stm32f30x.o [1]
  .text              ro code   0x800'3528     0x4  startup_stm32f30x.o [1]
  .text              ro code   0x800'352c     0x4  startup_stm32f30x.o [1]
  .text              ro code   0x800'3530     0x4  startup_stm32f30x.o [1]
  .text              ro code   0x800'3534     0x4  startup_stm32f30x.o [1]
  .text              ro code   0x800'3538     0x4  startup_stm32f30x.o [1]
  .text              ro code   0x800'353c     0x4  startup_stm32f30x.o [1]
  .text              ro code   0x800'3540     0x4  startup_stm32f30x.o [1]
  .text              ro code   0x800'3544     0x4  startup_stm32f30x.o [1]
  .text              ro code   0x800'3548     0x4  startup_stm32f30x.o [1]
  .text              ro code   0x800'354c     0x4  startup_stm32f30x.o [1]
  .text              ro code   0x800'3550     0x4  startup_stm32f30x.o [1]
  .text              ro code   0x800'3554     0x4  startup_stm32f30x.o [1]
  .text              ro code   0x800'3558     0x4  startup_stm32f30x.o [1]
  .text              ro code   0x800'355c     0x4  startup_stm32f30x.o [1]
  .text              ro code   0x800'3560     0x4  startup_stm32f30x.o [1]
  .text              ro code   0x800'3564     0x4  startup_stm32f30x.o [1]
  .text              ro code   0x800'3568     0x4  startup_stm32f30x.o [1]
  .text              ro code   0x800'356c     0x4  startup_stm32f30x.o [1]
  .text              ro code   0x800'3570     0x4  startup_stm32f30x.o [1]
  .text              ro code   0x800'3574     0x4  startup_stm32f30x.o [1]
  .text              ro code   0x800'3578     0x4  startup_stm32f30x.o [1]
  .text              ro code   0x800'357c     0x4  startup_stm32f30x.o [1]
  .text              ro code   0x800'3580     0x4  startup_stm32f30x.o [1]
  .text              ro code   0x800'3584     0x4  startup_stm32f30x.o [1]
  .text              ro code   0x800'3588     0x4  startup_stm32f30x.o [1]
  .text              ro code   0x800'358c     0x4  startup_stm32f30x.o [1]
  .text              ro code   0x800'3590     0x4  startup_stm32f30x.o [1]
  .text              ro code   0x800'3594     0x4  startup_stm32f30x.o [1]
  .text              ro code   0x800'3598     0x4  startup_stm32f30x.o [1]
  .text              ro code   0x800'359c     0x4  startup_stm32f30x.o [1]
  .text              ro code   0x800'35a0     0x4  startup_stm32f30x.o [1]
  .text              ro code   0x800'35a4     0x4  startup_stm32f30x.o [1]
  .text              ro code   0x800'35a8     0x4  startup_stm32f30x.o [1]
  .text              ro code   0x800'35ac     0x4  startup_stm32f30x.o [1]
  .text              ro code   0x800'35b0     0x4  startup_stm32f30x.o [1]
  .text              ro code   0x800'35b4     0x4  startup_stm32f30x.o [1]
  .text              ro code   0x800'35b8     0x0  cstart_closeall.o [4]
  .rodata            const     0x800'35b8     0x0  zero_init3.o [4]
  .rodata            const     0x800'35b8     0x0  lz77_init_single.o [4]
  Initializer bytes  const     0x800'35b8    0x70  <for P2-1>
                             - 0x800'3628  0x34a0

"P2", part 1 of 3:                          0x140
  P2-1                        0x2000'0000   0x140  <Init block>
    .data            inited   0x2000'0000     0x4  main.o [1]
    .data            inited   0x2000'0004     0x4  main.o [1]
    .data            inited   0x2000'0008    0x38  xlocale_c.o [2]
    .data            inited   0x2000'0040    0x48  xfiles.o [2]
    .data            inited   0x2000'0088    0x48  xfiles.o [2]
    .data            inited   0x2000'00d0    0x48  xfiles.o [2]
    .data            inited   0x2000'0118    0x20  xfiles.o [2]
    .data            inited   0x2000'0138     0x8  XShttio.o [2]
                            - 0x2000'0140   0x140

"P2", part 2 of 3:                          0x2d4
  .bss               zero     0x2000'0140    0xc8  main.o [1]
  .bss               zero     0x2000'0208    0xc8  main.o [1]
  .bss               zero     0x2000'02d0    0x80  XShHandles.o [2]
  .bss               zero     0x2000'0350    0x50  xfiles.o [2]
  .bss               zero     0x2000'03a0    0x50  xfiles.o [2]
  .bss               zero     0x2000'03f0     0x8  heap0.o [2]
  .bss               zero     0x2000'03f8     0x4  main.o [1]
  .bss               zero     0x2000'03fc     0x4  main.o [1]
  .bss               zero     0x2000'0400     0x4  main.o [1]
  .bss               zero     0x2000'0404     0x4  main.o [1]
  .bss               zero     0x2000'0408     0x4  xfail_s.o [2]
  .bss               zero     0x2000'040c     0x4  xgetmemchunk.o [2]
  .bss               zero     0x2000'0410     0x1  XShttio.o [2]
                            - 0x2000'0411   0x2d1

"P2", part 3 of 3:                         0x4000
  CSTACK                      0x2000'0418  0x2000  <Block>
    CSTACK           uninit   0x2000'0418  0x2000  <Block tail>
  HEAP                        0x2000'2418  0x2000  <Block>
    HEAP             uninit   0x2000'2418  0x2000  <Block tail>
                            - 0x2000'4418  0x4000

Unused ranges:

         From           To      Size
         ----           --      ----
   0x800'3628   0x803'ffff  0x3'c9d8
  0x2000'0414  0x2000'0417       0x4
  0x2000'4418  0x2000'9fff    0x5be8


*******************************************************************************
*** INIT TABLE
***

          Address      Size
          -------      ----
Zero (__iar_zero_init3)
    1 destination range, total size 0x2d1:
          0x2000'0140  0x2d1

Copy/lz77 (__iar_lz77_init_single3)
    1 source range, total size 0x70 (35% of destination):
           0x800'35b8   0x70
    1 destination range, total size 0x140:
          0x2000'0000  0x140



*******************************************************************************
*** MODULE SUMMARY
***

    Module               ro code  ro data  rw data
    ------               -------  -------  -------
command line/config:
    ----------------------------------------------
    Total:

C:\Users\hp\Dropbox\Laboratorio di Misure\WorkspaceLMM\RIFATTI\Progetto17\Debug\Obj: [1]
    main.o                 1'180       70      424
    startup_stm32f30x.o      704
    system_stm32f30x.o       280
    ----------------------------------------------
    Total:                 2'164       70      424

dl7M_tlf.a: [2]
    XShHandles.o             204               128
    XShttio.o                 60        3        9
    abort.o                    6
    exit.o                     4
    fclose.o                 126
    fflush.o                 172
    fputc.o                   84
    fseek.o                   36
    heap0.o                  312                 8
    heaptramp0.o               4
    low_level_init.o           4
    printf.o                  40
    putchar.o                 12
    xcloseall.o               60
    xfail_s.o                 64                 4
    xfgpos.o                  12
    xfiles.o                           87      408
    xfofind.o                156
    xfspos.o                 216
    xfwprep.o                180
    xgetmemchunk.o            44                 4
    xlocale_c.o                8       23       56
    xprintffull_nomb.o     4'038        8
    xprout.o                  22
    ----------------------------------------------
    Total:                 5'864      121      617

m7M_tl.a: [3]
    DblAdd.o                 378
    DblCmpGe.o                46
    DblCmpLe.o                46
    DblDiv.o                 582
    DblMul.o                 418
    DblSub.o                 226
    DblToFlt.o               104
    DblToS32.o                58
    DblToU32.o                40
    FltDiv.o                 252
    FltToDbl.o                72
    S32ToDbl.o                34
    S32ToFlt.o                36
    U32ToDbl.o                26
    cos_sin64.o            1'052
    frexp.o                  112
    ldexp.o                  314
    sqrt.o                   242
    ----------------------------------------------
    Total:                 4'038

rt7M_tl.a: [4]
    ABImemcpy.o              166
    I64DivMod.o              560
    I64DivZer.o                2
    cexit.o                   14
    cmain.o                   30
    cstart_closeall.o
    cstartup_M.o              12
    data_init.o               40
    lz77_init_single.o       120
    memchr.o                  88
    strchr.o                  22
    strlen.o                  54
    zero_init3.o              58
    ----------------------------------------------
    Total:                 1'166

shb_l.a: [5]
    close.o                   24
    dwrite.o                  30
    exit.o                    20
    iarttio.o                124
    iarwrite.o                34
    iarwstd.o                 32
    lseek.o                   74
    remove.o                  20
    write.o                   16
    ----------------------------------------------
    Total:                   374

    Gaps                      35
    Linker created                     32   16'384
--------------------------------------------------
    Grand Total:          13'641      223   17'425


*******************************************************************************
*** ENTRY LIST
***

Entry                       Address   Size  Type      Object
-----                       -------   ----  ----      ------
.iar.init_table$$Base    0x800'33d4          --   Gb  - Linker created -
.iar.init_table$$Limit   0x800'33f4          --   Gb  - Linker created -
?main                    0x800'3415         Code  Gb  cmain.o [4]
Aldata                  0x2000'03f0    0x8  Data  Lc  heap0.o [2]
CSTACK$$Base            0x2000'0418          --   Gb  - Linker created -
CSTACK$$Limit           0x2000'2418          --   Gb  - Linker created -
DMA1_Channel1_IRQHandler
                         0x800'21a1  0x166  Code  Gb  main.o [1]
HEAP$$Base              0x2000'2418          --   Gb  - Linker created -
HEAP$$Limit             0x2000'4418          --   Gb  - Linker created -
LUT                     0x2000'0140   0xc8  Data  Gb  main.o [1]
LUT2                    0x2000'0208   0xc8  Data  Gb  main.o [1]
Region$$Table$$Base      0x800'33d4          --   Gb  - Linker created -
Region$$Table$$Limit     0x800'33f4          --   Gb  - Linker created -
SetSysClock              0x800'2c83   0x9a  Code  Lc  system_stm32f30x.o [1]
SystemInit               0x800'2c2d   0x56  Code  Gb  system_stm32f30x.o [1]
Vsin                    0x2000'03fc    0x4  Data  Gb  main.o [1]
_Close_all               0x800'334d   0x3c  Code  Gb  xcloseall.o [2]
_Files                  0x2000'0118   0x20  Data  Gb  xfiles.o [2]
_Fofree                  0x800'3135   0x96  Code  Gb  xfofind.o [2]
_Fspos                   0x800'2d45   0xd8  Code  Gb  xfspos.o [2]
_Fwprep                  0x800'305d   0xb4  Code  Gb  xfwprep.o [2]
_LitobFullNoMb           0x800'0f49  0x10a  Code  Lc  xprintffull_nomb.o [2]
_Locale_lconv           0x2000'0008   0x38  Data  Lc  xlocale_c.o [2]
_Nnl                     0x800'2ec9    0xc  Code  Gb  xfgpos.o [2]
_PrintfFullNoMb          0x800'0189  0xd9c  Code  Gb  xprintffull_nomb.o [2]
_Prout                   0x800'344b   0x16  Code  Gb  xprout.o [2]
_PutcharFullNoMb         0x800'10b9   0x20  Code  Lc  xprintffull_nomb.o [2]
_PutcharsFullNoMb        0x800'10d9   0x2e  Code  Lc  xprintffull_nomb.o [2]
__aeabi_cdcmple          0x800'1389         Code  Gb  DblCmpLe.o [3]
__aeabi_cdrcmple         0x800'13b9         Code  Gb  DblCmpGe.o [3]
__aeabi_d2f              0x800'2945         Code  Gb  DblToFlt.o [3]
__aeabi_d2iz             0x800'1525         Code  Gb  DblToS32.o [3]
__aeabi_d2uiz            0x800'18b1         Code  Gb  DblToU32.o [3]
__aeabi_dadd             0x800'1cd9         Code  Gb  DblAdd.o [3]
__aeabi_ddiv             0x800'1669         Code  Gb  DblDiv.o [3]
__aeabi_dmul             0x800'18f5         Code  Gb  DblMul.o [3]
__aeabi_dsub             0x800'1585         Code  Gb  DblSub.o [3]
__aeabi_f2d              0x800'23c1         Code  Gb  FltToDbl.o [3]
__aeabi_fdiv             0x800'242d         Code  Gb  FltDiv.o [3]
__aeabi_i2d              0x800'1561         Code  Gb  S32ToDbl.o [3]
__aeabi_i2f              0x800'2409         Code  Gb  S32ToFlt.o [3]
__aeabi_ldiv0            0x800'1e55         Code  Gb  I64DivZer.o [4]
__aeabi_memcpy           0x800'1271         Code  Gb  ABImemcpy.o [4]
__aeabi_memcpy4          0x800'1291         Code  Gb  ABImemcpy.o [4]
__aeabi_memcpy8          0x800'1291         Code  Gb  ABImemcpy.o [4]
__aeabi_ui2d             0x800'18d9         Code  Gb  U32ToDbl.o [3]
__aeabi_uldivmod         0x800'1aa1         Code  Gb  I64DivMod.o [4]
__basic_free             0x800'2b73   0x16  Code  Gb  heap0.o [2]
__basic_free_intern      0x800'2b89   0x74  Code  Lc  heap0.o [2]
__basic_malloc           0x800'2ac9   0x18  Code  Gb  heap0.o [2]
__basic_malloc_intern    0x800'2ae1   0x92  Code  Lc  heap0.o [2]
__cexit_closeall         0x800'343f         Code  Gb  cexit.o [4]
__close                  0x800'3253   0x18  Code  Gb  close.o [5]
__cmain                  0x800'3415         Code  Gb  cmain.o [4]
__cstart_closeall        0x800'35b8         Data  Gb  cstart_closeall.o [4]
__data_GetMemChunk       0x800'2c01   0x2c  Code  Gb  xgetmemchunk.o [2]
__data_GetMemChunk::start
                        0x2000'040c    0x4  Data  Lc  xgetmemchunk.o [2]
__dwrite                 0x800'2ffd   0x1e  Code  Gb  dwrite.o [5]
__exit                   0x800'1e59   0x14  Code  Gb  exit.o [5]
__iar_Fail_s             0x800'11a1   0x1c  Code  Gb  xfail_s.o [2]
__iar_Memchr             0x800'1219         Code  Gb  memchr.o [4]
__iar_Sin64              0x800'2529  0x38c  Code  Lc  cos_sin64.o [3]
__iar_Stderr            0x2000'00d0   0x48  Data  Gb  xfiles.o [2]
__iar_Stdin             0x2000'0040   0x48  Data  Gb  xfiles.o [2]
__iar_Stdout            0x2000'0088   0x48  Data  Gb  xfiles.o [2]
__iar_Strchr             0x800'1189         Code  Gb  strchr.o [4]
__iar_close_ttio         0x800'1e6d   0x2c  Code  Gb  iarttio.o [5]
__iar_dadd               0x800'1595         Code  Gb  DblSub.o [3]
__iar_data_init3         0x800'3389   0x28  Code  Gb  data_init.o [4]
__iar_dsub               0x800'1ce9         Code  Gb  DblAdd.o [3]
__iar_dsubStart          0x800'1cfb         Code  Gb  DblAdd.o [3]
__iar_frexp              0x800'1325         Code  Gb  frexp.o [3]
__iar_frexp64            0x800'1319         Code  Gb  frexp.o [3]
__iar_frexpl             0x800'1325         Code  Gb  frexp.o [3]
__iar_get_ttio           0x800'1e99   0x4c  Code  Gb  iarttio.o [5]
__iar_ldexp64            0x800'13e9         Code  Gb  ldexp.o [3]
__iar_lookup_ttioh       0x800'1f17    0x4  Code  Gb  XShttio.o [2]
__iar_lz77_init_single3
                         0x800'327f   0x78  Code  Gb  lz77_init_single.o [4]
__iar_program_start      0x800'347d         Code  Gb  cstartup_M.o [4]
__iar_scalbln64          0x800'13e9         Code  Gb  ldexp.o [3]
__iar_scalbn64           0x800'13e9         Code  Gb  ldexp.o [3]
__iar_sh_Discard         0x800'2f31   0x42  Code  Gb  XShHandles.o [2]
__iar_sh_Move            0x800'2f73   0x46  Code  Gb  XShHandles.o [2]
__iar_sh_Pos             0x800'2fb9   0x3e  Code  Gb  XShHandles.o [2]
__iar_sh_stdout          0x800'301b   0x20  Code  Gb  iarwstd.o [5]
__iar_sh_write           0x800'303b   0x22  Code  Gb  iarwrite.o [5]
__iar_sin64              0x800'2941    0x4  Code  Gb  cos_sin64.o [3]
__iar_sin_medium         0x800'2941    0x4  Code  Gb  cos_sin64.o [3]
__iar_sin_medium64       0x800'2941    0x4  Code  Gb  cos_sin64.o [3]
__iar_sin_mediuml        0x800'2941    0x4  Code  Gb  cos_sin64.o [3]
__iar_sqrt64             0x800'29ad         Code  Gb  sqrt.o [3]
__iar_ttio_guard_lock    0x800'1ee9   0x1e  Code  Gb  XShttio.o [2]
__iar_ttio_guard_unlock
                         0x800'1f07   0x10  Code  Gb  XShttio.o [2]
__iar_ttio_handles      0x2000'0138    0x8  Data  Lc  XShttio.o [2]
__iar_zero_init3         0x800'114f   0x3a  Code  Gb  zero_init3.o [4]
__low_level_init         0x800'3433    0x4  Code  Gb  low_level_init.o [2]
__lseek                  0x800'2ed5   0x4a  Code  Gb  lseek.o [5]
__vector_table           0x800'0000         Data  Gb  startup_stm32f30x.o [1]
__write                  0x800'2f1f   0x10  Code  Gb  write.o [5]
_call_main               0x800'3421         Code  Gb  cmain.o [4]
_exit                    0x800'343d         Code  Gb  cexit.o [4]
_main                    0x800'342f         Code  Gb  cmain.o [4]
abort                    0x800'1cd1    0x6  Code  Gb  abort.o [2]
ampiezza                0x2000'0000    0x4  Data  Gb  main.o [1]
ebuf                    0x2000'0350   0x50  Data  Lc  xfiles.o [2]
exit                     0x800'3437    0x4  Code  Gb  exit.o [2]
fclose                   0x800'31d5   0x7e  Code  Gb  fclose.o [2]
fflush                   0x800'2e91   0x34  Code  Gb  fflush.o [2]
fflushOne                0x800'2e1d   0x74  Code  Lc  fflush.o [2]
fputc                    0x800'32f7   0x54  Code  Gb  fputc.o [2]
free                     0x800'31d1    0x4  Code  Gb  heaptramp0.o [2]
frexp                    0x800'1319         Code  Gb  frexp.o [3]
frexpl                   0x800'1319         Code  Gb  frexp.o [3]
fseek                    0x800'3111   0x24  Code  Gb  fseek.o [2]
ldexp                    0x800'13e9         Code  Gb  ldexp.o [3]
ldexpl                   0x800'13e9         Code  Gb  ldexp.o [3]
localeconv               0x800'1a99    0x4  Code  Gb  xlocale_c.o [2]
main                     0x800'1f25  0x27c  Code  Gb  main.o [1]
memchr                   0x800'1219         Code  Gb  memchr.o [4]
obuf                    0x2000'03a0   0x50  Data  Lc  xfiles.o [2]
offset                  0x2000'0004    0x4  Data  Gb  main.o [1]
printf                   0x800'2aa1   0x28  Code  Gb  printf.o [2]
putchar                  0x800'3461    0xc  Code  Gb  putchar.o [2]
remove                   0x800'326b   0x14  Code  Gb  remove.o [5]
sFileInfo               0x2000'02d0   0x80  Data  Lc  XShHandles.o [2]
scalbln                  0x800'13e9         Code  Gb  ldexp.o [3]
scalblnl                 0x800'13e9         Code  Gb  ldexp.o [3]
scalbn                   0x800'13e9         Code  Gb  ldexp.o [3]
scalbnl                  0x800'13e9         Code  Gb  ldexp.o [3]
scale                    0x800'1053   0x46  Code  Lc  xprintffull_nomb.o [2]
sec_hand                0x2000'0408    0x4  Data  Lc  xfail_s.o [2]
sin                      0x800'2941    0x4  Code  Gb  cos_sin64.o [3]
sinl                     0x800'2941    0x4  Code  Gb  cos_sin64.o [3]
sqrt                     0x800'29ad         Code  Gb  sqrt.o [3]
sqrtl                    0x800'29ad         Code  Gb  sqrt.o [3]
strchr                   0x800'1189         Code  Gb  strchr.o [4]
strlen                   0x800'11e1         Code  Gb  strlen.o [4]
sum                     0x2000'03f8    0x4  Data  Gb  main.o [1]
ttio_guard              0x2000'0410    0x1  Data  Lc  XShttio.o [2]
v_eff                   0x2000'0404    0x4  Data  Gb  main.o [1]
val                     0x2000'0400    0x4  Data  Gb  main.o [1]


[1] = C:\Users\hp\Dropbox\Laboratorio di Misure\WorkspaceLMM\RIFATTI\Progetto17\Debug\Obj
[2] = dl7M_tlf.a
[3] = m7M_tl.a
[4] = rt7M_tl.a
[5] = shb_l.a

  13'641 bytes of readonly  code memory
     223 bytes of readonly  data memory
  17'425 bytes of readwrite data memory

Errors: none
Warnings: none
