###############################################################################
#
# IAR ELF Linker V8.40.2.214/W32 for ARM                  31/Jan/2020  19:49:48
# Copyright 2007-2019 IAR Systems AB.
#
#    Output file  =
#        C:\Users\hp\Dropbox\Laboratorio di
#        Misure\WorkspaceLMM\Progetto14\Debug\Exe\Progetto14.out
#    Map file     =
#        C:\Users\hp\Dropbox\Laboratorio di
#        Misure\WorkspaceLMM\Progetto14\Debug\List\Progetto14.map
#    Command line =
#        -f C:\Users\hp\AppData\Local\Temp\EW2125.tmp
#        ("C:\Users\hp\Dropbox\Laboratorio di
#        Misure\WorkspaceLMM\Progetto14\Debug\Obj\main.o"
#        "C:\Users\hp\Dropbox\Laboratorio di
#        Misure\WorkspaceLMM\Progetto14\Debug\Obj\startup_stm32f30x.o"
#        "C:\Users\hp\Dropbox\Laboratorio di
#        Misure\WorkspaceLMM\Progetto14\Debug\Obj\system_stm32f30x.o"
#        --no_out_extension -o "C:\Users\hp\Dropbox\Laboratorio di
#        Misure\WorkspaceLMM\Progetto14\Debug\Exe\Progetto14.out" --redirect
#        _Printf=_PrintfFullNoMb --redirect _Scanf=_ScanfFullNoMb --map
#        "C:\Users\hp\Dropbox\Laboratorio di
#        Misure\WorkspaceLMM\Progetto14\Debug\List\Progetto14.map" --config
#        "C:\Program Files (x86)\IAR Systems\Embedded Workbench
#        8.3\arm\config\linker\ST\stm32f303xC.icf" --semihosting --entry
#        __iar_program_start --vfe --text_out locale)
#
###############################################################################

*******************************************************************************
*** RUNTIME MODEL ATTRIBUTES
***

CppFlavor       = *
__Heap_Handler  = Basic
__SystemLibrary = DLib
__dlib_version  = 6


*******************************************************************************
*** HEAP SELECTION
***

The basic heap was selected because some modules are built with
size limitations (and not runtime checking), and --advanced_heap
was not specified.


*******************************************************************************
*** PLACEMENT SUMMARY
***

"A0":  place at address 0x800'0000 { ro section .intvec };
"P1":  place in [from 0x800'0000 to 0x803'ffff] { ro };
define block CSTACK with size = 8K, alignment = 8 { };
define block HEAP with size = 8K, alignment = 8 { };
"P2":  place in [from 0x2000'0000 to 0x2000'9fff] {
          rw, block CSTACK, block HEAP };
initialize by copy { rw };

No sections matched the following patterns:

  section .ccmram  in "P3"


  Section            Kind         Address    Size  Object
  -------            ----         -------    ----  ------
"A0":                                       0x188
  .intvec            ro code   0x800'0000   0x188  startup_stm32f30x.o [1]
                             - 0x800'0188   0x188

"P1":                                      0x2ba9
  .text              ro code   0x800'0188   0xfc6  xprintffull_nomb.o [2]
  .text              ro code   0x800'114e    0x3a  zero_init3.o [4]
  .text              ro code   0x800'1188    0x16  strchr.o [4]
  .rodata            const     0x800'119e     0x2  xlocale_c.o [2]
  .text              ro code   0x800'11a0    0x40  xfail_s.o [2]
  .text              ro code   0x800'11e0    0x36  strlen.o [4]
  .rodata            const     0x800'1216     0x1  xlocale_c.o [2]
  .text              ro code   0x800'1218    0x58  memchr.o [4]
  .text              ro code   0x800'1270    0xa6  ABImemcpy.o [4]
  .text              ro code   0x800'1318    0x70  frexp.o [3]
  .text              ro code   0x800'1388    0x2e  DblCmpLe.o [3]
  .text              ro code   0x800'13b8    0x2e  DblCmpGe.o [3]
  .text              ro code   0x800'13e8   0x13a  ldexp.o [3]
  .text              ro code   0x800'1524    0x3a  DblToS32.o [3]
  .text              ro code   0x800'1560    0x22  S32ToDbl.o [3]
  .text              ro code   0x800'1584    0xe2  DblSub.o [3]
  .text              ro code   0x800'1668   0x246  DblDiv.o [3]
  .text              ro code   0x800'18b0    0x28  DblToU32.o [3]
  .text              ro code   0x800'18d8    0x1a  U32ToDbl.o [3]
  .text              ro code   0x800'18f4   0x1a2  DblMul.o [3]
  .text              ro code   0x800'1a98     0x8  xlocale_c.o [2]
  .text              ro code   0x800'1aa0   0x230  I64DivMod.o [4]
  .text              ro code   0x800'1cd0     0x6  abort.o [2]
  .text              ro code   0x800'1cd8   0x16a  DblAdd.o [3]
  .text              ro code   0x800'1e44     0x2  I64DivZer.o [4]
  .text              ro code   0x800'1e48    0x14  exit.o [5]
  .text              ro code   0x800'1e5c    0x7c  iarttio.o [5]
  .text              ro code   0x800'1ed8    0x3c  XShttio.o [2]
  .text              ro code   0x800'1f14   0x1a4  main.o [1]
  .text              ro code   0x800'20b8    0x68  DblToFlt.o [3]
  .text              ro code   0x800'2120    0x28  printf.o [2]
  .text              ro code   0x800'2148    0x48  FltToDbl.o [3]
  .text              ro code   0x800'2190   0x138  heap0.o [2]
  .text              ro code   0x800'22c8    0x2c  xgetmemchunk.o [2]
  .text              ro code   0x800'22f4   0x128  system_stm32f30x.o [1]
  .text              ro code   0x800'241c    0xd8  xfspos.o [2]
  .text              ro code   0x800'24f4    0xac  fflush.o [2]
  .text              ro code   0x800'25a0     0xc  xfgpos.o [2]
  .text              ro code   0x800'25ac    0x4a  lseek.o [5]
  .text              ro code   0x800'25f6    0x10  write.o [5]
  .text              ro code   0x800'2608    0xcc  XShHandles.o [2]
  .text              ro code   0x800'26d4    0x1e  dwrite.o [5]
  .text              ro code   0x800'26f2    0x20  iarwstd.o [5]
  .text              ro code   0x800'2712    0x22  iarwrite.o [5]
  .text              ro code   0x800'2734    0xb4  xfwprep.o [2]
  .text              ro code   0x800'27e8    0x24  fseek.o [2]
  .text              ro code   0x800'280c    0x9c  xfofind.o [2]
  .text              ro code   0x800'28a8     0x4  heaptramp0.o [2]
  .text              ro code   0x800'28ac    0x7e  fclose.o [2]
  .text              ro code   0x800'292a    0x18  close.o [5]
  .text              ro code   0x800'2942    0x14  remove.o [5]
  .text              ro code   0x800'2956    0x78  lz77_init_single.o [4]
  .text              ro code   0x800'29ce    0x54  fputc.o [2]
  .text              ro code   0x800'2a24    0x3c  xcloseall.o [2]
  .text              ro code   0x800'2a60    0x28  data_init.o [4]
  .text              ro code   0x800'2a88    0x22  fpinit_M.o [3]
  .iar.init_table    const     0x800'2aac    0x20  - Linker created -
  .text              ro code   0x800'2acc    0x1e  cmain.o [4]
  .text              ro code   0x800'2aea     0x4  low_level_init.o [2]
  .text              ro code   0x800'2aee     0x4  exit.o [2]
  .text              ro code   0x800'2af4     0xe  cexit.o [4]
  .text              ro code   0x800'2b02    0x16  xprout.o [2]
  .text              ro code   0x800'2b18     0xc  putchar.o [2]
  .rodata            const     0x800'2b24    0x10  main.o [1]
  .rodata            const     0x800'2b34    0x10  main.o [1]
  .rodata            const     0x800'2b44    0x10  main.o [1]
  .rodata            const     0x800'2b54    0x10  main.o [1]
  .text              ro code   0x800'2b64    0x10  startup_stm32f30x.o [1]
  .text              ro code   0x800'2b74     0xc  cstartup_M.o [4]
  .rodata            const     0x800'2b80     0x8  main.o [1]
  .rodata            const     0x800'2b88     0x8  main.o [1]
  .rodata            const     0x800'2b90     0x8  xprintffull_nomb.o [2]
  .text              ro code   0x800'2b98     0x4  startup_stm32f30x.o [1]
  .text              ro code   0x800'2b9c     0x4  startup_stm32f30x.o [1]
  .text              ro code   0x800'2ba0     0x4  startup_stm32f30x.o [1]
  .text              ro code   0x800'2ba4     0x4  startup_stm32f30x.o [1]
  .text              ro code   0x800'2ba8     0x4  startup_stm32f30x.o [1]
  .text              ro code   0x800'2bac     0x4  startup_stm32f30x.o [1]
  .text              ro code   0x800'2bb0     0x4  startup_stm32f30x.o [1]
  .text              ro code   0x800'2bb4     0x4  startup_stm32f30x.o [1]
  .text              ro code   0x800'2bb8     0x4  startup_stm32f30x.o [1]
  .text              ro code   0x800'2bbc     0x4  startup_stm32f30x.o [1]
  .text              ro code   0x800'2bc0     0x4  startup_stm32f30x.o [1]
  .text              ro code   0x800'2bc4     0x4  startup_stm32f30x.o [1]
  .text              ro code   0x800'2bc8     0x4  startup_stm32f30x.o [1]
  .text              ro code   0x800'2bcc     0x4  startup_stm32f30x.o [1]
  .text              ro code   0x800'2bd0     0x4  startup_stm32f30x.o [1]
  .text              ro code   0x800'2bd4     0x4  startup_stm32f30x.o [1]
  .text              ro code   0x800'2bd8     0x4  startup_stm32f30x.o [1]
  .text              ro code   0x800'2bdc     0x4  startup_stm32f30x.o [1]
  .text              ro code   0x800'2be0     0x4  startup_stm32f30x.o [1]
  .text              ro code   0x800'2be4     0x4  startup_stm32f30x.o [1]
  .text              ro code   0x800'2be8     0x4  startup_stm32f30x.o [1]
  .text              ro code   0x800'2bec     0x4  startup_stm32f30x.o [1]
  .text              ro code   0x800'2bf0     0x4  startup_stm32f30x.o [1]
  .text              ro code   0x800'2bf4     0x4  startup_stm32f30x.o [1]
  .text              ro code   0x800'2bf8     0x4  startup_stm32f30x.o [1]
  .text              ro code   0x800'2bfc     0x4  startup_stm32f30x.o [1]
  .text              ro code   0x800'2c00     0x4  startup_stm32f30x.o [1]
  .text              ro code   0x800'2c04     0x4  startup_stm32f30x.o [1]
  .text              ro code   0x800'2c08     0x4  startup_stm32f30x.o [1]
  .text              ro code   0x800'2c0c     0x4  startup_stm32f30x.o [1]
  .text              ro code   0x800'2c10     0x4  startup_stm32f30x.o [1]
  .text              ro code   0x800'2c14     0x4  startup_stm32f30x.o [1]
  .text              ro code   0x800'2c18     0x4  startup_stm32f30x.o [1]
  .text              ro code   0x800'2c1c     0x4  startup_stm32f30x.o [1]
  .text              ro code   0x800'2c20     0x4  startup_stm32f30x.o [1]
  .text              ro code   0x800'2c24     0x4  startup_stm32f30x.o [1]
  .text              ro code   0x800'2c28     0x4  startup_stm32f30x.o [1]
  .text              ro code   0x800'2c2c     0x4  startup_stm32f30x.o [1]
  .text              ro code   0x800'2c30     0x4  startup_stm32f30x.o [1]
  .text              ro code   0x800'2c34     0x4  startup_stm32f30x.o [1]
  .text              ro code   0x800'2c38     0x4  startup_stm32f30x.o [1]
  .text              ro code   0x800'2c3c     0x4  startup_stm32f30x.o [1]
  .text              ro code   0x800'2c40     0x4  startup_stm32f30x.o [1]
  .text              ro code   0x800'2c44     0x4  startup_stm32f30x.o [1]
  .text              ro code   0x800'2c48     0x4  startup_stm32f30x.o [1]
  .text              ro code   0x800'2c4c     0x4  startup_stm32f30x.o [1]
  .text              ro code   0x800'2c50     0x4  startup_stm32f30x.o [1]
  .text              ro code   0x800'2c54     0x4  startup_stm32f30x.o [1]
  .text              ro code   0x800'2c58     0x4  startup_stm32f30x.o [1]
  .text              ro code   0x800'2c5c     0x4  startup_stm32f30x.o [1]
  .text              ro code   0x800'2c60     0x4  startup_stm32f30x.o [1]
  .text              ro code   0x800'2c64     0x4  startup_stm32f30x.o [1]
  .text              ro code   0x800'2c68     0x4  startup_stm32f30x.o [1]
  .text              ro code   0x800'2c6c     0x4  startup_stm32f30x.o [1]
  .text              ro code   0x800'2c70     0x4  startup_stm32f30x.o [1]
  .text              ro code   0x800'2c74     0x4  startup_stm32f30x.o [1]
  .text              ro code   0x800'2c78     0x4  startup_stm32f30x.o [1]
  .text              ro code   0x800'2c7c     0x4  startup_stm32f30x.o [1]
  .text              ro code   0x800'2c80     0x4  startup_stm32f30x.o [1]
  .text              ro code   0x800'2c84     0x4  startup_stm32f30x.o [1]
  .text              ro code   0x800'2c88     0x4  startup_stm32f30x.o [1]
  .text              ro code   0x800'2c8c     0x4  startup_stm32f30x.o [1]
  .text              ro code   0x800'2c90     0x4  startup_stm32f30x.o [1]
  .text              ro code   0x800'2c94     0x4  startup_stm32f30x.o [1]
  .text              ro code   0x800'2c98     0x4  startup_stm32f30x.o [1]
  .text              ro code   0x800'2c9c     0x4  startup_stm32f30x.o [1]
  .text              ro code   0x800'2ca0     0x4  startup_stm32f30x.o [1]
  .text              ro code   0x800'2ca4     0x4  startup_stm32f30x.o [1]
  .text              ro code   0x800'2ca8     0x4  startup_stm32f30x.o [1]
  .text              ro code   0x800'2cac     0x4  startup_stm32f30x.o [1]
  .text              ro code   0x800'2cb0     0x4  startup_stm32f30x.o [1]
  .text              ro code   0x800'2cb4     0x4  startup_stm32f30x.o [1]
  .text              ro code   0x800'2cb8     0x4  startup_stm32f30x.o [1]
  .text              ro code   0x800'2cbc     0x4  startup_stm32f30x.o [1]
  .text              ro code   0x800'2cc0     0x4  startup_stm32f30x.o [1]
  .text              ro code   0x800'2cc4     0x0  cstart_closeall.o [4]
  .rodata            const     0x800'2cc4     0x0  zero_init3.o [4]
  .rodata            const     0x800'2cc4     0x0  lz77_init_single.o [4]
  Initializer bytes  const     0x800'2cc4    0x6d  <for P2-1>
                             - 0x800'2d31  0x2ba9

"P2", part 1 of 3:                          0x13c
  P2-1                        0x2000'0000   0x13c  <Init block>
    .data            inited   0x2000'0000     0x4  main.o [1]
    .data            inited   0x2000'0004    0x38  xlocale_c.o [2]
    .data            inited   0x2000'003c    0x48  xfiles.o [2]
    .data            inited   0x2000'0084    0x48  xfiles.o [2]
    .data            inited   0x2000'00cc    0x48  xfiles.o [2]
    .data            inited   0x2000'0114    0x20  xfiles.o [2]
    .data            inited   0x2000'0134     0x8  XShttio.o [2]
                            - 0x2000'013c   0x13c

"P2", part 2 of 3:                          0x140
  .bss               zero     0x2000'013c    0x80  XShHandles.o [2]
  .bss               zero     0x2000'01bc    0x50  xfiles.o [2]
  .bss               zero     0x2000'020c    0x50  xfiles.o [2]
  .bss               zero     0x2000'025c     0x8  heap0.o [2]
  .bss               zero     0x2000'0264     0x4  main.o [1]
  .bss               zero     0x2000'0268     0x4  main.o [1]
  .bss               zero     0x2000'026c     0x4  main.o [1]
  .bss               zero     0x2000'0270     0x4  xfail_s.o [2]
  .bss               zero     0x2000'0274     0x4  xgetmemchunk.o [2]
  .bss               zero     0x2000'0278     0x1  XShttio.o [2]
                            - 0x2000'0279   0x13d

"P2", part 3 of 3:                         0x4000
  CSTACK                      0x2000'0280  0x2000  <Block>
    CSTACK           uninit   0x2000'0280  0x2000  <Block tail>
  HEAP                        0x2000'2280  0x2000  <Block>
    HEAP             uninit   0x2000'2280  0x2000  <Block tail>
                            - 0x2000'4280  0x4000

Unused ranges:

         From           To      Size
         ----           --      ----
   0x800'2d31   0x803'ffff  0x3'd2cf
  0x2000'027c  0x2000'027f       0x4
  0x2000'4280  0x2000'9fff    0x5d80


*******************************************************************************
*** INIT TABLE
***

          Address      Size
          -------      ----
Zero (__iar_zero_init3)
    1 destination range, total size 0x13d:
          0x2000'013c  0x13d

Copy/lz77 (__iar_lz77_init_single3)
    1 source range, total size 0x6d (34% of destination):
           0x800'2cc4   0x6d
    1 destination range, total size 0x13c:
          0x2000'0000  0x13c



*******************************************************************************
*** MODULE SUMMARY
***

    Module               ro code  ro data  rw data
    ------               -------  -------  -------
command line/config:
    ----------------------------------------------
    Total:

C:\Users\hp\Dropbox\Laboratorio di Misure\WorkspaceLMM\Progetto14\Debug\Obj: [1]
    main.o                   420       81       16
    startup_stm32f30x.o      708
    system_stm32f30x.o       296
    ----------------------------------------------
    Total:                 1'424       81       16

dl7M_tlf.a: [2]
    XShHandles.o             204               128
    XShttio.o                 60        3        9
    abort.o                    6
    exit.o                     4
    fclose.o                 126
    fflush.o                 172
    fputc.o                   84
    fseek.o                   36
    heap0.o                  312                 8
    heaptramp0.o               4
    low_level_init.o           4
    printf.o                  40
    putchar.o                 12
    xcloseall.o               60
    xfail_s.o                 64                 4
    xfgpos.o                  12
    xfiles.o                           86      408
    xfofind.o                156
    xfspos.o                 216
    xfwprep.o                180
    xgetmemchunk.o            44                 4
    xlocale_c.o                8       22       56
    xprintffull_nomb.o     4'038        8
    xprout.o                  22
    ----------------------------------------------
    Total:                 5'864      119      617

m7M_tls.a: [3]
    DblAdd.o                 362
    DblCmpGe.o                46
    DblCmpLe.o                46
    DblDiv.o                 582
    DblMul.o                 418
    DblSub.o                 226
    DblToFlt.o               104
    DblToS32.o                58
    DblToU32.o                40
    FltToDbl.o                72
    S32ToDbl.o                34
    U32ToDbl.o                26
    fpinit_M.o                34
    frexp.o                  112
    ldexp.o                  314
    ----------------------------------------------
    Total:                 2'474

rt7M_tl.a: [4]
    ABImemcpy.o              166
    I64DivMod.o              560
    I64DivZer.o                2
    cexit.o                   14
    cmain.o                   30
    cstart_closeall.o
    cstartup_M.o              12
    data_init.o               40
    lz77_init_single.o       120
    memchr.o                  88
    strchr.o                  22
    strlen.o                  54
    zero_init3.o              58
    ----------------------------------------------
    Total:                 1'166

shb_l.a: [5]
    close.o                   24
    dwrite.o                  30
    exit.o                    20
    iarttio.o                124
    iarwrite.o                34
    iarwstd.o                 32
    lseek.o                   74
    remove.o                  20
    write.o                   16
    ----------------------------------------------
    Total:                   374

    Gaps                      33        2
    Linker created                     32   16'384
--------------------------------------------------
    Grand Total:          11'335      234   17'017


*******************************************************************************
*** ENTRY LIST
***

Entry                       Address   Size  Type      Object
-----                       -------   ----  ----      ------
.iar.init_table$$Base    0x800'2aac          --   Gb  - Linker created -
.iar.init_table$$Limit   0x800'2acc          --   Gb  - Linker created -
?main                    0x800'2acd         Code  Gb  cmain.o [4]
Aldata                  0x2000'025c    0x8  Data  Lc  heap0.o [2]
CSTACK$$Base            0x2000'0280          --   Gb  - Linker created -
CSTACK$$Limit           0x2000'2280          --   Gb  - Linker created -
HEAP$$Base              0x2000'2280          --   Gb  - Linker created -
HEAP$$Limit             0x2000'4280          --   Gb  - Linker created -
Region$$Table$$Base      0x800'2aac          --   Gb  - Linker created -
Region$$Table$$Limit     0x800'2acc          --   Gb  - Linker created -
SetSysClock              0x800'2355   0x9a  Code  Lc  system_stm32f30x.o [1]
SystemInit               0x800'22f5   0x60  Code  Gb  system_stm32f30x.o [1]
_Close_all               0x800'2a25   0x3c  Code  Gb  xcloseall.o [2]
_Files                  0x2000'0114   0x20  Data  Gb  xfiles.o [2]
_Fofree                  0x800'280d   0x96  Code  Gb  xfofind.o [2]
_Fspos                   0x800'241d   0xd8  Code  Gb  xfspos.o [2]
_Fwprep                  0x800'2735   0xb4  Code  Gb  xfwprep.o [2]
_LitobFullNoMb           0x800'0f49  0x10a  Code  Lc  xprintffull_nomb.o [2]
_Locale_lconv           0x2000'0004   0x38  Data  Lc  xlocale_c.o [2]
_Nnl                     0x800'25a1    0xc  Code  Gb  xfgpos.o [2]
_PrintfFullNoMb          0x800'0189  0xd9c  Code  Gb  xprintffull_nomb.o [2]
_Prout                   0x800'2b03   0x16  Code  Gb  xprout.o [2]
_PutcharFullNoMb         0x800'10b9   0x20  Code  Lc  xprintffull_nomb.o [2]
_PutcharsFullNoMb        0x800'10d9   0x2e  Code  Lc  xprintffull_nomb.o [2]
__aeabi_cdcmple          0x800'1389         Code  Gb  DblCmpLe.o [3]
__aeabi_cdrcmple         0x800'13b9         Code  Gb  DblCmpGe.o [3]
__aeabi_d2f              0x800'20b9         Code  Gb  DblToFlt.o [3]
__aeabi_d2iz             0x800'1525         Code  Gb  DblToS32.o [3]
__aeabi_d2uiz            0x800'18b1         Code  Gb  DblToU32.o [3]
__aeabi_ddiv             0x800'1669         Code  Gb  DblDiv.o [3]
__aeabi_dmul             0x800'18f5         Code  Gb  DblMul.o [3]
__aeabi_dsub             0x800'1585         Code  Gb  DblSub.o [3]
__aeabi_f2d              0x800'2149         Code  Gb  FltToDbl.o [3]
__aeabi_i2d              0x800'1561         Code  Gb  S32ToDbl.o [3]
__aeabi_ldiv0            0x800'1e45         Code  Gb  I64DivZer.o [4]
__aeabi_memcpy           0x800'1271         Code  Gb  ABImemcpy.o [4]
__aeabi_memcpy4          0x800'1291         Code  Gb  ABImemcpy.o [4]
__aeabi_memcpy8          0x800'1291         Code  Gb  ABImemcpy.o [4]
__aeabi_ui2d             0x800'18d9         Code  Gb  U32ToDbl.o [3]
__aeabi_uldivmod         0x800'1aa1         Code  Gb  I64DivMod.o [4]
__basic_free             0x800'223b   0x16  Code  Gb  heap0.o [2]
__basic_free_intern      0x800'2251   0x74  Code  Lc  heap0.o [2]
__basic_malloc           0x800'2191   0x18  Code  Gb  heap0.o [2]
__basic_malloc_intern    0x800'21a9   0x92  Code  Lc  heap0.o [2]
__cexit_closeall         0x800'2af7         Code  Gb  cexit.o [4]
__close                  0x800'292b   0x18  Code  Gb  close.o [5]
__cmain                  0x800'2acd         Code  Gb  cmain.o [4]
__cstart_closeall        0x800'2cc4         Data  Gb  cstart_closeall.o [4]
__data_GetMemChunk       0x800'22c9   0x2c  Code  Gb  xgetmemchunk.o [2]
__data_GetMemChunk::start
                        0x2000'0274    0x4  Data  Lc  xgetmemchunk.o [2]
__dwrite                 0x800'26d5   0x1e  Code  Gb  dwrite.o [5]
__exit                   0x800'1e49   0x14  Code  Gb  exit.o [5]
__iar_Fail_s             0x800'11a1   0x1c  Code  Gb  xfail_s.o [2]
__iar_Memchr             0x800'1219         Code  Gb  memchr.o [4]
__iar_Stderr            0x2000'00cc   0x48  Data  Gb  xfiles.o [2]
__iar_Stdin             0x2000'003c   0x48  Data  Gb  xfiles.o [2]
__iar_Stdout            0x2000'0084   0x48  Data  Gb  xfiles.o [2]
__iar_Strchr             0x800'1189         Code  Gb  strchr.o [4]
__iar_close_ttio         0x800'1e5d   0x2c  Code  Gb  iarttio.o [5]
__iar_dadd               0x800'1595         Code  Gb  DblSub.o [3]
__iar_data_init3         0x800'2a61   0x28  Code  Gb  data_init.o [4]
__iar_dsub               0x800'1cd9         Code  Gb  DblAdd.o [3]
__iar_dsubStart          0x800'1ceb         Code  Gb  DblAdd.o [3]
__iar_frexp              0x800'1325         Code  Gb  frexp.o [3]
__iar_frexpl             0x800'1325         Code  Gb  frexp.o [3]
__iar_get_ttio           0x800'1e89   0x4c  Code  Gb  iarttio.o [5]
__iar_init_vfp           0x800'2a89         Code  Gb  fpinit_M.o [3]
__iar_ldexp64            0x800'13e9         Code  Gb  ldexp.o [3]
__iar_lookup_ttioh       0x800'1f07    0x4  Code  Gb  XShttio.o [2]
__iar_lz77_init_single3
                         0x800'2957   0x78  Code  Gb  lz77_init_single.o [4]
__iar_program_start      0x800'2b75         Code  Gb  cstartup_M.o [4]
__iar_scalbln64          0x800'13e9         Code  Gb  ldexp.o [3]
__iar_scalbn64           0x800'13e9         Code  Gb  ldexp.o [3]
__iar_sh_Discard         0x800'2609   0x42  Code  Gb  XShHandles.o [2]
__iar_sh_Move            0x800'264b   0x46  Code  Gb  XShHandles.o [2]
__iar_sh_Pos             0x800'2691   0x3e  Code  Gb  XShHandles.o [2]
__iar_sh_stdout          0x800'26f3   0x20  Code  Gb  iarwstd.o [5]
__iar_sh_write           0x800'2713   0x22  Code  Gb  iarwrite.o [5]
__iar_softfp___iar_frexp64
                         0x800'1319         Code  Gb  frexp.o [3]
__iar_softfp_frexp       0x800'1319         Code  Gb  frexp.o [3]
__iar_softfp_frexpl      0x800'1319         Code  Gb  frexp.o [3]
__iar_ttio_guard_lock    0x800'1ed9   0x1e  Code  Gb  XShttio.o [2]
__iar_ttio_guard_unlock
                         0x800'1ef7   0x10  Code  Gb  XShttio.o [2]
__iar_ttio_handles      0x2000'0134    0x8  Data  Lc  XShttio.o [2]
__iar_zero_init3         0x800'114f   0x3a  Code  Gb  zero_init3.o [4]
__low_level_init         0x800'2aeb    0x4  Code  Gb  low_level_init.o [2]
__lseek                  0x800'25ad   0x4a  Code  Gb  lseek.o [5]
__vector_table           0x800'0000         Data  Gb  startup_stm32f30x.o [1]
__write                  0x800'25f7   0x10  Code  Gb  write.o [5]
_call_main               0x800'2ad9         Code  Gb  cmain.o [4]
_exit                    0x800'2af5         Code  Gb  cexit.o [4]
_main                    0x800'2ae7         Code  Gb  cmain.o [4]
abort                    0x800'1cd1    0x6  Code  Gb  abort.o [2]
codice_in               0x2000'0000    0x4  Data  Gb  main.o [1]
codice_out              0x2000'026c    0x4  Data  Gb  main.o [1]
ebuf                    0x2000'01bc   0x50  Data  Lc  xfiles.o [2]
exit                     0x800'2aef    0x4  Code  Gb  exit.o [2]
fclose                   0x800'28ad   0x7e  Code  Gb  fclose.o [2]
fflush                   0x800'2569   0x34  Code  Gb  fflush.o [2]
fflushOne                0x800'24f5   0x74  Code  Lc  fflush.o [2]
fputc                    0x800'29cf   0x54  Code  Gb  fputc.o [2]
free                     0x800'28a9    0x4  Code  Gb  heaptramp0.o [2]
fseek                    0x800'27e9   0x24  Code  Gb  fseek.o [2]
ldexp                    0x800'13e9         Code  Gb  ldexp.o [3]
ldexpl                   0x800'13e9         Code  Gb  ldexp.o [3]
localeconv               0x800'1a99    0x4  Code  Gb  xlocale_c.o [2]
main                     0x800'1f15  0x1a4  Code  Gb  main.o [1]
memchr                   0x800'1219         Code  Gb  memchr.o [4]
obuf                    0x2000'020c   0x50  Data  Lc  xfiles.o [2]
printf                   0x800'2121   0x28  Code  Gb  printf.o [2]
putchar                  0x800'2b19    0xc  Code  Gb  putchar.o [2]
remove                   0x800'2943   0x14  Code  Gb  remove.o [5]
sFileInfo               0x2000'013c   0x80  Data  Lc  XShHandles.o [2]
scalbln                  0x800'13e9         Code  Gb  ldexp.o [3]
scalblnl                 0x800'13e9         Code  Gb  ldexp.o [3]
scalbn                   0x800'13e9         Code  Gb  ldexp.o [3]
scalbnl                  0x800'13e9         Code  Gb  ldexp.o [3]
scale                    0x800'1053   0x46  Code  Lc  xprintffull_nomb.o [2]
sec_hand                0x2000'0270    0x4  Data  Lc  xfail_s.o [2]
strchr                   0x800'1189         Code  Gb  strchr.o [4]
strlen                   0x800'11e1         Code  Gb  strlen.o [4]
tensione_in             0x2000'0268    0x4  Data  Gb  main.o [1]
tensione_out            0x2000'0264    0x4  Data  Gb  main.o [1]
ttio_guard              0x2000'0278    0x1  Data  Lc  XShttio.o [2]


[1] = C:\Users\hp\Dropbox\Laboratorio di Misure\WorkspaceLMM\Progetto14\Debug\Obj
[2] = dl7M_tlf.a
[3] = m7M_tls.a
[4] = rt7M_tl.a
[5] = shb_l.a

  11'335 bytes of readonly  code memory
     234 bytes of readonly  data memory
  17'017 bytes of readwrite data memory

Errors: none
Warnings: none
