###############################################################################
#
# IAR ELF Linker V8.40.2.214/W32 for ARM                  27/Jan/2020  19:43:38
# Copyright 2007-2019 IAR Systems AB.
#
#    Output file  =
#        C:\Users\hp\Dropbox\Laboratorio di
#        Misure\WorkspaceLMM\Progetto8.2\Debug\Exe\Progetto8.2.out
#    Map file     =
#        C:\Users\hp\Dropbox\Laboratorio di
#        Misure\WorkspaceLMM\Progetto8.2\Debug\List\Progetto8.2.map
#    Command line =
#        -f C:\Users\hp\AppData\Local\Temp\EW730D.tmp
#        ("C:\Users\hp\Dropbox\Laboratorio di
#        Misure\WorkspaceLMM\Progetto8.2\Debug\Obj\main.o"
#        "C:\Users\hp\Dropbox\Laboratorio di
#        Misure\WorkspaceLMM\Progetto8.2\Debug\Obj\startup_stm32f30x.o"
#        "C:\Users\hp\Dropbox\Laboratorio di
#        Misure\WorkspaceLMM\Progetto8.2\Debug\Obj\system_stm32f30x.o"
#        --no_out_extension -o "C:\Users\hp\Dropbox\Laboratorio di
#        Misure\WorkspaceLMM\Progetto8.2\Debug\Exe\Progetto8.2.out" --redirect
#        _Printf=_PrintfFullNoMb --redirect _Scanf=_ScanfFullNoMb --map
#        "C:\Users\hp\Dropbox\Laboratorio di
#        Misure\WorkspaceLMM\Progetto8.2\Debug\List\Progetto8.2.map" --config
#        "C:\Program Files (x86)\IAR Systems\Embedded Workbench
#        8.3\arm\config\linker\ST\stm32f303xC.icf" --semihosting --entry
#        __iar_program_start --vfe --text_out locale)
#
###############################################################################

*******************************************************************************
*** RUNTIME MODEL ATTRIBUTES
***

CppFlavor       = *
__SystemLibrary = DLib
__dlib_version  = 6


*******************************************************************************
*** HEAP SELECTION
***

The basic heap was selected because some modules are built with
size limitations (and not runtime checking), and --advanced_heap
was not specified.


*******************************************************************************
*** PLACEMENT SUMMARY
***

"A0":  place at address 0x800'0000 { ro section .intvec };
"P1":  place in [from 0x800'0000 to 0x803'ffff] { ro };
define block CSTACK with size = 8K, alignment = 8 { };
define block HEAP with size = 8K, alignment = 8 { };
"P2":  place in [from 0x2000'0000 to 0x2000'9fff] {
          rw, block CSTACK, block HEAP };

No sections matched the following patterns:

  rw               in "P2"
  section .ccmram  in "P3"


  Section   Kind         Address    Size  Object
  -------   ----         -------    ----  ------
"A0":                              0x188
  .intvec   ro code   0x800'0000   0x188  startup_stm32f30x.o [1]
                    - 0x800'0188   0x188

"P1":                              0x3f8
  .text     ro code   0x800'0188   0x128  system_stm32f30x.o [1]
  .text     ro code   0x800'02b0   0x124  main.o [1]
  .text     ro code   0x800'03d4    0x22  fpinit_M.o [3]
  .text     ro code   0x800'03f8    0x1e  cmain.o [4]
  .text     ro code   0x800'0416     0x4  low_level_init.o [2]
  .text     ro code   0x800'041a     0x4  exit.o [2]
  .text     ro code   0x800'0420     0xa  cexit.o [4]
  .text     ro code   0x800'042c    0x14  exit.o [5]
  .text     ro code   0x800'0440    0x10  startup_stm32f30x.o [1]
  .text     ro code   0x800'0450     0xc  cstartup_M.o [4]
  .text     ro code   0x800'045c     0x4  startup_stm32f30x.o [1]
  .text     ro code   0x800'0460     0x4  startup_stm32f30x.o [1]
  .text     ro code   0x800'0464     0x4  startup_stm32f30x.o [1]
  .text     ro code   0x800'0468     0x4  startup_stm32f30x.o [1]
  .text     ro code   0x800'046c     0x4  startup_stm32f30x.o [1]
  .text     ro code   0x800'0470     0x4  startup_stm32f30x.o [1]
  .text     ro code   0x800'0474     0x4  startup_stm32f30x.o [1]
  .text     ro code   0x800'0478     0x4  startup_stm32f30x.o [1]
  .text     ro code   0x800'047c     0x4  startup_stm32f30x.o [1]
  .text     ro code   0x800'0480     0x4  startup_stm32f30x.o [1]
  .text     ro code   0x800'0484     0x4  startup_stm32f30x.o [1]
  .text     ro code   0x800'0488     0x4  startup_stm32f30x.o [1]
  .text     ro code   0x800'048c     0x4  startup_stm32f30x.o [1]
  .text     ro code   0x800'0490     0x4  startup_stm32f30x.o [1]
  .text     ro code   0x800'0494     0x4  startup_stm32f30x.o [1]
  .text     ro code   0x800'0498     0x4  startup_stm32f30x.o [1]
  .text     ro code   0x800'049c     0x4  startup_stm32f30x.o [1]
  .text     ro code   0x800'04a0     0x4  startup_stm32f30x.o [1]
  .text     ro code   0x800'04a4     0x4  startup_stm32f30x.o [1]
  .text     ro code   0x800'04a8     0x4  startup_stm32f30x.o [1]
  .text     ro code   0x800'04ac     0x4  startup_stm32f30x.o [1]
  .text     ro code   0x800'04b0     0x4  startup_stm32f30x.o [1]
  .text     ro code   0x800'04b4     0x4  startup_stm32f30x.o [1]
  .text     ro code   0x800'04b8     0x4  startup_stm32f30x.o [1]
  .text     ro code   0x800'04bc     0x4  startup_stm32f30x.o [1]
  .text     ro code   0x800'04c0     0x4  startup_stm32f30x.o [1]
  .text     ro code   0x800'04c4     0x4  startup_stm32f30x.o [1]
  .text     ro code   0x800'04c8     0x4  startup_stm32f30x.o [1]
  .text     ro code   0x800'04cc     0x4  startup_stm32f30x.o [1]
  .text     ro code   0x800'04d0     0x4  startup_stm32f30x.o [1]
  .text     ro code   0x800'04d4     0x4  startup_stm32f30x.o [1]
  .text     ro code   0x800'04d8     0x4  startup_stm32f30x.o [1]
  .text     ro code   0x800'04dc     0x4  startup_stm32f30x.o [1]
  .text     ro code   0x800'04e0     0x4  startup_stm32f30x.o [1]
  .text     ro code   0x800'04e4     0x4  startup_stm32f30x.o [1]
  .text     ro code   0x800'04e8     0x4  startup_stm32f30x.o [1]
  .text     ro code   0x800'04ec     0x4  startup_stm32f30x.o [1]
  .text     ro code   0x800'04f0     0x4  startup_stm32f30x.o [1]
  .text     ro code   0x800'04f4     0x4  startup_stm32f30x.o [1]
  .text     ro code   0x800'04f8     0x4  startup_stm32f30x.o [1]
  .text     ro code   0x800'04fc     0x4  startup_stm32f30x.o [1]
  .text     ro code   0x800'0500     0x4  startup_stm32f30x.o [1]
  .text     ro code   0x800'0504     0x4  startup_stm32f30x.o [1]
  .text     ro code   0x800'0508     0x4  startup_stm32f30x.o [1]
  .text     ro code   0x800'050c     0x4  startup_stm32f30x.o [1]
  .text     ro code   0x800'0510     0x4  startup_stm32f30x.o [1]
  .text     ro code   0x800'0514     0x4  startup_stm32f30x.o [1]
  .text     ro code   0x800'0518     0x4  startup_stm32f30x.o [1]
  .text     ro code   0x800'051c     0x4  startup_stm32f30x.o [1]
  .text     ro code   0x800'0520     0x4  startup_stm32f30x.o [1]
  .text     ro code   0x800'0524     0x4  startup_stm32f30x.o [1]
  .text     ro code   0x800'0528     0x4  startup_stm32f30x.o [1]
  .text     ro code   0x800'052c     0x4  startup_stm32f30x.o [1]
  .text     ro code   0x800'0530     0x4  startup_stm32f30x.o [1]
  .text     ro code   0x800'0534     0x4  startup_stm32f30x.o [1]
  .text     ro code   0x800'0538     0x4  startup_stm32f30x.o [1]
  .text     ro code   0x800'053c     0x4  startup_stm32f30x.o [1]
  .text     ro code   0x800'0540     0x4  startup_stm32f30x.o [1]
  .text     ro code   0x800'0544     0x4  startup_stm32f30x.o [1]
  .text     ro code   0x800'0548     0x4  startup_stm32f30x.o [1]
  .text     ro code   0x800'054c     0x4  startup_stm32f30x.o [1]
  .text     ro code   0x800'0550     0x4  startup_stm32f30x.o [1]
  .text     ro code   0x800'0554     0x4  startup_stm32f30x.o [1]
  .text     ro code   0x800'0558     0x4  startup_stm32f30x.o [1]
  .text     ro code   0x800'055c     0x4  startup_stm32f30x.o [1]
  .text     ro code   0x800'0560     0x4  startup_stm32f30x.o [1]
  .text     ro code   0x800'0564     0x4  startup_stm32f30x.o [1]
  .text     ro code   0x800'0568     0x4  startup_stm32f30x.o [1]
  .text     ro code   0x800'056c     0x4  startup_stm32f30x.o [1]
  .text     ro code   0x800'0570     0x4  startup_stm32f30x.o [1]
  .text     ro code   0x800'0574     0x4  startup_stm32f30x.o [1]
  .text     ro code   0x800'0578     0x4  startup_stm32f30x.o [1]
  .text     ro code   0x800'057c     0x4  startup_stm32f30x.o [1]
                    - 0x800'0580   0x3f8

"P2":                             0x2000
  CSTACK             0x2000'0000  0x2000  <Block>
    CSTACK  uninit   0x2000'0000  0x2000  <Block tail>
                   - 0x2000'2000  0x2000

Unused ranges:

         From           To      Size
         ----           --      ----
   0x800'0580   0x803'ffff  0x3'fa80
  0x2000'2000  0x2000'9fff    0x8000



*******************************************************************************
*** MODULE SUMMARY
***

    Module               ro code  rw data
    ------               -------  -------
command line/config:
    -------------------------------------
    Total:

C:\Users\hp\Dropbox\Laboratorio di Misure\WorkspaceLMM\Progetto8.2\Debug\Obj: [1]
    main.o                   292
    startup_stm32f30x.o      700
    system_stm32f30x.o       296
    -------------------------------------
    Total:                 1'288

dl7M_tln.a: [2]
    exit.o                     4
    low_level_init.o           4
    -------------------------------------
    Total:                     8

m7M_tls.a: [3]
    fpinit_M.o                34
    -------------------------------------
    Total:                    34

rt7M_tl.a: [4]
    cexit.o                   10
    cmain.o                   30
    cstartup_M.o              12
    -------------------------------------
    Total:                    52

shb_l.a: [5]
    exit.o                    20
    -------------------------------------
    Total:                    20

    Gaps                       6
    Linker created                  8'192
-----------------------------------------
    Grand Total:           1'408    8'192


*******************************************************************************
*** ENTRY LIST
***

Entry                     Address  Size  Type      Object
-----                     -------  ----  ----      ------
?main                  0x800'03f9        Code  Gb  cmain.o [4]
CSTACK$$Base          0x2000'0000         --   Gb  - Linker created -
CSTACK$$Limit         0x2000'2000         --   Gb  - Linker created -
Region$$Table$$Base           0x0         --   Gb  - Linker created -
Region$$Table$$Limit          0x0         --   Gb  - Linker created -
SetSysClock            0x800'01e9  0x9a  Code  Lc  system_stm32f30x.o [1]
SystemInit             0x800'0189  0x60  Code  Gb  system_stm32f30x.o [1]
TIM6_DAC_IRQHandler    0x800'0361  0x28  Code  Gb  main.o [1]
TIM7_IRQHandler        0x800'0339  0x28  Code  Gb  main.o [1]
__cmain                0x800'03f9        Code  Gb  cmain.o [4]
__exit                 0x800'042d  0x14  Code  Gb  exit.o [5]
__iar_init_vfp         0x800'03d5        Code  Gb  fpinit_M.o [3]
__iar_program_start    0x800'0451        Code  Gb  cstartup_M.o [4]
__low_level_init       0x800'0417   0x4  Code  Gb  low_level_init.o [2]
__vector_table         0x800'0000        Data  Gb  startup_stm32f30x.o [1]
_call_main             0x800'0405        Code  Gb  cmain.o [4]
_exit                  0x800'0421        Code  Gb  cexit.o [4]
_main                  0x800'0413        Code  Gb  cmain.o [4]
exit                   0x800'041b   0x4  Code  Gb  exit.o [2]
main                   0x800'02b1  0x88  Code  Gb  main.o [1]


[1] = C:\Users\hp\Dropbox\Laboratorio di Misure\WorkspaceLMM\Progetto8.2\Debug\Obj
[2] = dl7M_tln.a
[3] = m7M_tls.a
[4] = rt7M_tl.a
[5] = shb_l.a

  1'408 bytes of readonly  code memory
  8'192 bytes of readwrite data memory

Errors: none
Warnings: none
