###############################################################################
#
# IAR ELF Linker V8.40.2.214/W32 for ARM                  06/Feb/2020  22:49:55
# Copyright 2007-2019 IAR Systems AB.
#
#    Output file  =
#        C:\Users\hp\Dropbox\Laboratorio di
#        Misure\WorkspaceLMM\Esami\SensoreTemperatura\Debug\Exe\SensoreTemperatura.out
#    Map file     =
#        C:\Users\hp\Dropbox\Laboratorio di
#        Misure\WorkspaceLMM\Esami\SensoreTemperatura\Debug\List\SensoreTemperatura.map
#    Command line =
#        -f C:\Users\hp\AppData\Local\Temp\EWB942.tmp
#        ("C:\Users\hp\Dropbox\Laboratorio di
#        Misure\WorkspaceLMM\Esami\SensoreTemperatura\Debug\Obj\main.o"
#        "C:\Users\hp\Dropbox\Laboratorio di
#        Misure\WorkspaceLMM\Esami\SensoreTemperatura\Debug\Obj\startup_stm32f30x.o"
#        "C:\Users\hp\Dropbox\Laboratorio di
#        Misure\WorkspaceLMM\Esami\SensoreTemperatura\Debug\Obj\system_stm32f30x.o"
#        --no_out_extension -o "C:\Users\hp\Dropbox\Laboratorio di
#        Misure\WorkspaceLMM\Esami\SensoreTemperatura\Debug\Exe\SensoreTemperatura.out"
#        --redirect _Printf=_PrintfFullNoMb --redirect _Scanf=_ScanfFullNoMb
#        --map "C:\Users\hp\Dropbox\Laboratorio di
#        Misure\WorkspaceLMM\Esami\SensoreTemperatura\Debug\List\SensoreTemperatura.map"
#        --config "C:\Program Files (x86)\IAR Systems\Embedded Workbench
#        8.3\arm\config\linker\ST\stm32f303xC.icf" --semihosting --entry
#        __iar_program_start --vfe --text_out locale)
#
###############################################################################

*******************************************************************************
*** RUNTIME MODEL ATTRIBUTES
***

CppFlavor       = *
__Heap_Handler  = Basic
__SystemLibrary = DLib
__dlib_version  = 6


*******************************************************************************
*** HEAP SELECTION
***

The basic heap was selected because some modules are built with
size limitations (and not runtime checking), and --advanced_heap
was not specified.


*******************************************************************************
*** PLACEMENT SUMMARY
***

"A0":  place at address 0x800'0000 { ro section .intvec };
"P1":  place in [from 0x800'0000 to 0x803'ffff] { ro };
define block CSTACK with size = 8K, alignment = 8 { };
define block HEAP with size = 8K, alignment = 8 { };
"P2":  place in [from 0x2000'0000 to 0x2000'9fff] {
          rw, block CSTACK, block HEAP };
initialize by copy { rw };

No sections matched the following patterns:

  section .ccmram  in "P3"


  Section            Kind         Address    Size  Object
  -------            ----         -------    ----  ------
"A0":                                       0x188
  .intvec            ro code   0x800'0000   0x188  startup_stm32f30x.o [1]
                             - 0x800'0188   0x188

"P1":                                      0x3bcb
  .text              ro code   0x800'0188   0xfc6  xprintffull_nomb.o [2]
  .text              ro code   0x800'114e    0x3a  zero_init3.o [4]
  .text              ro code   0x800'1188    0x16  strchr.o [4]
  .rodata            const     0x800'119e     0x2  xlocale_c.o [2]
  .text              ro code   0x800'11a0    0x40  xfail_s.o [2]
  .text              ro code   0x800'11e0    0x36  strlen.o [4]
  .rodata            const     0x800'1216     0x1  xlocale_c.o [2]
  .text              ro code   0x800'1218    0x58  memchr.o [4]
  .text              ro code   0x800'1270    0xa6  ABImemcpy.o [4]
  .text              ro code   0x800'1318    0x70  frexp.o [3]
  .text              ro code   0x800'1388    0x2e  DblCmpLe.o [3]
  .text              ro code   0x800'13b8    0x2e  DblCmpGe.o [3]
  .text              ro code   0x800'13e8   0x13a  ldexp.o [3]
  .text              ro code   0x800'1524    0x3a  DblToS32.o [3]
  .text              ro code   0x800'1560    0x22  S32ToDbl.o [3]
  .text              ro code   0x800'1584    0xe2  DblSub.o [3]
  .text              ro code   0x800'1668   0x246  DblDiv.o [3]
  .text              ro code   0x800'18b0    0x28  DblToU32.o [3]
  .text              ro code   0x800'18d8    0x1a  U32ToDbl.o [3]
  .text              ro code   0x800'18f4   0x1a2  DblMul.o [3]
  .text              ro code   0x800'1a98     0x8  xlocale_c.o [2]
  .text              ro code   0x800'1aa0   0x230  I64DivMod.o [4]
  .text              ro code   0x800'1cd0     0x6  abort.o [2]
  .text              ro code   0x800'1cd8   0x17a  DblAdd.o [3]
  .text              ro code   0x800'1e54     0x2  I64DivZer.o [4]
  .text              ro code   0x800'1e58    0x14  exit.o [5]
  .text              ro code   0x800'1e6c    0x7c  iarttio.o [5]
  .text              ro code   0x800'1ee8    0x3c  XShttio.o [2]
  .text              ro code   0x800'1f24   0x6ec  pow64.o [3]
  .text              ro code   0x800'2610    0x20  DblCmpEq.o [3]
  .text              ro code   0x800'2630   0x3e8  iar_Exp64.o [3]
  .rodata            const     0x800'2a18   0x420  pow64.o [3]
  .text              ro code   0x800'2e38   0x2c4  main.o [1]
  .text              ro code   0x800'30fc    0x48  FltToDbl.o [3]
  .text              ro code   0x800'3144    0x16  math_wrappers64.o [3]
  .text              ro code   0x800'315c    0x68  DblToFlt.o [3]
  .text              ro code   0x800'31c4    0x28  printf.o [2]
  .text              ro code   0x800'31ec   0x138  heap0.o [2]
  .text              ro code   0x800'3324    0x2c  xgetmemchunk.o [2]
  .text              ro code   0x800'3350   0x128  system_stm32f30x.o [1]
  .text              ro code   0x800'3478    0xd8  xfspos.o [2]
  .text              ro code   0x800'3550    0xac  fflush.o [2]
  .text              ro code   0x800'35fc     0xc  xfgpos.o [2]
  .text              ro code   0x800'3608    0x4a  lseek.o [5]
  .text              ro code   0x800'3652    0x10  write.o [5]
  .text              ro code   0x800'3664    0xcc  XShHandles.o [2]
  .text              ro code   0x800'3730    0x1e  dwrite.o [5]
  .text              ro code   0x800'374e    0x20  iarwstd.o [5]
  .text              ro code   0x800'376e    0x22  iarwrite.o [5]
  .text              ro code   0x800'3790    0xb4  xfwprep.o [2]
  .text              ro code   0x800'3844    0x24  fseek.o [2]
  .text              ro code   0x800'3868    0x9c  xfofind.o [2]
  .text              ro code   0x800'3904     0x4  heaptramp0.o [2]
  .text              ro code   0x800'3908    0x7e  fclose.o [2]
  .text              ro code   0x800'3986    0x18  close.o [5]
  .text              ro code   0x800'399e    0x14  remove.o [5]
  .text              ro code   0x800'39b2    0x78  lz77_init_single.o [4]
  .text              ro code   0x800'3a2a    0x54  fputc.o [2]
  .text              ro code   0x800'3a80    0x3c  xcloseall.o [2]
  .text              ro code   0x800'3abc    0x28  data_init.o [4]
  .text              ro code   0x800'3ae4    0x22  fpinit_M.o [3]
  .iar.init_table    const     0x800'3b08    0x20  - Linker created -
  .rodata            const     0x800'3b28    0x20  main.o [1]
  .text              ro code   0x800'3b48    0x1e  cmain.o [4]
  .text              ro code   0x800'3b66     0x4  low_level_init.o [2]
  .text              ro code   0x800'3b6a     0x4  exit.o [2]
  .text              ro code   0x800'3b70     0xe  cexit.o [4]
  .text              ro code   0x800'3b7e    0x16  xprout.o [2]
  .text              ro code   0x800'3b94     0xc  putchar.o [2]
  .text              ro code   0x800'3ba0    0x10  startup_stm32f30x.o [1]
  .text              ro code   0x800'3bb0     0xc  cstartup_M.o [4]
  .rodata            const     0x800'3bbc     0x8  xprintffull_nomb.o [2]
  .text              ro code   0x800'3bc4     0x4  startup_stm32f30x.o [1]
  .text              ro code   0x800'3bc8     0x4  startup_stm32f30x.o [1]
  .text              ro code   0x800'3bcc     0x4  startup_stm32f30x.o [1]
  .text              ro code   0x800'3bd0     0x4  startup_stm32f30x.o [1]
  .text              ro code   0x800'3bd4     0x4  startup_stm32f30x.o [1]
  .text              ro code   0x800'3bd8     0x4  startup_stm32f30x.o [1]
  .text              ro code   0x800'3bdc     0x4  startup_stm32f30x.o [1]
  .text              ro code   0x800'3be0     0x4  startup_stm32f30x.o [1]
  .text              ro code   0x800'3be4     0x4  startup_stm32f30x.o [1]
  .text              ro code   0x800'3be8     0x4  startup_stm32f30x.o [1]
  .text              ro code   0x800'3bec     0x4  startup_stm32f30x.o [1]
  .text              ro code   0x800'3bf0     0x4  startup_stm32f30x.o [1]
  .text              ro code   0x800'3bf4     0x4  startup_stm32f30x.o [1]
  .text              ro code   0x800'3bf8     0x4  startup_stm32f30x.o [1]
  .text              ro code   0x800'3bfc     0x4  startup_stm32f30x.o [1]
  .text              ro code   0x800'3c00     0x4  startup_stm32f30x.o [1]
  .text              ro code   0x800'3c04     0x4  startup_stm32f30x.o [1]
  .text              ro code   0x800'3c08     0x4  startup_stm32f30x.o [1]
  .text              ro code   0x800'3c0c     0x4  startup_stm32f30x.o [1]
  .text              ro code   0x800'3c10     0x4  startup_stm32f30x.o [1]
  .text              ro code   0x800'3c14     0x4  startup_stm32f30x.o [1]
  .text              ro code   0x800'3c18     0x4  startup_stm32f30x.o [1]
  .text              ro code   0x800'3c1c     0x4  startup_stm32f30x.o [1]
  .text              ro code   0x800'3c20     0x4  startup_stm32f30x.o [1]
  .text              ro code   0x800'3c24     0x4  startup_stm32f30x.o [1]
  .text              ro code   0x800'3c28     0x4  startup_stm32f30x.o [1]
  .text              ro code   0x800'3c2c     0x4  startup_stm32f30x.o [1]
  .text              ro code   0x800'3c30     0x4  startup_stm32f30x.o [1]
  .text              ro code   0x800'3c34     0x4  startup_stm32f30x.o [1]
  .text              ro code   0x800'3c38     0x4  startup_stm32f30x.o [1]
  .text              ro code   0x800'3c3c     0x4  startup_stm32f30x.o [1]
  .text              ro code   0x800'3c40     0x4  startup_stm32f30x.o [1]
  .text              ro code   0x800'3c44     0x4  startup_stm32f30x.o [1]
  .text              ro code   0x800'3c48     0x4  startup_stm32f30x.o [1]
  .text              ro code   0x800'3c4c     0x4  startup_stm32f30x.o [1]
  .text              ro code   0x800'3c50     0x4  startup_stm32f30x.o [1]
  .text              ro code   0x800'3c54     0x4  startup_stm32f30x.o [1]
  .text              ro code   0x800'3c58     0x4  startup_stm32f30x.o [1]
  .text              ro code   0x800'3c5c     0x4  startup_stm32f30x.o [1]
  .text              ro code   0x800'3c60     0x4  startup_stm32f30x.o [1]
  .text              ro code   0x800'3c64     0x4  startup_stm32f30x.o [1]
  .text              ro code   0x800'3c68     0x4  startup_stm32f30x.o [1]
  .text              ro code   0x800'3c6c     0x4  startup_stm32f30x.o [1]
  .text              ro code   0x800'3c70     0x4  startup_stm32f30x.o [1]
  .text              ro code   0x800'3c74     0x4  startup_stm32f30x.o [1]
  .text              ro code   0x800'3c78     0x4  startup_stm32f30x.o [1]
  .text              ro code   0x800'3c7c     0x4  startup_stm32f30x.o [1]
  .text              ro code   0x800'3c80     0x4  startup_stm32f30x.o [1]
  .text              ro code   0x800'3c84     0x4  startup_stm32f30x.o [1]
  .text              ro code   0x800'3c88     0x4  startup_stm32f30x.o [1]
  .text              ro code   0x800'3c8c     0x4  startup_stm32f30x.o [1]
  .text              ro code   0x800'3c90     0x4  startup_stm32f30x.o [1]
  .text              ro code   0x800'3c94     0x4  startup_stm32f30x.o [1]
  .text              ro code   0x800'3c98     0x4  startup_stm32f30x.o [1]
  .text              ro code   0x800'3c9c     0x4  startup_stm32f30x.o [1]
  .text              ro code   0x800'3ca0     0x4  startup_stm32f30x.o [1]
  .text              ro code   0x800'3ca4     0x4  startup_stm32f30x.o [1]
  .text              ro code   0x800'3ca8     0x4  startup_stm32f30x.o [1]
  .text              ro code   0x800'3cac     0x4  startup_stm32f30x.o [1]
  .text              ro code   0x800'3cb0     0x4  startup_stm32f30x.o [1]
  .text              ro code   0x800'3cb4     0x4  startup_stm32f30x.o [1]
  .text              ro code   0x800'3cb8     0x4  startup_stm32f30x.o [1]
  .text              ro code   0x800'3cbc     0x4  startup_stm32f30x.o [1]
  .text              ro code   0x800'3cc0     0x4  startup_stm32f30x.o [1]
  .text              ro code   0x800'3cc4     0x4  startup_stm32f30x.o [1]
  .text              ro code   0x800'3cc8     0x4  startup_stm32f30x.o [1]
  .text              ro code   0x800'3ccc     0x4  startup_stm32f30x.o [1]
  .text              ro code   0x800'3cd0     0x4  startup_stm32f30x.o [1]
  .text              ro code   0x800'3cd4     0x4  startup_stm32f30x.o [1]
  .text              ro code   0x800'3cd8     0x4  startup_stm32f30x.o [1]
  .text              ro code   0x800'3cdc     0x4  startup_stm32f30x.o [1]
  .text              ro code   0x800'3ce0     0x4  startup_stm32f30x.o [1]
  .text              ro code   0x800'3ce4     0x4  startup_stm32f30x.o [1]
  .text              ro code   0x800'3ce8     0x0  cstart_closeall.o [4]
  .rodata            const     0x800'3ce8     0x0  zero_init3.o [4]
  .rodata            const     0x800'3ce8     0x0  lz77_init_single.o [4]
  Initializer bytes  const     0x800'3ce8    0x6b  <for P2-1>
                             - 0x800'3d53  0x3bcb

"P2", part 1 of 3:                          0x138
  P2-1                        0x2000'0000   0x138  <Init block>
    .data            inited   0x2000'0000    0x38  xlocale_c.o [2]
    .data            inited   0x2000'0038    0x48  xfiles.o [2]
    .data            inited   0x2000'0080    0x48  xfiles.o [2]
    .data            inited   0x2000'00c8    0x48  xfiles.o [2]
    .data            inited   0x2000'0110    0x20  xfiles.o [2]
    .data            inited   0x2000'0130     0x8  XShttio.o [2]
                            - 0x2000'0138   0x138

"P2", part 2 of 3:                          0x208
  .bss               zero     0x2000'0138    0xc8  main.o [1]
  .bss               zero     0x2000'0200    0x80  XShHandles.o [2]
  .bss               zero     0x2000'0280    0x50  xfiles.o [2]
  .bss               zero     0x2000'02d0    0x50  xfiles.o [2]
  .bss               zero     0x2000'0320     0x8  heap0.o [2]
  .bss               zero     0x2000'0328     0x4  main.o [1]
  .bss               zero     0x2000'032c     0x4  main.o [1]
  .bss               zero     0x2000'0330     0x4  main.o [1]
  .bss               zero     0x2000'0334     0x4  xfail_s.o [2]
  .bss               zero     0x2000'0338     0x4  xgetmemchunk.o [2]
  .bss               zero     0x2000'033c     0x1  XShttio.o [2]
                            - 0x2000'033d   0x205

"P2", part 3 of 3:                         0x4000
  CSTACK                      0x2000'0340  0x2000  <Block>
    CSTACK           uninit   0x2000'0340  0x2000  <Block tail>
  HEAP                        0x2000'2340  0x2000  <Block>
    HEAP             uninit   0x2000'2340  0x2000  <Block tail>
                            - 0x2000'4340  0x4000

Unused ranges:

         From           To      Size
         ----           --      ----
   0x800'3d53   0x803'ffff  0x3'c2ad
  0x2000'4340  0x2000'9fff    0x5cc0


*******************************************************************************
*** INIT TABLE
***

          Address      Size
          -------      ----
Zero (__iar_zero_init3)
    1 destination range, total size 0x205:
          0x2000'0138  0x205

Copy/lz77 (__iar_lz77_init_single3)
    1 source range, total size 0x6b (34% of destination):
           0x800'3ce8   0x6b
    1 destination range, total size 0x138:
          0x2000'0000  0x138



*******************************************************************************
*** MODULE SUMMARY
***

    Module               ro code  ro data  rw data
    ------               -------  -------  -------
command line/config:
    ----------------------------------------------
    Total:

C:\Users\hp\Dropbox\Laboratorio di Misure\WorkspaceLMM\Esami\SensoreTemperatura\Debug\Obj: [1]
    main.o                   708       32      212
    startup_stm32f30x.o      700
    system_stm32f30x.o       296
    ----------------------------------------------
    Total:                 1'704       32      212

dl7M_tlf.a: [2]
    XShHandles.o             204               128
    XShttio.o                 60        3        9
    abort.o                    6
    exit.o                     4
    fclose.o                 126
    fflush.o                 172
    fputc.o                   84
    fseek.o                   36
    heap0.o                  312                 8
    heaptramp0.o               4
    low_level_init.o           4
    printf.o                  40
    putchar.o                 12
    xcloseall.o               60
    xfail_s.o                 64                 4
    xfgpos.o                  12
    xfiles.o                           85      408
    xfofind.o                156
    xfspos.o                 216
    xfwprep.o                180
    xgetmemchunk.o            44                 4
    xlocale_c.o                8       22       56
    xprintffull_nomb.o     4'038        8
    xprout.o                  22
    ----------------------------------------------
    Total:                 5'864      118      617

m7M_tls.a: [3]
    DblAdd.o                 378
    DblCmpEq.o                32
    DblCmpGe.o                46
    DblCmpLe.o                46
    DblDiv.o                 582
    DblMul.o                 418
    DblSub.o                 226
    DblToFlt.o               104
    DblToS32.o                58
    DblToU32.o                40
    FltToDbl.o                72
    S32ToDbl.o                34
    U32ToDbl.o                26
    fpinit_M.o                34
    frexp.o                  112
    iar_Exp64.o            1'000
    ldexp.o                  314
    math_wrappers64.o         22
    pow64.o                1'772    1'056
    ----------------------------------------------
    Total:                 5'316    1'056

rt7M_tl.a: [4]
    ABImemcpy.o              166
    I64DivMod.o              560
    I64DivZer.o                2
    cexit.o                   14
    cmain.o                   30
    cstart_closeall.o
    cstartup_M.o              12
    data_init.o               40
    lz77_init_single.o       120
    memchr.o                  88
    strchr.o                  22
    strlen.o                  54
    zero_init3.o              58
    ----------------------------------------------
    Total:                 1'166

shb_l.a: [5]
    close.o                   24
    dwrite.o                  30
    exit.o                    20
    iarttio.o                124
    iarwrite.o                34
    iarwstd.o                 32
    lseek.o                   74
    remove.o                  20
    write.o                   16
    ----------------------------------------------
    Total:                   374

    Gaps                      35        2
    Linker created                     32   16'384
--------------------------------------------------
    Grand Total:          14'459    1'240   17'213


*******************************************************************************
*** ENTRY LIST
***

Entry                       Address   Size  Type      Object
-----                       -------   ----  ----      ------
.iar.init_table$$Base    0x800'3b08          --   Gb  - Linker created -
.iar.init_table$$Limit   0x800'3b28          --   Gb  - Linker created -
?main                    0x800'3b49         Code  Gb  cmain.o [4]
Aldata                  0x2000'0320    0x8  Data  Lc  heap0.o [2]
CSTACK$$Base            0x2000'0340          --   Gb  - Linker created -
CSTACK$$Limit           0x2000'2340          --   Gb  - Linker created -
DMA1_Channel1_IRQHandler
                         0x800'3053   0x12  Code  Gb  main.o [1]
EXTI0_IRQHandler         0x800'3037   0x1c  Code  Gb  main.o [1]
HEAP$$Base              0x2000'2340          --   Gb  - Linker created -
HEAP$$Limit             0x2000'4340          --   Gb  - Linker created -
LUT                     0x2000'0138   0xc8  Data  Gb  main.o [1]
Region$$Table$$Base      0x800'3b08          --   Gb  - Linker created -
Region$$Table$$Limit     0x800'3b28          --   Gb  - Linker created -
SetSysClock              0x800'33b1   0x9a  Code  Lc  system_stm32f30x.o [1]
SystemInit               0x800'3351   0x60  Code  Gb  system_stm32f30x.o [1]
_Close_all               0x800'3a81   0x3c  Code  Gb  xcloseall.o [2]
_Files                  0x2000'0110   0x20  Data  Gb  xfiles.o [2]
_Fofree                  0x800'3869   0x96  Code  Gb  xfofind.o [2]
_Fspos                   0x800'3479   0xd8  Code  Gb  xfspos.o [2]
_Fwprep                  0x800'3791   0xb4  Code  Gb  xfwprep.o [2]
_LitobFullNoMb           0x800'0f49  0x10a  Code  Lc  xprintffull_nomb.o [2]
_Locale_lconv           0x2000'0000   0x38  Data  Lc  xlocale_c.o [2]
_Nnl                     0x800'35fd    0xc  Code  Gb  xfgpos.o [2]
_PrintfFullNoMb          0x800'0189  0xd9c  Code  Gb  xprintffull_nomb.o [2]
_Prout                   0x800'3b7f   0x16  Code  Gb  xprout.o [2]
_PutcharFullNoMb         0x800'10b9   0x20  Code  Lc  xprintffull_nomb.o [2]
_PutcharsFullNoMb        0x800'10d9   0x2e  Code  Lc  xprintffull_nomb.o [2]
__aeabi_cdcmpeq          0x800'2611         Code  Gb  DblCmpEq.o [3]
__aeabi_cdcmple          0x800'1389         Code  Gb  DblCmpLe.o [3]
__aeabi_cdrcmple         0x800'13b9         Code  Gb  DblCmpGe.o [3]
__aeabi_d2f              0x800'315d         Code  Gb  DblToFlt.o [3]
__aeabi_d2iz             0x800'1525         Code  Gb  DblToS32.o [3]
__aeabi_d2uiz            0x800'18b1         Code  Gb  DblToU32.o [3]
__aeabi_dadd             0x800'1cd9         Code  Gb  DblAdd.o [3]
__aeabi_ddiv             0x800'1669         Code  Gb  DblDiv.o [3]
__aeabi_dmul             0x800'18f5         Code  Gb  DblMul.o [3]
__aeabi_dsub             0x800'1585         Code  Gb  DblSub.o [3]
__aeabi_f2d              0x800'30fd         Code  Gb  FltToDbl.o [3]
__aeabi_i2d              0x800'1561         Code  Gb  S32ToDbl.o [3]
__aeabi_ldiv0            0x800'1e55         Code  Gb  I64DivZer.o [4]
__aeabi_memcpy           0x800'1271         Code  Gb  ABImemcpy.o [4]
__aeabi_memcpy4          0x800'1291         Code  Gb  ABImemcpy.o [4]
__aeabi_memcpy8          0x800'1291         Code  Gb  ABImemcpy.o [4]
__aeabi_ui2d             0x800'18d9         Code  Gb  U32ToDbl.o [3]
__aeabi_uldivmod         0x800'1aa1         Code  Gb  I64DivMod.o [4]
__basic_free             0x800'3297   0x16  Code  Gb  heap0.o [2]
__basic_free_intern      0x800'32ad   0x74  Code  Lc  heap0.o [2]
__basic_malloc           0x800'31ed   0x18  Code  Gb  heap0.o [2]
__basic_malloc_intern    0x800'3205   0x92  Code  Lc  heap0.o [2]
__cexit_closeall         0x800'3b73         Code  Gb  cexit.o [4]
__close                  0x800'3987   0x18  Code  Gb  close.o [5]
__cmain                  0x800'3b49         Code  Gb  cmain.o [4]
__cstart_closeall        0x800'3ce8         Data  Gb  cstart_closeall.o [4]
__data_GetMemChunk       0x800'3325   0x2c  Code  Gb  xgetmemchunk.o [2]
__data_GetMemChunk::start
                        0x2000'0338    0x4  Data  Lc  xgetmemchunk.o [2]
__dwrite                 0x800'3731   0x1e  Code  Gb  dwrite.o [5]
__exit                   0x800'1e59   0x14  Code  Gb  exit.o [5]
__iar_Exp64              0x800'2631  0x388  Code  Gb  iar_Exp64.o [3]
__iar_Fail_s             0x800'11a1   0x1c  Code  Gb  xfail_s.o [2]
__iar_Memchr             0x800'1219         Code  Gb  memchr.o [4]
__iar_Stderr            0x2000'00c8   0x48  Data  Gb  xfiles.o [2]
__iar_Stdin             0x2000'0038   0x48  Data  Gb  xfiles.o [2]
__iar_Stdout            0x2000'0080   0x48  Data  Gb  xfiles.o [2]
__iar_Strchr             0x800'1189         Code  Gb  strchr.o [4]
__iar_close_ttio         0x800'1e6d   0x2c  Code  Gb  iarttio.o [5]
__iar_dadd               0x800'1595         Code  Gb  DblSub.o [3]
__iar_data_init3         0x800'3abd   0x28  Code  Gb  data_init.o [4]
__iar_dsub               0x800'1ce9         Code  Gb  DblAdd.o [3]
__iar_dsubStart          0x800'1cfb         Code  Gb  DblAdd.o [3]
__iar_frexp              0x800'1325         Code  Gb  frexp.o [3]
__iar_frexpl             0x800'1325         Code  Gb  frexp.o [3]
__iar_get_ttio           0x800'1e99   0x4c  Code  Gb  iarttio.o [5]
__iar_init_vfp           0x800'3ae5         Code  Gb  fpinit_M.o [3]
__iar_ldexp64            0x800'13e9         Code  Gb  ldexp.o [3]
__iar_lookup_ttioh       0x800'1f17    0x4  Code  Gb  XShttio.o [2]
__iar_lz77_init_single3
                         0x800'39b3   0x78  Code  Gb  lz77_init_single.o [4]
__iar_pow64              0x800'1f25  0x6ec  Code  Gb  pow64.o [3]
__iar_pow_medium         0x800'1f25  0x6ec  Code  Gb  pow64.o [3]
__iar_pow_medium64       0x800'1f25  0x6ec  Code  Gb  pow64.o [3]
__iar_pow_mediuml        0x800'1f25  0x6ec  Code  Gb  pow64.o [3]
__iar_program_start      0x800'3bb1         Code  Gb  cstartup_M.o [4]
__iar_scalbln64          0x800'13e9         Code  Gb  ldexp.o [3]
__iar_scalbn64           0x800'13e9         Code  Gb  ldexp.o [3]
__iar_sh_Discard         0x800'3665   0x42  Code  Gb  XShHandles.o [2]
__iar_sh_Move            0x800'36a7   0x46  Code  Gb  XShHandles.o [2]
__iar_sh_Pos             0x800'36ed   0x3e  Code  Gb  XShHandles.o [2]
__iar_sh_stdout          0x800'374f   0x20  Code  Gb  iarwstd.o [5]
__iar_sh_write           0x800'376f   0x22  Code  Gb  iarwrite.o [5]
__iar_softfp___iar_frexp64
                         0x800'1319         Code  Gb  frexp.o [3]
__iar_softfp_frexp       0x800'1319         Code  Gb  frexp.o [3]
__iar_softfp_frexpl      0x800'1319         Code  Gb  frexp.o [3]
__iar_ttio_guard_lock    0x800'1ee9   0x1e  Code  Gb  XShttio.o [2]
__iar_ttio_guard_unlock
                         0x800'1f07   0x10  Code  Gb  XShttio.o [2]
__iar_ttio_handles      0x2000'0130    0x8  Data  Lc  XShttio.o [2]
__iar_vfp_pow            0x800'314b   0x10  Code  Gb  math_wrappers64.o [3]
__iar_zero_init3         0x800'114f   0x3a  Code  Gb  zero_init3.o [4]
__low_level_init         0x800'3b67    0x4  Code  Gb  low_level_init.o [2]
__lseek                  0x800'3609   0x4a  Code  Gb  lseek.o [5]
__vector_table           0x800'0000         Data  Gb  startup_stm32f30x.o [1]
__write                  0x800'3653   0x10  Code  Gb  write.o [5]
_call_main               0x800'3b55         Code  Gb  cmain.o [4]
_exit                    0x800'3b71         Code  Gb  cexit.o [4]
_main                    0x800'3b63         Code  Gb  cmain.o [4]
abort                    0x800'1cd1    0x6  Code  Gb  abort.o [2]
ebuf                    0x2000'0280   0x50  Data  Lc  xfiles.o [2]
exit                     0x800'3b6b    0x4  Code  Gb  exit.o [2]
fclose                   0x800'3909   0x7e  Code  Gb  fclose.o [2]
fflush                   0x800'35c5   0x34  Code  Gb  fflush.o [2]
fflushOne                0x800'3551   0x74  Code  Lc  fflush.o [2]
fine                    0x2000'0330    0x4  Data  Gb  main.o [1]
fputc                    0x800'3a2b   0x54  Code  Gb  fputc.o [2]
free                     0x800'3905    0x4  Code  Gb  heaptramp0.o [2]
fseek                    0x800'3845   0x24  Code  Gb  fseek.o [2]
ldexp                    0x800'13e9         Code  Gb  ldexp.o [3]
ldexpl                   0x800'13e9         Code  Gb  ldexp.o [3]
lnbias                   0x800'2a18  0x420  Data  Lc  pow64.o [3]
localeconv               0x800'1a99    0x4  Code  Gb  xlocale_c.o [2]
main                     0x800'2e39  0x1fe  Code  Gb  main.o [1]
memchr                   0x800'1219         Code  Gb  memchr.o [4]
obuf                    0x2000'02d0   0x50  Data  Lc  xfiles.o [2]
pow                      0x800'1f25  0x6ec  Code  Gb  pow64.o [3]
powl                     0x800'1f25  0x6ec  Code  Gb  pow64.o [3]
printf                   0x800'31c5   0x28  Code  Gb  printf.o [2]
putchar                  0x800'3b95    0xc  Code  Gb  putchar.o [2]
remove                   0x800'399f   0x14  Code  Gb  remove.o [5]
sFileInfo               0x2000'0200   0x80  Data  Lc  XShHandles.o [2]
scalbln                  0x800'13e9         Code  Gb  ldexp.o [3]
scalblnl                 0x800'13e9         Code  Gb  ldexp.o [3]
scalbn                   0x800'13e9         Code  Gb  ldexp.o [3]
scalbnl                  0x800'13e9         Code  Gb  ldexp.o [3]
scale                    0x800'1053   0x46  Code  Lc  xprintffull_nomb.o [2]
sec_hand                0x2000'0334    0x4  Data  Lc  xfail_s.o [2]
strchr                   0x800'1189         Code  Gb  strchr.o [4]
strlen                   0x800'11e1         Code  Gb  strlen.o [4]
sum                     0x2000'032c    0x4  Data  Gb  main.o [1]
ttio_guard              0x2000'033c    0x1  Data  Lc  XShttio.o [2]
val                     0x2000'0328    0x4  Data  Gb  main.o [1]


[1] = C:\Users\hp\Dropbox\Laboratorio di Misure\WorkspaceLMM\Esami\SensoreTemperatura\Debug\Obj
[2] = dl7M_tlf.a
[3] = m7M_tls.a
[4] = rt7M_tl.a
[5] = shb_l.a

  14'459 bytes of readonly  code memory
   1'240 bytes of readonly  data memory
  17'213 bytes of readwrite data memory

Errors: none
Warnings: none
