###############################################################################
#
# IAR ELF Linker V8.40.2.214/W32 for ARM                  04/Feb/2020  08:18:24
# Copyright 2007-2019 IAR Systems AB.
#
#    Output file  =
#        C:\Users\hp\Dropbox\Laboratorio di
#        Misure\WorkspaceLMM\Esami\Traccia_2018-09-20\Debug\Exe\Traccia_2018-09-20.out
#    Map file     =
#        C:\Users\hp\Dropbox\Laboratorio di
#        Misure\WorkspaceLMM\Esami\Traccia_2018-09-20\Debug\List\Traccia_2018-09-20.map
#    Command line =
#        -f C:\Users\hp\AppData\Local\Temp\EWB7BB.tmp
#        ("C:\Users\hp\Dropbox\Laboratorio di
#        Misure\WorkspaceLMM\Esami\Traccia_2018-09-20\Debug\Obj\main.o"
#        "C:\Users\hp\Dropbox\Laboratorio di
#        Misure\WorkspaceLMM\Esami\Traccia_2018-09-20\Debug\Obj\startup_stm32f30x.o"
#        "C:\Users\hp\Dropbox\Laboratorio di
#        Misure\WorkspaceLMM\Esami\Traccia_2018-09-20\Debug\Obj\system_stm32f30x.o"
#        --no_out_extension -o "C:\Users\hp\Dropbox\Laboratorio di
#        Misure\WorkspaceLMM\Esami\Traccia_2018-09-20\Debug\Exe\Traccia_2018-09-20.out"
#        --redirect _Printf=_PrintfFullNoMb --redirect _Scanf=_ScanfFullNoMb
#        --map "C:\Users\hp\Dropbox\Laboratorio di
#        Misure\WorkspaceLMM\Esami\Traccia_2018-09-20\Debug\List\Traccia_2018-09-20.map"
#        --config "C:\Program Files (x86)\IAR Systems\Embedded Workbench
#        8.3\arm\config\linker\ST\stm32f303xC.icf" --semihosting --entry
#        __iar_program_start --vfe --text_out locale)
#
###############################################################################

*******************************************************************************
*** RUNTIME MODEL ATTRIBUTES
***

CppFlavor       = *
__Heap_Handler  = Basic
__SystemLibrary = DLib
__dlib_version  = 6


*******************************************************************************
*** HEAP SELECTION
***

The basic heap was selected because some modules are built with
size limitations (and not runtime checking), and --advanced_heap
was not specified.


*******************************************************************************
*** PLACEMENT SUMMARY
***

"A0":  place at address 0x800'0000 { ro section .intvec };
"P1":  place in [from 0x800'0000 to 0x803'ffff] { ro };
define block CSTACK with size = 8K, alignment = 8 { };
define block HEAP with size = 8K, alignment = 8 { };
"P2":  place in [from 0x2000'0000 to 0x2000'9fff] {
          rw, block CSTACK, block HEAP };
initialize by copy { rw };

No sections matched the following patterns:

  section .ccmram  in "P3"


  Section            Kind         Address    Size  Object
  -------            ----         -------    ----  ------
"A0":                                       0x188
  .intvec            ro code   0x800'0000   0x188  startup_stm32f30x.o [1]
                             - 0x800'0188   0x188

"P1":                                      0x29ad
  .text              ro code   0x800'0188   0xfc6  xprintffull_nomb.o [2]
  .text              ro code   0x800'114e    0x3a  zero_init3.o [4]
  .text              ro code   0x800'1188    0x16  strchr.o [4]
  .rodata            const     0x800'119e     0x2  xlocale_c.o [2]
  .text              ro code   0x800'11a0    0x40  xfail_s.o [2]
  .text              ro code   0x800'11e0    0x36  strlen.o [4]
  .rodata            const     0x800'1216     0x1  xlocale_c.o [2]
  .text              ro code   0x800'1218    0x58  memchr.o [4]
  .text              ro code   0x800'1270    0xa6  ABImemcpy.o [4]
  .text              ro code   0x800'1318    0x70  frexp.o [3]
  .text              ro code   0x800'1388    0x2e  DblCmpLe.o [3]
  .text              ro code   0x800'13b8    0x2e  DblCmpGe.o [3]
  .text              ro code   0x800'13e8   0x13a  ldexp.o [3]
  .text              ro code   0x800'1524    0x3a  DblToS32.o [3]
  .text              ro code   0x800'1560    0x22  S32ToDbl.o [3]
  .text              ro code   0x800'1584    0xe2  DblSub.o [3]
  .text              ro code   0x800'1668   0x246  DblDiv.o [3]
  .text              ro code   0x800'18b0    0x28  DblToU32.o [3]
  .text              ro code   0x800'18d8    0x1a  U32ToDbl.o [3]
  .text              ro code   0x800'18f4   0x1a2  DblMul.o [3]
  .text              ro code   0x800'1a98     0x8  xlocale_c.o [2]
  .text              ro code   0x800'1aa0   0x230  I64DivMod.o [4]
  .text              ro code   0x800'1cd0     0x6  abort.o [2]
  .text              ro code   0x800'1cd8   0x16a  DblAdd.o [3]
  .text              ro code   0x800'1e44     0x2  I64DivZer.o [4]
  .text              ro code   0x800'1e48    0x14  exit.o [5]
  .text              ro code   0x800'1e5c    0x7c  iarttio.o [5]
  .text              ro code   0x800'1ed8    0x3c  XShttio.o [2]
  .text              ro code   0x800'1f14   0x138  heap0.o [2]
  .text              ro code   0x800'204c    0x2c  xgetmemchunk.o [2]
  .text              ro code   0x800'2078   0x128  system_stm32f30x.o [1]
  .text              ro code   0x800'21a0    0xd8  xfspos.o [2]
  .text              ro code   0x800'2278    0xac  fflush.o [2]
  .text              ro code   0x800'2324     0xc  xfgpos.o [2]
  .text              ro code   0x800'2330    0x4a  lseek.o [5]
  .text              ro code   0x800'237a    0x10  write.o [5]
  .text              ro code   0x800'238c    0xcc  XShHandles.o [2]
  .text              ro code   0x800'2458    0x1e  dwrite.o [5]
  .text              ro code   0x800'2476    0x20  iarwstd.o [5]
  .text              ro code   0x800'2496    0x22  iarwrite.o [5]
  .text              ro code   0x800'24b8    0xb4  xfwprep.o [2]
  .text              ro code   0x800'256c    0x24  fseek.o [2]
  .text              ro code   0x800'2590    0xa8  main.o [1]
  .text              ro code   0x800'2638    0x28  printf.o [2]
  .text              ro code   0x800'2660    0x9c  xfofind.o [2]
  .text              ro code   0x800'26fc     0x4  heaptramp0.o [2]
  .text              ro code   0x800'2700    0x7e  fclose.o [2]
  .text              ro code   0x800'277e    0x18  close.o [5]
  .text              ro code   0x800'2796    0x14  remove.o [5]
  .text              ro code   0x800'27aa    0x78  lz77_init_single.o [4]
  .text              ro code   0x800'2822    0x54  fputc.o [2]
  .text              ro code   0x800'2878    0x3c  xcloseall.o [2]
  .text              ro code   0x800'28b4    0x28  data_init.o [4]
  .text              ro code   0x800'28dc    0x22  fpinit_M.o [3]
  .iar.init_table    const     0x800'2900    0x20  - Linker created -
  .text              ro code   0x800'2920    0x1e  cmain.o [4]
  .text              ro code   0x800'293e     0x4  low_level_init.o [2]
  .text              ro code   0x800'2942     0x4  exit.o [2]
  .text              ro code   0x800'2948     0xe  cexit.o [4]
  .text              ro code   0x800'2956    0x16  xprout.o [2]
  .text              ro code   0x800'296c     0xc  putchar.o [2]
  .text              ro code   0x800'2978    0x10  startup_stm32f30x.o [1]
  .text              ro code   0x800'2988     0xc  cstartup_M.o [4]
  .rodata            const     0x800'2994     0x8  main.o [1]
  .rodata            const     0x800'299c     0x8  xprintffull_nomb.o [2]
  .text              ro code   0x800'29a4     0x4  startup_stm32f30x.o [1]
  .text              ro code   0x800'29a8     0x4  startup_stm32f30x.o [1]
  .text              ro code   0x800'29ac     0x4  startup_stm32f30x.o [1]
  .text              ro code   0x800'29b0     0x4  startup_stm32f30x.o [1]
  .text              ro code   0x800'29b4     0x4  startup_stm32f30x.o [1]
  .text              ro code   0x800'29b8     0x4  startup_stm32f30x.o [1]
  .text              ro code   0x800'29bc     0x4  startup_stm32f30x.o [1]
  .text              ro code   0x800'29c0     0x4  startup_stm32f30x.o [1]
  .text              ro code   0x800'29c4     0x4  startup_stm32f30x.o [1]
  .text              ro code   0x800'29c8     0x4  startup_stm32f30x.o [1]
  .text              ro code   0x800'29cc     0x4  startup_stm32f30x.o [1]
  .text              ro code   0x800'29d0     0x4  startup_stm32f30x.o [1]
  .text              ro code   0x800'29d4     0x4  startup_stm32f30x.o [1]
  .text              ro code   0x800'29d8     0x4  startup_stm32f30x.o [1]
  .text              ro code   0x800'29dc     0x4  startup_stm32f30x.o [1]
  .text              ro code   0x800'29e0     0x4  startup_stm32f30x.o [1]
  .text              ro code   0x800'29e4     0x4  startup_stm32f30x.o [1]
  .text              ro code   0x800'29e8     0x4  startup_stm32f30x.o [1]
  .text              ro code   0x800'29ec     0x4  startup_stm32f30x.o [1]
  .text              ro code   0x800'29f0     0x4  startup_stm32f30x.o [1]
  .text              ro code   0x800'29f4     0x4  startup_stm32f30x.o [1]
  .text              ro code   0x800'29f8     0x4  startup_stm32f30x.o [1]
  .text              ro code   0x800'29fc     0x4  startup_stm32f30x.o [1]
  .text              ro code   0x800'2a00     0x4  startup_stm32f30x.o [1]
  .text              ro code   0x800'2a04     0x4  startup_stm32f30x.o [1]
  .text              ro code   0x800'2a08     0x4  startup_stm32f30x.o [1]
  .text              ro code   0x800'2a0c     0x4  startup_stm32f30x.o [1]
  .text              ro code   0x800'2a10     0x4  startup_stm32f30x.o [1]
  .text              ro code   0x800'2a14     0x4  startup_stm32f30x.o [1]
  .text              ro code   0x800'2a18     0x4  startup_stm32f30x.o [1]
  .text              ro code   0x800'2a1c     0x4  startup_stm32f30x.o [1]
  .text              ro code   0x800'2a20     0x4  startup_stm32f30x.o [1]
  .text              ro code   0x800'2a24     0x4  startup_stm32f30x.o [1]
  .text              ro code   0x800'2a28     0x4  startup_stm32f30x.o [1]
  .text              ro code   0x800'2a2c     0x4  startup_stm32f30x.o [1]
  .text              ro code   0x800'2a30     0x4  startup_stm32f30x.o [1]
  .text              ro code   0x800'2a34     0x4  startup_stm32f30x.o [1]
  .text              ro code   0x800'2a38     0x4  startup_stm32f30x.o [1]
  .text              ro code   0x800'2a3c     0x4  startup_stm32f30x.o [1]
  .text              ro code   0x800'2a40     0x4  startup_stm32f30x.o [1]
  .text              ro code   0x800'2a44     0x4  startup_stm32f30x.o [1]
  .text              ro code   0x800'2a48     0x4  startup_stm32f30x.o [1]
  .text              ro code   0x800'2a4c     0x4  startup_stm32f30x.o [1]
  .text              ro code   0x800'2a50     0x4  startup_stm32f30x.o [1]
  .text              ro code   0x800'2a54     0x4  startup_stm32f30x.o [1]
  .text              ro code   0x800'2a58     0x4  startup_stm32f30x.o [1]
  .text              ro code   0x800'2a5c     0x4  startup_stm32f30x.o [1]
  .text              ro code   0x800'2a60     0x4  startup_stm32f30x.o [1]
  .text              ro code   0x800'2a64     0x4  startup_stm32f30x.o [1]
  .text              ro code   0x800'2a68     0x4  startup_stm32f30x.o [1]
  .text              ro code   0x800'2a6c     0x4  startup_stm32f30x.o [1]
  .text              ro code   0x800'2a70     0x4  startup_stm32f30x.o [1]
  .text              ro code   0x800'2a74     0x4  startup_stm32f30x.o [1]
  .text              ro code   0x800'2a78     0x4  startup_stm32f30x.o [1]
  .text              ro code   0x800'2a7c     0x4  startup_stm32f30x.o [1]
  .text              ro code   0x800'2a80     0x4  startup_stm32f30x.o [1]
  .text              ro code   0x800'2a84     0x4  startup_stm32f30x.o [1]
  .text              ro code   0x800'2a88     0x4  startup_stm32f30x.o [1]
  .text              ro code   0x800'2a8c     0x4  startup_stm32f30x.o [1]
  .text              ro code   0x800'2a90     0x4  startup_stm32f30x.o [1]
  .text              ro code   0x800'2a94     0x4  startup_stm32f30x.o [1]
  .text              ro code   0x800'2a98     0x4  startup_stm32f30x.o [1]
  .text              ro code   0x800'2a9c     0x4  startup_stm32f30x.o [1]
  .text              ro code   0x800'2aa0     0x4  startup_stm32f30x.o [1]
  .text              ro code   0x800'2aa4     0x4  startup_stm32f30x.o [1]
  .text              ro code   0x800'2aa8     0x4  startup_stm32f30x.o [1]
  .text              ro code   0x800'2aac     0x4  startup_stm32f30x.o [1]
  .text              ro code   0x800'2ab0     0x4  startup_stm32f30x.o [1]
  .text              ro code   0x800'2ab4     0x4  startup_stm32f30x.o [1]
  .text              ro code   0x800'2ab8     0x4  startup_stm32f30x.o [1]
  .text              ro code   0x800'2abc     0x4  startup_stm32f30x.o [1]
  .text              ro code   0x800'2ac0     0x4  startup_stm32f30x.o [1]
  .text              ro code   0x800'2ac4     0x4  startup_stm32f30x.o [1]
  .text              ro code   0x800'2ac8     0x4  startup_stm32f30x.o [1]
  .text              ro code   0x800'2acc     0x0  cstart_closeall.o [4]
  .rodata            const     0x800'2acc     0x0  zero_init3.o [4]
  .rodata            const     0x800'2acc     0x0  lz77_init_single.o [4]
  Initializer bytes  const     0x800'2acc    0x69  <for P2-1>
                             - 0x800'2b35  0x29ad

"P2", part 1 of 3:                          0x138
  P2-1                        0x2000'0000   0x138  <Init block>
    .data            inited   0x2000'0000    0x38  xlocale_c.o [2]
    .data            inited   0x2000'0038    0x48  xfiles.o [2]
    .data            inited   0x2000'0080    0x48  xfiles.o [2]
    .data            inited   0x2000'00c8    0x48  xfiles.o [2]
    .data            inited   0x2000'0110    0x20  xfiles.o [2]
    .data            inited   0x2000'0130     0x8  XShttio.o [2]
                            - 0x2000'0138   0x138

"P2", part 2 of 3:                          0x138
  .bss               zero     0x2000'0138    0x80  XShHandles.o [2]
  .bss               zero     0x2000'01b8    0x50  xfiles.o [2]
  .bss               zero     0x2000'0208    0x50  xfiles.o [2]
  .bss               zero     0x2000'0258     0x8  heap0.o [2]
  .bss               zero     0x2000'0260     0x4  main.o [1]
  .bss               zero     0x2000'0264     0x4  xfail_s.o [2]
  .bss               zero     0x2000'0268     0x4  xgetmemchunk.o [2]
  .bss               zero     0x2000'026c     0x1  XShttio.o [2]
                            - 0x2000'026d   0x135

"P2", part 3 of 3:                         0x4000
  CSTACK                      0x2000'0270  0x2000  <Block>
    CSTACK           uninit   0x2000'0270  0x2000  <Block tail>
  HEAP                        0x2000'2270  0x2000  <Block>
    HEAP             uninit   0x2000'2270  0x2000  <Block tail>
                            - 0x2000'4270  0x4000

Unused ranges:

         From           To      Size
         ----           --      ----
   0x800'2b35   0x803'ffff  0x3'd4cb
  0x2000'4270  0x2000'9fff    0x5d90


*******************************************************************************
*** INIT TABLE
***

          Address      Size
          -------      ----
Zero (__iar_zero_init3)
    1 destination range, total size 0x135:
          0x2000'0138  0x135

Copy/lz77 (__iar_lz77_init_single3)
    1 source range, total size 0x69 (33% of destination):
           0x800'2acc   0x69
    1 destination range, total size 0x138:
          0x2000'0000  0x138



*******************************************************************************
*** MODULE SUMMARY
***

    Module               ro code  ro data  rw data
    ------               -------  -------  -------
command line/config:
    ----------------------------------------------
    Total:

C:\Users\hp\Dropbox\Laboratorio di Misure\WorkspaceLMM\Esami\Traccia_2018-09-20\Debug\Obj: [1]
    main.o                   168        8        4
    startup_stm32f30x.o      704
    system_stm32f30x.o       296
    ----------------------------------------------
    Total:                 1'168        8        4

dl7M_tlf.a: [2]
    XShHandles.o             204               128
    XShttio.o                 60        3        9
    abort.o                    6
    exit.o                     4
    fclose.o                 126
    fflush.o                 172
    fputc.o                   84
    fseek.o                   36
    heap0.o                  312                 8
    heaptramp0.o               4
    low_level_init.o           4
    printf.o                  40
    putchar.o                 12
    xcloseall.o               60
    xfail_s.o                 64                 4
    xfgpos.o                  12
    xfiles.o                           84      408
    xfofind.o                156
    xfspos.o                 216
    xfwprep.o                180
    xgetmemchunk.o            44                 4
    xlocale_c.o                8       21       56
    xprintffull_nomb.o     4'038        8
    xprout.o                  22
    ----------------------------------------------
    Total:                 5'864      116      617

m7M_tls.a: [3]
    DblAdd.o                 362
    DblCmpGe.o                46
    DblCmpLe.o                46
    DblDiv.o                 582
    DblMul.o                 418
    DblSub.o                 226
    DblToS32.o                58
    DblToU32.o                40
    S32ToDbl.o                34
    U32ToDbl.o                26
    fpinit_M.o                34
    frexp.o                  112
    ldexp.o                  314
    ----------------------------------------------
    Total:                 2'298

rt7M_tl.a: [4]
    ABImemcpy.o              166
    I64DivMod.o              560
    I64DivZer.o                2
    cexit.o                   14
    cmain.o                   30
    cstart_closeall.o
    cstartup_M.o              12
    data_init.o               40
    lz77_init_single.o       120
    memchr.o                  88
    strchr.o                  22
    strlen.o                  54
    zero_init3.o              58
    ----------------------------------------------
    Total:                 1'166

shb_l.a: [5]
    close.o                   24
    dwrite.o                  30
    exit.o                    20
    iarttio.o                124
    iarwrite.o                34
    iarwstd.o                 32
    lseek.o                   74
    remove.o                  20
    write.o                   16
    ----------------------------------------------
    Total:                   374

    Gaps                      33        2
    Linker created                     32   16'384
--------------------------------------------------
    Grand Total:          10'903      158   17'005


*******************************************************************************
*** ENTRY LIST
***

Entry                       Address   Size  Type      Object
-----                       -------   ----  ----      ------
.iar.init_table$$Base    0x800'2900          --   Gb  - Linker created -
.iar.init_table$$Limit   0x800'2920          --   Gb  - Linker created -
?main                    0x800'2921         Code  Gb  cmain.o [4]
Aldata                  0x2000'0258    0x8  Data  Lc  heap0.o [2]
CSTACK$$Base            0x2000'0270          --   Gb  - Linker created -
CSTACK$$Limit           0x2000'2270          --   Gb  - Linker created -
HEAP$$Base              0x2000'2270          --   Gb  - Linker created -
HEAP$$Limit             0x2000'4270          --   Gb  - Linker created -
Region$$Table$$Base      0x800'2900          --   Gb  - Linker created -
Region$$Table$$Limit     0x800'2920          --   Gb  - Linker created -
SetSysClock              0x800'20d9   0x9a  Code  Lc  system_stm32f30x.o [1]
SystemInit               0x800'2079   0x60  Code  Gb  system_stm32f30x.o [1]
TIM2_IRQHandler          0x800'25dd   0x28  Code  Gb  main.o [1]
_Close_all               0x800'2879   0x3c  Code  Gb  xcloseall.o [2]
_Files                  0x2000'0110   0x20  Data  Gb  xfiles.o [2]
_Fofree                  0x800'2661   0x96  Code  Gb  xfofind.o [2]
_Fspos                   0x800'21a1   0xd8  Code  Gb  xfspos.o [2]
_Fwprep                  0x800'24b9   0xb4  Code  Gb  xfwprep.o [2]
_LitobFullNoMb           0x800'0f49  0x10a  Code  Lc  xprintffull_nomb.o [2]
_Locale_lconv           0x2000'0000   0x38  Data  Lc  xlocale_c.o [2]
_Nnl                     0x800'2325    0xc  Code  Gb  xfgpos.o [2]
_PrintfFullNoMb          0x800'0189  0xd9c  Code  Gb  xprintffull_nomb.o [2]
_Prout                   0x800'2957   0x16  Code  Gb  xprout.o [2]
_PutcharFullNoMb         0x800'10b9   0x20  Code  Lc  xprintffull_nomb.o [2]
_PutcharsFullNoMb        0x800'10d9   0x2e  Code  Lc  xprintffull_nomb.o [2]
__aeabi_cdcmple          0x800'1389         Code  Gb  DblCmpLe.o [3]
__aeabi_cdrcmple         0x800'13b9         Code  Gb  DblCmpGe.o [3]
__aeabi_d2iz             0x800'1525         Code  Gb  DblToS32.o [3]
__aeabi_d2uiz            0x800'18b1         Code  Gb  DblToU32.o [3]
__aeabi_ddiv             0x800'1669         Code  Gb  DblDiv.o [3]
__aeabi_dmul             0x800'18f5         Code  Gb  DblMul.o [3]
__aeabi_dsub             0x800'1585         Code  Gb  DblSub.o [3]
__aeabi_i2d              0x800'1561         Code  Gb  S32ToDbl.o [3]
__aeabi_ldiv0            0x800'1e45         Code  Gb  I64DivZer.o [4]
__aeabi_memcpy           0x800'1271         Code  Gb  ABImemcpy.o [4]
__aeabi_memcpy4          0x800'1291         Code  Gb  ABImemcpy.o [4]
__aeabi_memcpy8          0x800'1291         Code  Gb  ABImemcpy.o [4]
__aeabi_ui2d             0x800'18d9         Code  Gb  U32ToDbl.o [3]
__aeabi_uldivmod         0x800'1aa1         Code  Gb  I64DivMod.o [4]
__basic_free             0x800'1fbf   0x16  Code  Gb  heap0.o [2]
__basic_free_intern      0x800'1fd5   0x74  Code  Lc  heap0.o [2]
__basic_malloc           0x800'1f15   0x18  Code  Gb  heap0.o [2]
__basic_malloc_intern    0x800'1f2d   0x92  Code  Lc  heap0.o [2]
__cexit_closeall         0x800'294b         Code  Gb  cexit.o [4]
__close                  0x800'277f   0x18  Code  Gb  close.o [5]
__cmain                  0x800'2921         Code  Gb  cmain.o [4]
__cstart_closeall        0x800'2acc         Data  Gb  cstart_closeall.o [4]
__data_GetMemChunk       0x800'204d   0x2c  Code  Gb  xgetmemchunk.o [2]
__data_GetMemChunk::start
                        0x2000'0268    0x4  Data  Lc  xgetmemchunk.o [2]
__dwrite                 0x800'2459   0x1e  Code  Gb  dwrite.o [5]
__exit                   0x800'1e49   0x14  Code  Gb  exit.o [5]
__iar_Fail_s             0x800'11a1   0x1c  Code  Gb  xfail_s.o [2]
__iar_Memchr             0x800'1219         Code  Gb  memchr.o [4]
__iar_Stderr            0x2000'00c8   0x48  Data  Gb  xfiles.o [2]
__iar_Stdin             0x2000'0038   0x48  Data  Gb  xfiles.o [2]
__iar_Stdout            0x2000'0080   0x48  Data  Gb  xfiles.o [2]
__iar_Strchr             0x800'1189         Code  Gb  strchr.o [4]
__iar_close_ttio         0x800'1e5d   0x2c  Code  Gb  iarttio.o [5]
__iar_dadd               0x800'1595         Code  Gb  DblSub.o [3]
__iar_data_init3         0x800'28b5   0x28  Code  Gb  data_init.o [4]
__iar_dsub               0x800'1cd9         Code  Gb  DblAdd.o [3]
__iar_dsubStart          0x800'1ceb         Code  Gb  DblAdd.o [3]
__iar_frexp              0x800'1325         Code  Gb  frexp.o [3]
__iar_frexpl             0x800'1325         Code  Gb  frexp.o [3]
__iar_get_ttio           0x800'1e89   0x4c  Code  Gb  iarttio.o [5]
__iar_init_vfp           0x800'28dd         Code  Gb  fpinit_M.o [3]
__iar_ldexp64            0x800'13e9         Code  Gb  ldexp.o [3]
__iar_lookup_ttioh       0x800'1f07    0x4  Code  Gb  XShttio.o [2]
__iar_lz77_init_single3
                         0x800'27ab   0x78  Code  Gb  lz77_init_single.o [4]
__iar_program_start      0x800'2989         Code  Gb  cstartup_M.o [4]
__iar_scalbln64          0x800'13e9         Code  Gb  ldexp.o [3]
__iar_scalbn64           0x800'13e9         Code  Gb  ldexp.o [3]
__iar_sh_Discard         0x800'238d   0x42  Code  Gb  XShHandles.o [2]
__iar_sh_Move            0x800'23cf   0x46  Code  Gb  XShHandles.o [2]
__iar_sh_Pos             0x800'2415   0x3e  Code  Gb  XShHandles.o [2]
__iar_sh_stdout          0x800'2477   0x20  Code  Gb  iarwstd.o [5]
__iar_sh_write           0x800'2497   0x22  Code  Gb  iarwrite.o [5]
__iar_softfp___iar_frexp64
                         0x800'1319         Code  Gb  frexp.o [3]
__iar_softfp_frexp       0x800'1319         Code  Gb  frexp.o [3]
__iar_softfp_frexpl      0x800'1319         Code  Gb  frexp.o [3]
__iar_ttio_guard_lock    0x800'1ed9   0x1e  Code  Gb  XShttio.o [2]
__iar_ttio_guard_unlock
                         0x800'1ef7   0x10  Code  Gb  XShttio.o [2]
__iar_ttio_handles      0x2000'0130    0x8  Data  Lc  XShttio.o [2]
__iar_zero_init3         0x800'114f   0x3a  Code  Gb  zero_init3.o [4]
__low_level_init         0x800'293f    0x4  Code  Gb  low_level_init.o [2]
__lseek                  0x800'2331   0x4a  Code  Gb  lseek.o [5]
__vector_table           0x800'0000         Data  Gb  startup_stm32f30x.o [1]
__write                  0x800'237b   0x10  Code  Gb  write.o [5]
_call_main               0x800'292d         Code  Gb  cmain.o [4]
_exit                    0x800'2949         Code  Gb  cexit.o [4]
_main                    0x800'293b         Code  Gb  cmain.o [4]
abort                    0x800'1cd1    0x6  Code  Gb  abort.o [2]
ebuf                    0x2000'01b8   0x50  Data  Lc  xfiles.o [2]
exit                     0x800'2943    0x4  Code  Gb  exit.o [2]
fclose                   0x800'2701   0x7e  Code  Gb  fclose.o [2]
fflush                   0x800'22ed   0x34  Code  Gb  fflush.o [2]
fflushOne                0x800'2279   0x74  Code  Lc  fflush.o [2]
fputc                    0x800'2823   0x54  Code  Gb  fputc.o [2]
free                     0x800'26fd    0x4  Code  Gb  heaptramp0.o [2]
fseek                    0x800'256d   0x24  Code  Gb  fseek.o [2]
i                       0x2000'0260    0x4  Data  Gb  main.o [1]
ldexp                    0x800'13e9         Code  Gb  ldexp.o [3]
ldexpl                   0x800'13e9         Code  Gb  ldexp.o [3]
localeconv               0x800'1a99    0x4  Code  Gb  xlocale_c.o [2]
main                     0x800'2591   0x4c  Code  Gb  main.o [1]
memchr                   0x800'1219         Code  Gb  memchr.o [4]
obuf                    0x2000'0208   0x50  Data  Lc  xfiles.o [2]
printf                   0x800'2639   0x28  Code  Gb  printf.o [2]
putchar                  0x800'296d    0xc  Code  Gb  putchar.o [2]
remove                   0x800'2797   0x14  Code  Gb  remove.o [5]
sFileInfo               0x2000'0138   0x80  Data  Lc  XShHandles.o [2]
scalbln                  0x800'13e9         Code  Gb  ldexp.o [3]
scalblnl                 0x800'13e9         Code  Gb  ldexp.o [3]
scalbn                   0x800'13e9         Code  Gb  ldexp.o [3]
scalbnl                  0x800'13e9         Code  Gb  ldexp.o [3]
scale                    0x800'1053   0x46  Code  Lc  xprintffull_nomb.o [2]
sec_hand                0x2000'0264    0x4  Data  Lc  xfail_s.o [2]
strchr                   0x800'1189         Code  Gb  strchr.o [4]
strlen                   0x800'11e1         Code  Gb  strlen.o [4]
ttio_guard              0x2000'026c    0x1  Data  Lc  XShttio.o [2]


[1] = C:\Users\hp\Dropbox\Laboratorio di Misure\WorkspaceLMM\Esami\Traccia_2018-09-20\Debug\Obj
[2] = dl7M_tlf.a
[3] = m7M_tls.a
[4] = rt7M_tl.a
[5] = shb_l.a

  10'903 bytes of readonly  code memory
     158 bytes of readonly  data memory
  17'005 bytes of readwrite data memory

Errors: none
Warnings: none
