###############################################################################
#
# IAR ELF Linker V8.40.2.214/W32 for ARM                  11/Feb/2020  09:47:44
# Copyright 2007-2019 IAR Systems AB.
#
#    Output file  =
#        C:\Users\hp\Dropbox\Laboratorio di
#        Misure\WorkspaceLMM\DACADCsinusoide\Debug\Exe\DACADCsinusoide.out
#    Map file     =
#        C:\Users\hp\Dropbox\Laboratorio di
#        Misure\WorkspaceLMM\DACADCsinusoide\Debug\List\DACADCsinusoide.map
#    Command line =
#        -f C:\Users\hp\AppData\Local\Temp\EWEBFE.tmp
#        ("C:\Users\hp\Dropbox\Laboratorio di
#        Misure\WorkspaceLMM\DACADCsinusoide\Debug\Obj\main.o"
#        "C:\Users\hp\Dropbox\Laboratorio di
#        Misure\WorkspaceLMM\DACADCsinusoide\Debug\Obj\startup_stm32f30x.o"
#        "C:\Users\hp\Dropbox\Laboratorio di
#        Misure\WorkspaceLMM\DACADCsinusoide\Debug\Obj\system_stm32f30x.o"
#        --no_out_extension -o "C:\Users\hp\Dropbox\Laboratorio di
#        Misure\WorkspaceLMM\DACADCsinusoide\Debug\Exe\DACADCsinusoide.out"
#        --redirect _Printf=_PrintfFullNoMb --redirect _Scanf=_ScanfFullNoMb
#        --map "C:\Users\hp\Dropbox\Laboratorio di
#        Misure\WorkspaceLMM\DACADCsinusoide\Debug\List\DACADCsinusoide.map"
#        --config "C:\Program Files (x86)\IAR Systems\Embedded Workbench
#        8.3\arm\config\linker\ST\stm32f303xC.icf" --semihosting --entry
#        __iar_program_start --vfe --text_out locale)
#
###############################################################################

*******************************************************************************
*** RUNTIME MODEL ATTRIBUTES
***

CppFlavor       = *
__SystemLibrary = DLib
__dlib_version  = 6


*******************************************************************************
*** HEAP SELECTION
***

The basic heap was selected because some modules are built with
size limitations (and not runtime checking), and --advanced_heap
was not specified.


*******************************************************************************
*** PLACEMENT SUMMARY
***

"A0":  place at address 0x800'0000 { ro section .intvec };
"P1":  place in [from 0x800'0000 to 0x803'ffff] { ro };
define block CSTACK with size = 8K, alignment = 8 { };
define block HEAP with size = 8K, alignment = 8 { };
"P2":  place in [from 0x2000'0000 to 0x2000'9fff] {
          rw, block CSTACK, block HEAP };
initialize by copy { rw };

No sections matched the following patterns:

  section .ccmram  in "P3"


  Section            Kind         Address    Size  Object
  -------            ----         -------    ----  ------
"A0":                                       0x188
  .intvec            ro code   0x800'0000   0x188  startup_stm32f30x.o [1]
                             - 0x800'0188   0x188

"P1":                                      0x1234
  .text              ro code   0x800'0188   0x440  cos_sin64.o [3]
  .text              ro code   0x800'05c8   0x1a2  DblMul.o [3]
  .text              ro code   0x800'076a    0x3a  zero_init3.o [4]
  .text              ro code   0x800'07a4    0x2e  DblCmpLe.o [3]
  .text              ro code   0x800'07d2    0x2e  copy_init3.o [4]
  .text              ro code   0x800'0800   0x17a  DblAdd.o [3]
  .text              ro code   0x800'097c    0x3a  DblToS32.o [3]
  .text              ro code   0x800'09b8    0x22  S32ToDbl.o [3]
  .text              ro code   0x800'09dc    0xe2  DblSub.o [3]
  .text              ro code   0x800'0ac0   0x2c8  main.o [1]
  .text              ro code   0x800'0d88    0x48  FltToDbl.o [3]
  .text              ro code   0x800'0dd0   0x246  DblDiv.o [3]
  .text              ro code   0x800'1018    0x12  math_wrappers64.o [3]
  .text              ro code   0x800'102c    0x68  DblToFlt.o [3]
  .text              ro code   0x800'1094   0x128  system_stm32f30x.o [1]
  .text              ro code   0x800'11bc    0x28  data_init.o [4]
  .text              ro code   0x800'11e4    0x22  fpinit_M.o [3]
  .iar.init_table    const     0x800'1208    0x24  - Linker created -
  .text              ro code   0x800'122c    0x1e  cmain.o [4]
  .text              ro code   0x800'124a     0x4  low_level_init.o [2]
  .text              ro code   0x800'124e     0x4  exit.o [2]
  .text              ro code   0x800'1254     0xa  cexit.o [4]
  .text              ro code   0x800'1260    0x14  exit.o [5]
  .text              ro code   0x800'1274    0x10  startup_stm32f30x.o [1]
  .text              ro code   0x800'1284     0xc  cstartup_M.o [4]
  Initializer bytes  const     0x800'1290     0x8  <for P2-1>
  .text              ro code   0x800'1298     0x4  startup_stm32f30x.o [1]
  .text              ro code   0x800'129c     0x4  startup_stm32f30x.o [1]
  .text              ro code   0x800'12a0     0x4  startup_stm32f30x.o [1]
  .text              ro code   0x800'12a4     0x4  startup_stm32f30x.o [1]
  .text              ro code   0x800'12a8     0x4  startup_stm32f30x.o [1]
  .text              ro code   0x800'12ac     0x4  startup_stm32f30x.o [1]
  .text              ro code   0x800'12b0     0x4  startup_stm32f30x.o [1]
  .text              ro code   0x800'12b4     0x4  startup_stm32f30x.o [1]
  .text              ro code   0x800'12b8     0x4  startup_stm32f30x.o [1]
  .text              ro code   0x800'12bc     0x4  startup_stm32f30x.o [1]
  .text              ro code   0x800'12c0     0x4  startup_stm32f30x.o [1]
  .text              ro code   0x800'12c4     0x4  startup_stm32f30x.o [1]
  .text              ro code   0x800'12c8     0x4  startup_stm32f30x.o [1]
  .text              ro code   0x800'12cc     0x4  startup_stm32f30x.o [1]
  .text              ro code   0x800'12d0     0x4  startup_stm32f30x.o [1]
  .text              ro code   0x800'12d4     0x4  startup_stm32f30x.o [1]
  .text              ro code   0x800'12d8     0x4  startup_stm32f30x.o [1]
  .text              ro code   0x800'12dc     0x4  startup_stm32f30x.o [1]
  .text              ro code   0x800'12e0     0x4  startup_stm32f30x.o [1]
  .text              ro code   0x800'12e4     0x4  startup_stm32f30x.o [1]
  .text              ro code   0x800'12e8     0x4  startup_stm32f30x.o [1]
  .text              ro code   0x800'12ec     0x4  startup_stm32f30x.o [1]
  .text              ro code   0x800'12f0     0x4  startup_stm32f30x.o [1]
  .text              ro code   0x800'12f4     0x4  startup_stm32f30x.o [1]
  .text              ro code   0x800'12f8     0x4  startup_stm32f30x.o [1]
  .text              ro code   0x800'12fc     0x4  startup_stm32f30x.o [1]
  .text              ro code   0x800'1300     0x4  startup_stm32f30x.o [1]
  .text              ro code   0x800'1304     0x4  startup_stm32f30x.o [1]
  .text              ro code   0x800'1308     0x4  startup_stm32f30x.o [1]
  .text              ro code   0x800'130c     0x4  startup_stm32f30x.o [1]
  .text              ro code   0x800'1310     0x4  startup_stm32f30x.o [1]
  .text              ro code   0x800'1314     0x4  startup_stm32f30x.o [1]
  .text              ro code   0x800'1318     0x4  startup_stm32f30x.o [1]
  .text              ro code   0x800'131c     0x4  startup_stm32f30x.o [1]
  .text              ro code   0x800'1320     0x4  startup_stm32f30x.o [1]
  .text              ro code   0x800'1324     0x4  startup_stm32f30x.o [1]
  .text              ro code   0x800'1328     0x4  startup_stm32f30x.o [1]
  .text              ro code   0x800'132c     0x4  startup_stm32f30x.o [1]
  .text              ro code   0x800'1330     0x4  startup_stm32f30x.o [1]
  .text              ro code   0x800'1334     0x4  startup_stm32f30x.o [1]
  .text              ro code   0x800'1338     0x4  startup_stm32f30x.o [1]
  .text              ro code   0x800'133c     0x4  startup_stm32f30x.o [1]
  .text              ro code   0x800'1340     0x4  startup_stm32f30x.o [1]
  .text              ro code   0x800'1344     0x4  startup_stm32f30x.o [1]
  .text              ro code   0x800'1348     0x4  startup_stm32f30x.o [1]
  .text              ro code   0x800'134c     0x4  startup_stm32f30x.o [1]
  .text              ro code   0x800'1350     0x4  startup_stm32f30x.o [1]
  .text              ro code   0x800'1354     0x4  startup_stm32f30x.o [1]
  .text              ro code   0x800'1358     0x4  startup_stm32f30x.o [1]
  .text              ro code   0x800'135c     0x4  startup_stm32f30x.o [1]
  .text              ro code   0x800'1360     0x4  startup_stm32f30x.o [1]
  .text              ro code   0x800'1364     0x4  startup_stm32f30x.o [1]
  .text              ro code   0x800'1368     0x4  startup_stm32f30x.o [1]
  .text              ro code   0x800'136c     0x4  startup_stm32f30x.o [1]
  .text              ro code   0x800'1370     0x4  startup_stm32f30x.o [1]
  .text              ro code   0x800'1374     0x4  startup_stm32f30x.o [1]
  .text              ro code   0x800'1378     0x4  startup_stm32f30x.o [1]
  .text              ro code   0x800'137c     0x4  startup_stm32f30x.o [1]
  .text              ro code   0x800'1380     0x4  startup_stm32f30x.o [1]
  .text              ro code   0x800'1384     0x4  startup_stm32f30x.o [1]
  .text              ro code   0x800'1388     0x4  startup_stm32f30x.o [1]
  .text              ro code   0x800'138c     0x4  startup_stm32f30x.o [1]
  .text              ro code   0x800'1390     0x4  startup_stm32f30x.o [1]
  .text              ro code   0x800'1394     0x4  startup_stm32f30x.o [1]
  .text              ro code   0x800'1398     0x4  startup_stm32f30x.o [1]
  .text              ro code   0x800'139c     0x4  startup_stm32f30x.o [1]
  .text              ro code   0x800'13a0     0x4  startup_stm32f30x.o [1]
  .text              ro code   0x800'13a4     0x4  startup_stm32f30x.o [1]
  .text              ro code   0x800'13a8     0x4  startup_stm32f30x.o [1]
  .text              ro code   0x800'13ac     0x4  startup_stm32f30x.o [1]
  .text              ro code   0x800'13b0     0x4  startup_stm32f30x.o [1]
  .text              ro code   0x800'13b4     0x4  startup_stm32f30x.o [1]
  .text              ro code   0x800'13b8     0x4  startup_stm32f30x.o [1]
  .rodata            const     0x800'13bc     0x0  zero_init3.o [4]
  .rodata            const     0x800'13bc     0x0  copy_init3.o [4]
                             - 0x800'13bc  0x1234

"P2", part 1 of 3:                            0x8
  P2-1                        0x2000'0000     0x8  <Init block>
    .data            inited   0x2000'0000     0x4  main.o [1]
    .data            inited   0x2000'0004     0x4  main.o [1]
                            - 0x2000'0008     0x8

"P2", part 2 of 3:                          0x19c
  .bss               zero     0x2000'0008    0xc8  main.o [1]
  .bss               zero     0x2000'00d0    0xc8  main.o [1]
  .bss               zero     0x2000'0198     0x4  main.o [1]
  .bss               zero     0x2000'019c     0x4  main.o [1]
  .bss               zero     0x2000'01a0     0x4  main.o [1]
                            - 0x2000'01a4   0x19c

"P2", part 3 of 3:                         0x2000
  CSTACK                      0x2000'01a8  0x2000  <Block>
    CSTACK           uninit   0x2000'01a8  0x2000  <Block tail>
                            - 0x2000'21a8  0x2000

Unused ranges:

         From           To      Size
         ----           --      ----
   0x800'13bc   0x803'ffff  0x3'ec44
  0x2000'01a4  0x2000'01a7       0x4
  0x2000'21a8  0x2000'9fff    0x7e58


*******************************************************************************
*** INIT TABLE
***

          Address      Size
          -------      ----
Zero (__iar_zero_init3)
    1 destination range, total size 0x19c:
          0x2000'0008  0x19c

Copy (__iar_copy_init3)
    1 source range, total size 0x8:
           0x800'1290    0x8
    1 destination range, total size 0x8:
          0x2000'0000    0x8



*******************************************************************************
*** MODULE SUMMARY
***

    Module               ro code  ro data  rw data
    ------               -------  -------  -------
command line/config:
    ----------------------------------------------
    Total:

C:\Users\hp\Dropbox\Laboratorio di Misure\WorkspaceLMM\DACADCsinusoide\Debug\Obj: [1]
    main.o                   712        8      420
    startup_stm32f30x.o      700
    system_stm32f30x.o       296
    ----------------------------------------------
    Total:                 1'708        8      420

dl7M_tlf.a: [2]
    exit.o                     4
    low_level_init.o           4
    ----------------------------------------------
    Total:                     8

m7M_tls.a: [3]
    DblAdd.o                 378
    DblCmpLe.o                46
    DblDiv.o                 582
    DblMul.o                 418
    DblSub.o                 226
    DblToFlt.o               104
    DblToS32.o                58
    FltToDbl.o                72
    S32ToDbl.o                34
    cos_sin64.o            1'088
    fpinit_M.o                34
    math_wrappers64.o         18
    ----------------------------------------------
    Total:                 3'058

rt7M_tl.a: [4]
    cexit.o                   10
    cmain.o                   30
    copy_init3.o              46
    cstartup_M.o              12
    data_init.o               40
    zero_init3.o              58
    ----------------------------------------------
    Total:                   196

shb_l.a: [5]
    exit.o                    20
    ----------------------------------------------
    Total:                    20

    Gaps                      16        2
    Linker created                     36    8'192
--------------------------------------------------
    Grand Total:           5'006       46    8'612


*******************************************************************************
*** ENTRY LIST
***

Entry                       Address   Size  Type      Object
-----                       -------   ----  ----      ------
.iar.init_table$$Base    0x800'1208          --   Gb  - Linker created -
.iar.init_table$$Limit   0x800'122c          --   Gb  - Linker created -
?main                    0x800'122d         Code  Gb  cmain.o [4]
ADC1_2_IRQHandler        0x800'0ce9   0x16  Code  Gb  main.o [1]
CSTACK$$Base            0x2000'01a8          --   Gb  - Linker created -
CSTACK$$Limit           0x2000'21a8          --   Gb  - Linker created -
LUT                     0x2000'0008   0xc8  Data  Gb  main.o [1]
LUT2                    0x2000'00d0   0xc8  Data  Gb  main.o [1]
Region$$Table$$Base      0x800'1208          --   Gb  - Linker created -
Region$$Table$$Limit     0x800'122c          --   Gb  - Linker created -
SetSysClock              0x800'10f5   0x9a  Code  Lc  system_stm32f30x.o [1]
SystemInit               0x800'1095   0x60  Code  Gb  system_stm32f30x.o [1]
TIM7_IRQHandler          0x800'0caf   0x3a  Code  Gb  main.o [1]
Vsin                    0x2000'0198    0x4  Data  Gb  main.o [1]
__aeabi_cdcmple          0x800'07a5         Code  Gb  DblCmpLe.o [3]
__aeabi_d2f              0x800'102d         Code  Gb  DblToFlt.o [3]
__aeabi_d2iz             0x800'097d         Code  Gb  DblToS32.o [3]
__aeabi_dadd             0x800'0801         Code  Gb  DblAdd.o [3]
__aeabi_ddiv             0x800'0dd1         Code  Gb  DblDiv.o [3]
__aeabi_dmul             0x800'05c9         Code  Gb  DblMul.o [3]
__aeabi_dsub             0x800'09dd         Code  Gb  DblSub.o [3]
__aeabi_f2d              0x800'0d89         Code  Gb  FltToDbl.o [3]
__aeabi_i2d              0x800'09b9         Code  Gb  S32ToDbl.o [3]
__cmain                  0x800'122d         Code  Gb  cmain.o [4]
__exit                   0x800'1261   0x14  Code  Gb  exit.o [5]
__iar_Sin64              0x800'0189  0x3aa  Code  Lc  cos_sin64.o [3]
__iar_copy_init3         0x800'07d3   0x2e  Code  Gb  copy_init3.o [4]
__iar_dadd               0x800'09ed         Code  Gb  DblSub.o [3]
__iar_data_init3         0x800'11bd   0x28  Code  Gb  data_init.o [4]
__iar_dsub               0x800'0811         Code  Gb  DblAdd.o [3]
__iar_dsubStart          0x800'0823         Code  Gb  DblAdd.o [3]
__iar_init_vfp           0x800'11e5         Code  Gb  fpinit_M.o [3]
__iar_program_start      0x800'1285         Code  Gb  cstartup_M.o [4]
__iar_sin64              0x800'05c5    0x4  Code  Gb  cos_sin64.o [3]
__iar_sin_medium         0x800'05c5    0x4  Code  Gb  cos_sin64.o [3]
__iar_sin_medium64       0x800'05c5    0x4  Code  Gb  cos_sin64.o [3]
__iar_sin_mediuml        0x800'05c5    0x4  Code  Gb  cos_sin64.o [3]
__iar_vfp_sin            0x800'101f    0xc  Code  Gb  math_wrappers64.o [3]
__iar_zero_init3         0x800'076b   0x3a  Code  Gb  zero_init3.o [4]
__low_level_init         0x800'124b    0x4  Code  Gb  low_level_init.o [2]
__vector_table           0x800'0000         Data  Gb  startup_stm32f30x.o [1]
_call_main               0x800'1239         Code  Gb  cmain.o [4]
_exit                    0x800'1255         Code  Gb  cexit.o [4]
_main                    0x800'1247         Code  Gb  cmain.o [4]
ampiezza                0x2000'0000    0x4  Data  Gb  main.o [1]
cont                    0x2000'019c    0x4  Data  Gb  main.o [1]
cont2                   0x2000'01a0    0x4  Data  Gb  main.o [1]
exit                     0x800'124f    0x4  Code  Gb  exit.o [2]
main                     0x800'0ac1  0x1ee  Code  Gb  main.o [1]
offset                  0x2000'0004    0x4  Data  Gb  main.o [1]
sin                      0x800'05c5    0x4  Code  Gb  cos_sin64.o [3]
sinl                     0x800'05c5    0x4  Code  Gb  cos_sin64.o [3]


[1] = C:\Users\hp\Dropbox\Laboratorio di Misure\WorkspaceLMM\DACADCsinusoide\Debug\Obj
[2] = dl7M_tlf.a
[3] = m7M_tls.a
[4] = rt7M_tl.a
[5] = shb_l.a

  5'006 bytes of readonly  code memory
     46 bytes of readonly  data memory
  8'612 bytes of readwrite data memory

Errors: none
Warnings: none
